Print.h:45:5:Print::Print()	16	static
Print.h:62:17:virtual int Print::availableForWrite()	16	static
Print.h:83:18:virtual void Print::flush()	16	static
Stream.h:63:5:Stream::Stream()	16	static
IPAddress.h:40:14:uint8_t* IPAddress::raw_address()	16	static
IPAddress.h:60:14:uint8_t& IPAddress::operator[](int)	16	static
Udp.h:45:19:virtual uint8_t UDP::beginMulticast(IPAddress, uint16_t)	24	static
Printable.h:33:7:Printable::Printable(const Printable&)	16	static
IPAddress.h:29:7:IPAddress::IPAddress(const IPAddress&)	16	static
Printable.h:33:7:Printable& Printable::operator=(const Printable&)	16	static
IPAddress.h:29:7:IPAddress& IPAddress::operator=(const IPAddress&)	16	static
Udp.h:41:7:UDP::UDP()	16	static
Ethernet.h:164:2:EthernetUDP::EthernetUDP()	16	static
w5100.h:141:15:void W5100Class::setRetransmissionTime(uint16_t)	16	static
w5100.h:142:15:void W5100Class::setRetransmissionCount(uint8_t)	16	static
w5100.h:152:18:static uint8_t W5100Class::write(uint16_t, uint8_t)	16	static
w5100.h:198:3:static void W5100Class::writeRTR(uint16_t)	24	static
w5100.h:199:3:static void W5100Class::writeRCR(uint8_t)	16	static
w5100.h:305:18:static uint8_t W5100Class::getChip()	4	static
w5100.h:332:15:static void W5100Class::setSS(uint8_t)	16	static
Ethernet.h:272:7:DhcpClass::DhcpClass()	16	static
Ethernet.cpp:30:5:static int EthernetClass::begin(uint8_t*, long unsigned int, long unsigned int)	80	static
Ethernet.cpp:58:6:static void EthernetClass::begin(uint8_t*, IPAddress)	40	static
Ethernet.cpp:67:6:static void EthernetClass::begin(uint8_t*, IPAddress, IPAddress)	56	static
Ethernet.cpp:76:6:static void EthernetClass::begin(uint8_t*, IPAddress, IPAddress, IPAddress)	72	static
Ethernet.cpp:82:6:static void EthernetClass::begin(uint8_t*, IPAddress, IPAddress, IPAddress, IPAddress)	24	static
Ethernet.cpp:100:6:static void EthernetClass::init(uint8_t)	16	static
Ethernet.cpp:105:20:static EthernetLinkStatus EthernetClass::linkStatus()	8	static
Ethernet.cpp:115:24:static EthernetHardwareStatus EthernetClass::hardwareStatus()	8	static
Ethernet.cpp:125:5:static int EthernetClass::maintain()	48	static
Ethernet.cpp:154:6:static void EthernetClass::MACAddress(uint8_t*)	16	static
Ethernet.cpp:161:11:static IPAddress EthernetClass::localIP()	16	static
Ethernet.cpp:170:11:static IPAddress EthernetClass::subnetMask()	16	static
Ethernet.cpp:179:11:static IPAddress EthernetClass::gatewayIP()	16	static
Ethernet.cpp:188:6:void EthernetClass::setMACAddress(const uint8_t*)	16	static
Ethernet.cpp:195:6:void EthernetClass::setLocalIP(IPAddress)	24	static
Ethernet.cpp:203:6:void EthernetClass::setSubnetMask(IPAddress)	24	static
Ethernet.cpp:211:6:void EthernetClass::setGatewayIP(IPAddress)	24	static
Ethernet.cpp:219:6:void EthernetClass::setRetransmissionTimeout(uint16_t)	16	static
Ethernet.cpp:227:6:void EthernetClass::setRetransmissionCount(uint8_t)	16	static
Ethernet.cpp:243:23:void __static_initialization_and_destruction_0(int, int)	24	static
Ethernet.cpp:243:23:cpp)	8	static
