Print.h:45:5:Print::Print()	16	static
Print.h:62:17:virtual int Print::availableForWrite()	16	static
Print.h:83:18:virtual void Print::flush()	16	static
Serial.cpp:14:1:HardwareSerial::HardwareSerial(int)	16	static
Serial.cpp:63:1:HardwareSerial::~HardwareSerial()	16	static
Serial.cpp:63:1:virtual HardwareSerial::~HardwareSerial()	16	static
Serial.cpp:73:6:void HardwareSerial::begin(uint32_t)	40	static
Serial.cpp:160:6:void HardwareSerial::end()	16	static
Serial.cpp:181:8:virtual size_t HardwareSerial::write(uint8_t)	16	static
Serial.cpp:196:9:uint8_t HardwareSerial::read()	16	static
Serial.cpp:206:6:void USART1_IRQHandler()	8	static
Serial.cpp:218:6:void USART2_IRQHandler()	8	static
Serial.cpp:230:6:void USART3_IRQHandler()	8	static
Serial.cpp:242:41:void __static_initialization_and_destruction_0(int, int)	16	static
Serial.cpp:242:41:cpp)	8	static
