Print.h:45:5:Print::Print()	16	static
Print.h:62:17:virtual int Print::availableForWrite()	16	static
Print.h:83:18:virtual void Print::flush()	16	static
Stream.h:63:5:Stream::Stream()	16	static
Client.h:26:7:Client::Client()	16	static
Ethernet.h:217:2:EthernetClient::EthernetClient(uint8_t)	16	static
w5100.h:305:18:static uint8_t W5100Class::getChip()	4	static
EthernetServer.cpp:28:6:virtual void EthernetServer::begin()	24	static
EthernetServer.cpp:40:16:EthernetClient EthernetServer::available()	24	static
EthernetServer.cpp:75:16:EthernetClient EthernetServer::accept()	24	static
EthernetServer.cpp:107:1:virtual EthernetServer::operator bool()	24	static
EthernetServer.cpp:156:8:virtual size_t EthernetServer::write(uint8_t)	16	static
EthernetServer.cpp:161:8:virtual size_t EthernetServer::write(const uint8_t*, size_t)	48	static
EthernetServer.cpp:179:1:void __static_initialization_and_destruction_0(int, int)	24	static
EthernetServer.cpp:179:1:cpp)	8	static
