PubSubClient.cpp:10:1:PubSubClient::PubSubClient()	16	static
PubSubClient.cpp:17:1:PubSubClient::PubSubClient(Client&)	16	static
Printable.h:33:7:Printable::Printable(const Printable&)	16	static
IPAddress.h:29:7:IPAddress::IPAddress(const IPAddress&)	16	static
PubSubClient.cpp:23:1:PubSubClient::PubSubClient(IPAddress, uint16_t, Client&)	32	static
PubSubClient.cpp:29:1:PubSubClient::PubSubClient(IPAddress, uint16_t, Client&, Stream&)	32	static
PubSubClient.cpp:35:1:PubSubClient::PubSubClient(IPAddress, uint16_t, void (*)(char*, uint8_t*, unsigned int), Client&)	32	static
PubSubClient.cpp:42:1:PubSubClient::PubSubClient(IPAddress, uint16_t, void (*)(char*, uint8_t*, unsigned int), Client&, Stream&)	32	static
PubSubClient.cpp:50:1:PubSubClient::PubSubClient(uint8_t*, uint16_t, Client&)	24	static
PubSubClient.cpp:56:1:PubSubClient::PubSubClient(uint8_t*, uint16_t, Client&, Stream&)	24	static
PubSubClient.cpp:62:1:PubSubClient::PubSubClient(uint8_t*, uint16_t, void (*)(char*, uint8_t*, unsigned int), Client&)	24	static
PubSubClient.cpp:69:1:PubSubClient::PubSubClient(uint8_t*, uint16_t, void (*)(char*, uint8_t*, unsigned int), Client&, Stream&)	24	static
PubSubClient.cpp:77:1:PubSubClient::PubSubClient(const char*, uint16_t, Client&)	24	static
PubSubClient.cpp:83:1:PubSubClient::PubSubClient(const char*, uint16_t, Client&, Stream&)	24	static
PubSubClient.cpp:89:1:PubSubClient::PubSubClient(const char*, uint16_t, void (*)(char*, uint8_t*, unsigned int), Client&)	24	static
PubSubClient.cpp:96:1:PubSubClient::PubSubClient(const char*, uint16_t, void (*)(char*, uint8_t*, unsigned int), Client&, Stream&)	24	static
PubSubClient.cpp:104:9:boolean PubSubClient::connect(const char*)	32	static
PubSubClient.cpp:108:9:boolean PubSubClient::connect(const char*, const char*, const char*)	40	static
PubSubClient.cpp:112:9:boolean PubSubClient::connect(const char*, const char*, uint8_t, boolean, const char*)	40	static
PubSubClient.cpp:116:9:boolean PubSubClient::connect(const char*, const char*, const char*, const char*, uint8_t, boolean, const char*)	80	static
PubSubClient.cpp:209:9:boolean PubSubClient::readByte(uint8_t*)	24	static
PubSubClient.cpp:222:9:boolean PubSubClient::readByte(uint8_t*, uint16_t*)	32	static
PubSubClient.cpp:232:10:uint16_t PubSubClient::readPacket(uint8_t*)	40	static
PubSubClient.cpp:288:9:boolean PubSubClient::loop()	40	static
PubSubClient.cpp:354:9:boolean PubSubClient::publish(const char*, const char*)	32	static
PubSubClient.cpp:358:9:boolean PubSubClient::publish(const char*, const char*, boolean)	32	static
PubSubClient.cpp:362:9:boolean PubSubClient::publish(const char*, const uint8_t*, unsigned int)	32	static
PubSubClient.cpp:366:9:boolean PubSubClient::publish(const char*, const uint8_t*, unsigned int, boolean)	32	static
PubSubClient.cpp:388:9:boolean PubSubClient::publish_P(const char*, const uint8_t*, unsigned int, boolean)	56	static
PubSubClient.cpp:433:9:boolean PubSubClient::write(uint8_t, uint8_t*, uint16_t)	56	static
PubSubClient.cpp:475:9:boolean PubSubClient::subscribe(const char*)	16	static
PubSubClient.cpp:479:9:boolean PubSubClient::subscribe(const char*, uint8_t)	32	static
PubSubClient.cpp:503:9:boolean PubSubClient::unsubscribe(const char*)	24	static
PubSubClient.cpp:522:6:void PubSubClient::disconnect()	16	static
PubSubClient.cpp:531:10:uint16_t PubSubClient::writeString(const char*, uint8_t*, uint16_t)	32	static
PubSubClient.cpp:545:9:boolean PubSubClient::connected()	24	static
PubSubClient.cpp:562:15:PubSubClient& PubSubClient::setServer(uint8_t*, uint16_t)	56	static
Printable.h:33:7:Printable& Printable::operator=(const Printable&)	16	static
IPAddress.h:29:7:IPAddress& IPAddress::operator=(const IPAddress&)	16	static
PubSubClient.cpp:567:15:PubSubClient& PubSubClient::setServer(IPAddress, uint16_t)	24	static
PubSubClient.cpp:574:15:PubSubClient& PubSubClient::setServer(const char*, uint16_t)	24	static
PubSubClient.cpp:580:15:PubSubClient& PubSubClient::setCallback(void (*)(char*, uint8_t*, unsigned int))	16	static
PubSubClient.cpp:585:15:PubSubClient& PubSubClient::setClient(Client&)	16	static
PubSubClient.cpp:590:15:PubSubClient& PubSubClient::setStream(Stream&)	16	static
PubSubClient.cpp:595:5:int PubSubClient::state()	16	static
PubSubClient.cpp:597:1:void __static_initialization_and_destruction_0(int, int)	24	static
PubSubClient.cpp:597:1:cpp)	8	static
