Archive member included to satisfy reference by file (symbol)

c:/program files (x86)/atollic/truestudio for stm32 9.0.1/armtools/bin/../lib/gcc/arm-atollic-eabi/6.3.1/../../../../arm-atollic-eabi/lib/armv7-m\libstdc++_nano.a(del_op.o)
                              src\SPI\SPIClass.o (operator delete(void*))
c:/program files (x86)/atollic/truestudio for stm32 9.0.1/armtools/bin/../lib/gcc/arm-atollic-eabi/6.3.1/../../../../arm-atollic-eabi/lib/armv7-m\libstdc++_nano.a(atexit_arm.o)
                              src\SPI\SPIClass.o (__aeabi_atexit)
c:/program files (x86)/atollic/truestudio for stm32 9.0.1/armtools/bin/../lib/gcc/arm-atollic-eabi/6.3.1/../../../../arm-atollic-eabi/lib/armv7-m\libstdc++_nano.a(pure.o)
                              src\Print.o (__cxa_pure_virtual)
c:/program files (x86)/atollic/truestudio for stm32 9.0.1/armtools/bin/../lib/gcc/arm-atollic-eabi/6.3.1/../../../../arm-atollic-eabi/lib/armv7-m\libstdc++_nano.a(eh_terminate.o)
                              c:/program files (x86)/atollic/truestudio for stm32 9.0.1/armtools/bin/../lib/gcc/arm-atollic-eabi/6.3.1/../../../../arm-atollic-eabi/lib/armv7-m\libstdc++_nano.a(pure.o) (std::terminate())
c:/program files (x86)/atollic/truestudio for stm32 9.0.1/armtools/bin/../lib/gcc/arm-atollic-eabi/6.3.1/../../../../arm-atollic-eabi/lib/armv7-m\libstdc++_nano.a(eh_term_handler.o)
                              c:/program files (x86)/atollic/truestudio for stm32 9.0.1/armtools/bin/../lib/gcc/arm-atollic-eabi/6.3.1/../../../../arm-atollic-eabi/lib/armv7-m\libstdc++_nano.a(eh_terminate.o) (__cxxabiv1::__terminate_handler)
c:/program files (x86)/atollic/truestudio for stm32 9.0.1/armtools/bin/../lib/gcc/arm-atollic-eabi/6.3.1/../../../../arm-atollic-eabi/lib/armv7-m\libstdc++_nano.a(eh_unex_handler.o)
                              c:/program files (x86)/atollic/truestudio for stm32 9.0.1/armtools/bin/../lib/gcc/arm-atollic-eabi/6.3.1/../../../../arm-atollic-eabi/lib/armv7-m\libstdc++_nano.a(eh_terminate.o) (__cxxabiv1::__unexpected_handler)
c:/program files (x86)/atollic/truestudio for stm32 9.0.1/armtools/bin/../lib/gcc/arm-atollic-eabi/6.3.1/../../../../arm-atollic-eabi/lib/armv7-m\libm.a(lib_a-w_sqrt.o)
                              src\AccelStepper\AccelStepper.o (sqrt)
c:/program files (x86)/atollic/truestudio for stm32 9.0.1/armtools/bin/../lib/gcc/arm-atollic-eabi/6.3.1/../../../../arm-atollic-eabi/lib/armv7-m\libm.a(lib_a-e_sqrt.o)
                              c:/program files (x86)/atollic/truestudio for stm32 9.0.1/armtools/bin/../lib/gcc/arm-atollic-eabi/6.3.1/../../../../arm-atollic-eabi/lib/armv7-m\libm.a(lib_a-w_sqrt.o) (__ieee754_sqrt)
c:/program files (x86)/atollic/truestudio for stm32 9.0.1/armtools/bin/../lib/gcc/arm-atollic-eabi/6.3.1/../../../../arm-atollic-eabi/lib/armv7-m\libm.a(lib_a-s_lib_ver.o)
                              c:/program files (x86)/atollic/truestudio for stm32 9.0.1/armtools/bin/../lib/gcc/arm-atollic-eabi/6.3.1/../../../../arm-atollic-eabi/lib/armv7-m\libm.a(lib_a-w_sqrt.o) (__fdlib_version)
c:/program files (x86)/atollic/truestudio for stm32 9.0.1/armtools/bin/../lib/gcc/arm-atollic-eabi/6.3.1/../../../../arm-atollic-eabi/lib/armv7-m\libm.a(lib_a-s_matherr.o)
                              c:/program files (x86)/atollic/truestudio for stm32 9.0.1/armtools/bin/../lib/gcc/arm-atollic-eabi/6.3.1/../../../../arm-atollic-eabi/lib/armv7-m\libm.a(lib_a-w_sqrt.o) (matherr)
c:/program files (x86)/atollic/truestudio for stm32 9.0.1/armtools/bin/../lib/gcc/arm-atollic-eabi/6.3.1/../../../../arm-atollic-eabi/lib/armv7-m\libc_nano.a(lib_a-abort.o)
                              c:/program files (x86)/atollic/truestudio for stm32 9.0.1/armtools/bin/../lib/gcc/arm-atollic-eabi/6.3.1/../../../../arm-atollic-eabi/lib/armv7-m\libstdc++_nano.a(eh_terminate.o) (abort)
c:/program files (x86)/atollic/truestudio for stm32 9.0.1/armtools/bin/../lib/gcc/arm-atollic-eabi/6.3.1/../../../../arm-atollic-eabi/lib/armv7-m\libc_nano.a(lib_a-cxa_atexit.o)
                              c:/program files (x86)/atollic/truestudio for stm32 9.0.1/armtools/bin/../lib/gcc/arm-atollic-eabi/6.3.1/../../../../arm-atollic-eabi/lib/armv7-m\libstdc++_nano.a(atexit_arm.o) (__cxa_atexit)
c:/program files (x86)/atollic/truestudio for stm32 9.0.1/armtools/bin/../lib/gcc/arm-atollic-eabi/6.3.1/../../../../arm-atollic-eabi/lib/armv7-m\libc_nano.a(lib_a-errno.o)
                              c:/program files (x86)/atollic/truestudio for stm32 9.0.1/armtools/bin/../lib/gcc/arm-atollic-eabi/6.3.1/../../../../arm-atollic-eabi/lib/armv7-m\libm.a(lib_a-w_sqrt.o) (__errno)
c:/program files (x86)/atollic/truestudio for stm32 9.0.1/armtools/bin/../lib/gcc/arm-atollic-eabi/6.3.1/../../../../arm-atollic-eabi/lib/armv7-m\libc_nano.a(lib_a-impure.o)
                              c:/program files (x86)/atollic/truestudio for stm32 9.0.1/armtools/bin/../lib/gcc/arm-atollic-eabi/6.3.1/../../../../arm-atollic-eabi/lib/armv7-m\libc_nano.a(lib_a-errno.o) (_impure_ptr)
[...]
Memory Configuration

Name             Origin             Length             Attributes
FLASH            0x08000000         0x00010000         xr
RAM              0x20000000         0x00005000         xrw
MEMORY_B1        0x60000000         0x00000000         xr
*default*        0x00000000         0xffffffff

Linker script and memory map

LOAD c:/program files (x86)/atollic/truestudio for stm32 9.0.1/armtools/bin/../lib/gcc/arm-atollic-eabi/6.3.1/armv7-m/crti.o
LOAD c:/program files (x86)/atollic/truestudio for stm32 9.0.1/armtools/bin/../lib/gcc/arm-atollic-eabi/6.3.1/armv7-m/crtbegin.o
LOAD Libraries\STM32F10x_StdPeriph_Driver\src\misc.o
LOAD Libraries\STM32F10x_StdPeriph_Driver\src\stm32f10x_adc.o
LOAD Libraries\STM32F10x_StdPeriph_Driver\src\stm32f10x_bkp.o
LOAD Libraries\STM32F10x_StdPeriph_Driver\src\stm32f10x_can.o
LOAD Libraries\STM32F10x_StdPeriph_Driver\src\stm32f10x_cec.o
LOAD Libraries\STM32F10x_StdPeriph_Driver\src\stm32f10x_crc.o
LOAD Libraries\STM32F10x_StdPeriph_Driver\src\stm32f10x_dac.o
LOAD Libraries\STM32F10x_StdPeriph_Driver\src\stm32f10x_dbgmcu.o
LOAD Libraries\STM32F10x_StdPeriph_Driver\src\stm32f10x_dma.o
LOAD Libraries\STM32F10x_StdPeriph_Driver\src\stm32f10x_exti.o
LOAD Libraries\STM32F10x_StdPeriph_Driver\src\stm32f10x_flash.o
LOAD Libraries\STM32F10x_StdPeriph_Driver\src\stm32f10x_fsmc.o
LOAD Libraries\STM32F10x_StdPeriph_Driver\src\stm32f10x_gpio.o
LOAD Libraries\STM32F10x_StdPeriph_Driver\src\stm32f10x_i2c.o
LOAD Libraries\STM32F10x_StdPeriph_Driver\src\stm32f10x_iwdg.o
LOAD Libraries\STM32F10x_StdPeriph_Driver\src\stm32f10x_pwr.o
LOAD Libraries\STM32F10x_StdPeriph_Driver\src\stm32f10x_rcc.o
LOAD Libraries\STM32F10x_StdPeriph_Driver\src\stm32f10x_rtc.o
LOAD Libraries\STM32F10x_StdPeriph_Driver\src\stm32f10x_sdio.o
LOAD Libraries\STM32F10x_StdPeriph_Driver\src\stm32f10x_spi.o
LOAD Libraries\STM32F10x_StdPeriph_Driver\src\stm32f10x_tim.o
LOAD Libraries\STM32F10x_StdPeriph_Driver\src\stm32f10x_usart.o
LOAD Libraries\STM32F10x_StdPeriph_Driver\src\stm32f10x_wwdg.o
LOAD src\AccelStepper\AccelStepper.o
LOAD src\AccelStepper\MultiStepper.o
LOAD src\GPIO\GPIO.o
LOAD src\Interrupt\Interrupt.o
LOAD src\Liquid_LCD\LiquidCrystal_I2C.o
LOAD src\Print.o
LOAD src\RFID\MFRC522.o
LOAD src\SPI\SPIClass.o
LOAD src\Serial\Serial.o
LOAD src\Wire\Wire.o
LOAD src\Wire\twi\twi.o
LOAD src\include.o
LOAD src\main.o
LOAD src\startup_stm32f10x_md.o
LOAD src\stm32f1xx_it.o
LOAD src\system_stm32f10x.o
LOAD src\tiny_printf.o
                0x00001000                malloc_getpagesize_P = 0x1000
START GROUP
LOAD c:/program files (x86)/atollic/truestudio for stm32 9.0.1/armtools/bin/../lib/gcc/arm-atollic-eabi/6.3.1/../../../../arm-atollic-eabi/lib/armv7-m\libstdc++_nano.a
LOAD c:/program files (x86)/atollic/truestudio for stm32 9.0.1/armtools/bin/../lib/gcc/arm-atollic-eabi/6.3.1/../../../../arm-atollic-eabi/lib/armv7-m\libsupc++_nano.a
END GROUP
LOAD c:/program files (x86)/atollic/truestudio for stm32 9.0.1/armtools/bin/../lib/gcc/arm-atollic-eabi/6.3.1/../../../../arm-atollic-eabi/lib/armv7-m\libstdc++_nano.a
LOAD c:/program files (x86)/atollic/truestudio for stm32 9.0.1/armtools/bin/../lib/gcc/arm-atollic-eabi/6.3.1/../../../../arm-atollic-eabi/lib/armv7-m\libm.a
LOAD c:/program files (x86)/atollic/truestudio for stm32 9.0.1/armtools/bin/../lib/gcc/arm-atollic-eabi/6.3.1/../../../../arm-atollic-eabi/lib/armv7-m\libc_nano.a
START GROUP
LOAD c:/program files (x86)/atollic/truestudio for stm32 9.0.1/armtools/bin/../lib/gcc/arm-atollic-eabi/6.3.1/armv7-m\libgcc.a
LOAD c:/program files (x86)/atollic/truestudio for stm32 9.0.1/armtools/bin/../lib/gcc/arm-atollic-eabi/6.3.1/../../../../arm-atollic-eabi/lib/armv7-m\libc_nano.a
END GROUP
START GROUP
LOAD c:/program files (x86)/atollic/truestudio for stm32 9.0.1/armtools/bin/../lib/gcc/arm-atollic-eabi/6.3.1/armv7-m\libgcc.a
LOAD c:/program files (x86)/atollic/truestudio for stm32 9.0.1/armtools/bin/../lib/gcc/arm-atollic-eabi/6.3.1/../../../../arm-atollic-eabi/lib/armv7-m\libc_nano.a
LOAD c:/program files (x86)/atollic/truestudio for stm32 9.0.1/armtools/bin/../lib/gcc/arm-atollic-eabi/6.3.1/../../../../arm-atollic-eabi/lib/armv7-m\libnosys.a
END GROUP
START GROUP
LOAD c:/program files (x86)/atollic/truestudio for stm32 9.0.1/armtools/bin/../lib/gcc/arm-atollic-eabi/6.3.1/armv7-m\libgcc.a
LOAD c:/program files (x86)/atollic/truestudio for stm32 9.0.1/armtools/bin/../lib/gcc/arm-atollic-eabi/6.3.1/../../../../arm-atollic-eabi/lib/armv7-m\libc_nano.a
LOAD c:/program files (x86)/atollic/truestudio for stm32 9.0.1/armtools/bin/../lib/gcc/arm-atollic-eabi/6.3.1/../../../../arm-atollic-eabi/lib/armv7-m\libnosys.a
END GROUP
LOAD c:/program files (x86)/atollic/truestudio for stm32 9.0.1/armtools/bin/../lib/gcc/arm-atollic-eabi/6.3.1/armv7-m/crtend.o
LOAD c:/program files (x86)/atollic/truestudio for stm32 9.0.1/armtools/bin/../lib/gcc/arm-atollic-eabi/6.3.1/armv7-m/crtn.o
                0x20005000                _estack = 0x20005000
                0x00000000                _Min_Heap_Size = 0x0
                0x00000100                _Min_Stack_Size = 0x100

.isr_vector     0x08000000      0x10c
                0x08000000                . = ALIGN (0x4)
 *(.isr_vector)
 .isr_vector    0x08000000      0x10c src\startup_stm32f10x_md.o
                0x08000000                g_pfnVectors
                0x0800010c                . = ALIGN (0x4)

.text           0x08000110     0x3924
                0x08000110                . = ALIGN (0x4)
 *(.text)
 .text          0x08000110       0x40 c:/program files (x86)/atollic/truestudio for stm32 9.0.1/armtools/bin/../lib/gcc/arm-atollic-eabi/6.3.1/armv7-m/crtbegin.o
 .text          0x08000150       0x10 c:/program files (x86)/atollic/truestudio for stm32 9.0.1/armtools/bin/../lib/gcc/arm-atollic-eabi/6.3.1/../../../../arm-atollic-eabi/lib/armv7-m\libc_nano.a(lib_a-strlen.o)
                0x08000150                strlen
 .text          0x08000160      0x370 c:/program files (x86)/atollic/truestudio for stm32 9.0.1/armtools/bin/../lib/gcc/arm-atollic-eabi/6.3.1/armv7-m\libgcc.a(_arm_addsubdf3.o)
                0x08000160                __aeabi_drsub
                0x08000168                __aeabi_dsub
                0x08000168                __subdf3
                0x0800016c                __aeabi_dadd
                0x0800016c                __adddf3
                0x080003e4                __floatunsidf
                0x080003e4                __aeabi_ui2d
                0x08000404                __floatsidf
                0x08000404                __aeabi_i2d
                0x08000428                __aeabi_f2d
                0x08000428                __extendsfdf2
                0x08000464                __floatundidf
                0x08000464                __aeabi_ul2d
                0x08000474                __floatdidf
                0x08000474                __aeabi_l2d
 .text          0x080004d0      0x424 c:/program files (x86)/atollic/truestudio for stm32 9.0.1/armtools/bin/../lib/gcc/arm-atollic-eabi/6.3.1/armv7-m\libgcc.a(_arm_muldivdf3.o)
                0x080004d0                __aeabi_dmul
                0x080004d0                __muldf3
                0x08000724                __divdf3
                0x08000724                __aeabi_ddiv
 .text          0x080008f4      0x110 c:/program files (x86)/atollic/truestudio for stm32 9.0.1/armtools/bin/../lib/gcc/arm-atollic-eabi/6.3.1/armv7-m\libgcc.a(_arm_cmpdf2.o)
                0x080008f4                __gtdf2
                0x080008f4                __gedf2
                0x080008fc                __ltdf2
                0x080008fc                __ledf2
                0x08000904                __nedf2
                0x08000904                __eqdf2
                0x08000904                __cmpdf2
                0x08000980                __aeabi_cdrcmple
                0x08000990                __aeabi_cdcmpeq
                0x08000990                __aeabi_cdcmple
                0x080009a0                __aeabi_dcmpeq
                0x080009b4                __aeabi_dcmplt
                0x080009c8                __aeabi_dcmple
                0x080009dc                __aeabi_dcmpge
                0x080009f0                __aeabi_dcmpgt
 .text          0x08000a04       0x2c c:/program files (x86)/atollic/truestudio for stm32 9.0.1/armtools/bin/../lib/gcc/arm-atollic-eabi/6.3.1/armv7-m\libgcc.a(_arm_unorddf2.o)
                0x08000a04                __unorddf2
                0x08000a04                __aeabi_dcmpun
 .text          0x08000a30       0x50 c:/program files (x86)/atollic/truestudio for stm32 9.0.1/armtools/bin/../lib/gcc/arm-atollic-eabi/6.3.1/armv7-m\libgcc.a(_arm_fixdfsi.o)
                0x08000a30                __aeabi_d2iz
                0x08000a30                __fixdfsi
 .text          0x08000a80       0xa0 c:/program files (x86)/atollic/truestudio for stm32 9.0.1/armtools/bin/../lib/gcc/arm-atollic-eabi/6.3.1/armv7-m\libgcc.a(_arm_truncdfsf2.o)
                0x08000a80                __truncdfsf2
                0x08000a80                __aeabi_d2f
 .text          0x08000b20      0x21c c:/program files (x86)/atollic/truestudio for stm32 9.0.1/armtools/bin/../lib/gcc/arm-atollic-eabi/6.3.1/armv7-m\libgcc.a(_arm_addsubsf3.o)
                0x08000b20                __aeabi_frsub
                0x08000b28                __subsf3
                0x08000b28                __aeabi_fsub
                0x08000b2c                __aeabi_fadd
                0x08000b2c                __addsf3
                0x08000c8c                __aeabi_ui2f
                0x08000c8c                __floatunsisf
                0x08000c94                __aeabi_i2f
                0x08000c94                __floatsisf
                0x08000cb0                __aeabi_ul2f
                0x08000cb0                __floatundisf
                0x08000cc0                __aeabi_l2f
                0x08000cc0                __floatdisf
 .text          0x08000d3c      0x2a0 c:/program files (x86)/atollic/truestudio for stm32 9.0.1/armtools/bin/../lib/gcc/arm-atollic-eabi/6.3.1/armv7-m\libgcc.a(_arm_muldivsf3.o)
                0x08000d3c                __mulsf3
                0x08000d3c                __aeabi_fmul
                0x08000ea4                __aeabi_fdiv
                0x08000ea4                __divsf3
 .text          0x08000fdc       0xec c:/program files (x86)/atollic/truestudio for stm32 9.0.1/armtools/bin/../lib/gcc/arm-atollic-eabi/6.3.1/armv7-m\libgcc.a(_arm_cmpsf2.o)
                0x08000fdc                __gesf2
                0x08000fdc                __gtsf2
                0x08000fe4                __lesf2
                0x08000fe4                __ltsf2
                0x08000fec                __nesf2
                0x08000fec                __eqsf2
                0x08000fec                __cmpsf2
                0x0800104c                __aeabi_cfrcmple
                0x08001054                __aeabi_cfcmpeq
                0x08001054                __aeabi_cfcmple
                0x08001064                __aeabi_fcmpeq
                0x08001078                __aeabi_fcmplt
                0x0800108c                __aeabi_fcmple
                0x080010a0                __aeabi_fcmpge
                0x080010b4                __aeabi_fcmpgt
 .text          0x080010c8       0x4c c:/program files (x86)/atollic/truestudio for stm32 9.0.1/armtools/bin/../lib/gcc/arm-atollic-eabi/6.3.1/armv7-m\libgcc.a(_arm_fixsfsi.o)
                0x080010c8                __aeabi_f2iz
                0x080010c8                __fixsfsi
 .text          0x08001114       0x40 c:/program files (x86)/atollic/truestudio for stm32 9.0.1/armtools/bin/../lib/gcc/arm-atollic-eabi/6.3.1/armv7-m\libgcc.a(_arm_fixunssfsi.o)
                0x08001114                __fixunssfsi
                0x08001114                __aeabi_f2uiz
 *(.text*)
 .text.NVIC_PriorityGroupConfig
                0x08001154       0x24 Libraries\STM32F10x_StdPeriph_Driver\src\misc.o
                0x08001154                NVIC_PriorityGroupConfig
 .text.NVIC_Init
                0x08001178       0xc4 Libraries\STM32F10x_StdPeriph_Driver\src\misc.o
                0x08001178                NVIC_Init
 .text.EXTI_GetITStatus
                0x0800123c       0x48 Libraries\STM32F10x_StdPeriph_Driver\src\stm32f10x_exti.o
                0x0800123c                EXTI_GetITStatus
 .text.EXTI_ClearITPendingBit
                0x08001284       0x1c Libraries\STM32F10x_StdPeriph_Driver\src\stm32f10x_exti.o
                0x08001284                EXTI_ClearITPendingBit
 .text.GPIO_Init
                0x080012a0      0x178 Libraries\STM32F10x_StdPeriph_Driver\src\stm32f10x_gpio.o
                0x080012a0                GPIO_Init
 .text.I2C_ReceiveData
                0x08001418       0x1a Libraries\STM32F10x_StdPeriph_Driver\src\stm32f10x_i2c.o
                0x08001418                I2C_ReceiveData
 .text.I2C_GetLastEvent
                0x08001432       0x42 Libraries\STM32F10x_StdPeriph_Driver\src\stm32f10x_i2c.o
                0x08001432                I2C_GetLastEvent
 .text.I2C_GetITStatus
                0x08001474       0x58 Libraries\STM32F10x_StdPeriph_Driver\src\stm32f10x_i2c.o
                0x08001474                I2C_GetITStatus
 .text.I2C_ClearITPendingBit
                0x080014cc       0x2c Libraries\STM32F10x_StdPeriph_Driver\src\stm32f10x_i2c.o
                0x080014cc                I2C_ClearITPendingBit
 .text.RCC_GetClocksFreq
                0x080014f8      0x160 Libraries\STM32F10x_StdPeriph_Driver\src\stm32f10x_rcc.o
                0x080014f8                RCC_GetClocksFreq
 .text.RCC_APB2PeriphClockCmd
                0x08001658       0x3c Libraries\STM32F10x_StdPeriph_Driver\src\stm32f10x_rcc.o
                0x08001658                RCC_APB2PeriphClockCmd
 .text.RCC_APB1PeriphClockCmd
                0x08001694       0x3c Libraries\STM32F10x_StdPeriph_Driver\src\stm32f10x_rcc.o
                0x08001694                RCC_APB1PeriphClockCmd
 .text.SPI_I2S_ReceiveData
                0x080016d0       0x18 Libraries\STM32F10x_StdPeriph_Driver\src\stm32f10x_spi.o
                0x080016d0                SPI_I2S_ReceiveData
 .text.SPI_I2S_GetITStatus
                0x080016e8       0x74 Libraries\STM32F10x_StdPeriph_Driver\src\stm32f10x_spi.o
                0x080016e8                SPI_I2S_GetITStatus
 .text.USART_Init
                0x0800175c      0x174 Libraries\STM32F10x_StdPeriph_Driver\src\stm32f10x_usart.o
                0x0800175c                USART_Init
 .text.USART_Cmd
                0x080018d0       0x3e Libraries\STM32F10x_StdPeriph_Driver\src\stm32f10x_usart.o
                0x080018d0                USART_Cmd
 .text.USART_ITConfig
                0x0800190e       0x8e Libraries\STM32F10x_StdPeriph_Driver\src\stm32f10x_usart.o
                0x0800190e                USART_ITConfig
 .text.USART_ReceiveData
                0x0800199c       0x1e Libraries\STM32F10x_StdPeriph_Driver\src\stm32f10x_usart.o
                0x0800199c                USART_ReceiveData
 .text.USART_GetFlagStatus
                0x080019ba       0x36 Libraries\STM32F10x_StdPeriph_Driver\src\stm32f10x_usart.o
                0x080019ba                USART_GetFlagStatus
 .text.USART_ClearFlag
                0x080019f0       0x20 Libraries\STM32F10x_StdPeriph_Driver\src\stm32f10x_usart.o
                0x080019f0                USART_ClearFlag
 .text.USART_GetITStatus
                0x08001a10       0xb4 Libraries\STM32F10x_StdPeriph_Driver\src\stm32f10x_usart.o
                0x08001a10                USART_GetITStatus
 .text._ZN12AccelStepper12distanceToGoEv
                0x08001ac4       0x1c src\AccelStepper\AccelStepper.o
                0x08001ac4                AccelStepper::distanceToGo()
 .text._ZN12AccelStepper15computeNewSpeedEv
                0x08001ae0      0x240 src\AccelStepper\AccelStepper.o
                0x08001ae0                AccelStepper::computeNewSpeed()
 .text._ZN12AccelStepperC2Ehhhhhb
                0x08001d20       0xf8 src\AccelStepper\AccelStepper.o
                0x08001d20                AccelStepper::AccelStepper(unsigned char, unsigned char, unsigned char, unsigned char, unsigned char, bool)
                0x08001d20                AccelStepper::AccelStepper(unsigned char, unsigned char, unsigned char, unsigned char, unsigned char, bool)
 .text._ZN12AccelStepper15setAccelerationEf
                0x08001e18       0xf0 src\AccelStepper\AccelStepper.o
                0x08001e18                AccelStepper::setAcceleration(float)
 .text._ZN12AccelStepper4stepEl
                0x08001f08       0xb4 src\AccelStepper\AccelStepper.o
                0x08001f08                AccelStepper::step(long)
 .text._ZN12AccelStepper13setOutputPinsEh
                0x08001fbc       0x8c src\AccelStepper\AccelStepper.o
                0x08001fbc                AccelStepper::setOutputPins(unsigned char)
 .text._ZN12AccelStepper5step0El
                0x08002048       0x34 src\AccelStepper\AccelStepper.o
                0x08002048                AccelStepper::step0(long)
 .text._ZN12AccelStepper5step1El
                0x0800207c       0x70 src\AccelStepper\AccelStepper.o
                0x0800207c                AccelStepper::step1(long)
 .text._ZN12AccelStepper5step2El
                0x080020ec       0x74 src\AccelStepper\AccelStepper.o
                0x080020ec                AccelStepper::step2(long)
 .text._ZN12AccelStepper5step3El
                0x08002160       0x68 src\AccelStepper\AccelStepper.o
                0x08002160                AccelStepper::step3(long)
 .text._ZN12AccelStepper5step4El
                0x080021c8       0x74 src\AccelStepper\AccelStepper.o
                0x080021c8                AccelStepper::step4(long)
 .text._ZN12AccelStepper5step6El
                0x0800223c       0xb0 src\AccelStepper\AccelStepper.o
                0x0800223c                AccelStepper::step6(long)
 .text._ZN12AccelStepper5step8El
                0x080022ec       0xc4 src\AccelStepper\AccelStepper.o
                0x080022ec                AccelStepper::step8(long)
 .text._ZN12AccelStepper14disableOutputsEv
                0x080023b0       0x54 src\AccelStepper\AccelStepper.o
                0x080023b0                AccelStepper::disableOutputs()
 .text._ZN12AccelStepper13enableOutputsEv
                0x08002404       0xaa src\AccelStepper\AccelStepper.o
                0x08002404                AccelStepper::enableOutputs()
 .text.getDigitalGPIO
                0x080024ae       0x22 src\GPIO\GPIO.o
                0x080024ae                getDigitalGPIO
 .text.getDigitalPin
                0x080024d0       0x1c src\GPIO\GPIO.o
                0x080024d0                getDigitalPin
 .text.pinMode  0x080024ec       0xd0 src\GPIO\GPIO.o
                0x080024ec                pinMode
 .text.digitalWrite
                0x080025bc       0x52 src\GPIO\GPIO.o
                0x080025bc                digitalWrite
 *fill*         0x0800260e        0x2 
 .text.EXTI0_IRQHandler
                0x08002610       0x24 src\Interrupt\Interrupt.o
                0x08002610                EXTI0_IRQHandler
 .text.EXTI1_IRQHandler
                0x08002634       0x24 src\Interrupt\Interrupt.o
                0x08002634                EXTI1_IRQHandler
 .text.EXTI2_IRQHandler
                0x08002658       0x24 src\Interrupt\Interrupt.o
                0x08002658                EXTI2_IRQHandler
 .text.EXTI3_IRQHandler
                0x0800267c       0x24 src\Interrupt\Interrupt.o
                0x0800267c                EXTI3_IRQHandler
 .text.EXTI4_IRQHandler
                0x080026a0       0x24 src\Interrupt\Interrupt.o
                0x080026a0                EXTI4_IRQHandler
 .text.EXTI15_10_IRQHandler
                0x080026c4       0xb4 src\Interrupt\Interrupt.o
                0x080026c4                EXTI15_10_IRQHandler
 .text.EXTI9_5_IRQHandler
                0x08002778       0x8c src\Interrupt\Interrupt.o
                0x08002778                EXTI9_5_IRQHandler
 .text._ZN5PrintC2Ev
                0x08002804       0x24 src\Liquid_LCD\LiquidCrystal_I2C.o
                0x08002804                Print::Print()
                0x08002804                Print::Print()
 .text._ZN5Print17availableForWriteEv
                0x08002828       0x14 src\Liquid_LCD\LiquidCrystal_I2C.o
                0x08002828                Print::availableForWrite()
 .text._ZN5Print5flushEv
                0x0800283c       0x12 src\Liquid_LCD\LiquidCrystal_I2C.o
                0x0800283c                Print::flush()
 .text._ZN5Print5writeEPKc
                0x0800284e       0x36 src\Print.o
                0x0800284e                Print::write(char const*)
 .text._ZN5Print5writeEPKhj
                0x08002884       0x5c src\Print.o
                0x08002884                Print::write(unsigned char const*, unsigned int)
 .text._ZN5Print5printEPKc
                0x080028e0       0x1c src\Print.o
                0x080028e0                Print::print(char const*)
 .text._ZN5Print7printlnEv
                0x080028fc       0x20 src\Print.o
                0x080028fc                Print::println()
 .text._ZN5Print7printlnEPKc
                0x0800291c       0x2c src\Print.o
                0x0800291c                Print::println(char const*)
 .text._ZN8SPIClassC2Ei
                0x08002948      0x100 src\SPI\SPIClass.o
                0x08002948                SPIClass::SPIClass(int)
                0x08002948                SPIClass::SPIClass(int)
 .text._ZN8SPIClassD2Ev
                0x08002a48       0x20 src\SPI\SPIClass.o
                0x08002a48                SPIClass::~SPIClass()
                0x08002a48                SPIClass::~SPIClass()
 .text._ZN8SPIClassD0Ev
                0x08002a68       0x1e src\SPI\SPIClass.o
                0x08002a68                SPIClass::~SPIClass()
 *fill*         0x08002a86        0x2 
 .text.SPI1_IRQHandler
                0x08002a88       0x48 src\SPI\SPIClass.o
                0x08002a88                SPI1_IRQHandler
 .text.SPI2_IRQHandler
                0x08002ad0       0x48 src\SPI\SPIClass.o
                0x08002ad0                SPI2_IRQHandler
 .text._Z41__static_initialization_and_destruction_0ii
                0x08002b18       0x40 src\SPI\SPIClass.o
 .text._GLOBAL__sub_I__ZN8SPIClassC2Ei
                0x08002b58       0x10 src\SPI\SPIClass.o
 .text._ZN14HardwareSerialC2Ei
                0x08002b68      0x104 src\Serial\Serial.o
                0x08002b68                HardwareSerial::HardwareSerial(int)
                0x08002b68                HardwareSerial::HardwareSerial(int)
 .text._ZN14HardwareSerialD2Ev
                0x08002c6c       0x20 src\Serial\Serial.o
                0x08002c6c                HardwareSerial::~HardwareSerial()
                0x08002c6c                HardwareSerial::~HardwareSerial()
 .text._ZN14HardwareSerialD0Ev
                0x08002c8c       0x1e src\Serial\Serial.o
                0x08002c8c                HardwareSerial::~HardwareSerial()
 *fill*         0x08002caa        0x2 
 .text._ZN14HardwareSerial5beginEm
                0x08002cac      0x180 src\Serial\Serial.o
                0x08002cac                HardwareSerial::begin(unsigned long)
 .text._ZN14HardwareSerial5writeEh
                0x08002e2c       0x3e src\Serial\Serial.o
                0x08002e2c                HardwareSerial::write(unsigned char)
 *fill*         0x08002e6a        0x2 
 .text.USART1_IRQHandler
                0x08002e6c       0x44 src\Serial\Serial.o
                0x08002e6c                USART1_IRQHandler
 .text.USART2_IRQHandler
                0x08002eb0       0x44 src\Serial\Serial.o
                0x08002eb0                USART2_IRQHandler
 .text.USART3_IRQHandler
                0x08002ef4       0x44 src\Serial\Serial.o
                0x08002ef4                USART3_IRQHandler
 .text._Z41__static_initialization_and_destruction_0ii
                0x08002f38       0x40 src\Serial\Serial.o
 .text._GLOBAL__sub_I__ZN14HardwareSerialC2Ei
                0x08002f78       0x10 src\Serial\Serial.o
 .text._ZN7TwoWireC2Ev
                0x08002f88       0x20 src\Wire\Wire.o
                0x08002f88                TwoWire::TwoWire()
                0x08002f88                TwoWire::TwoWire()
 .text._ZN7TwoWireD2Ev
                0x08002fa8       0x20 src\Wire\Wire.o
                0x08002fa8                TwoWire::~TwoWire()
                0x08002fa8                TwoWire::~TwoWire()
 .text._ZN7TwoWireD0Ev
                0x08002fc8       0x1e src\Wire\Wire.o
                0x08002fc8                TwoWire::~TwoWire()
 *fill*         0x08002fe6        0x2 
 .text.I2C1_EV_IRQHandler
                0x08002fe8       0xf8 src\Wire\Wire.o
                0x08002fe8                I2C1_EV_IRQHandler
 .text.I2C1_ER_IRQHandler
                0x080030e0       0x30 src\Wire\Wire.o
                0x080030e0                I2C1_ER_IRQHandler
 .text._Z41__static_initialization_and_destruction_0ii
                0x08003110       0x40 src\Wire\Wire.o
 .text._GLOBAL__sub_I__ZN7TwoWire8rxBufferE
                0x08003150       0x10 src\Wire\Wire.o
 .text.Twi_ClearFlag
                0x08003160       0x48 src\Wire\twi\twi.o
                0x08003160                Twi_ClearFlag
 .text.NVIC_SetPriority
                0x080031a8       0x54 src\include.o
 .text.SysTick_Config
                0x080031fc       0x44 src\include.o
 .text.SysTick_Init
                0x08003240       0x48 src\include.o
                0x08003240                SysTick_Init
 .text.micros   0x08003288       0x40 src\include.o
                0x08003288                micros
 .text.delay    0x080032c8       0x30 src\include.o
                0x080032c8                delay
 .text.delayMicroseconds
                0x080032f8       0x2a src\include.o
                0x080032f8                delayMicroseconds
 *fill*         0x08003322        0x2 
 .text.SysTick_Handler
                0x08003324       0x1c src\include.o
                0x08003324                SysTick_Handler
 .text.main     0x08003340       0x68 src\main.o
                0x08003340                main
 .text._Z41__static_initialization_and_destruction_0ii
                0x080033a8       0x40 src\main.o
 .text._GLOBAL__sub_I_ttt
                0x080033e8       0x10 src\main.o
 .text.Reset_Handler
                0x080033f8       0x50 src\startup_stm32f10x_md.o
                0x080033f8                Reset_Handler
 .text.Default_Handler
                0x08003448        0x2 src\startup_stm32f10x_md.o
                0x08003448                TIM1_CC_IRQHandler
                0x08003448                PVD_IRQHandler
                0x08003448                I2C2_EV_IRQHandler
                0x08003448                ADC1_2_IRQHandler
                0x08003448                TAMPER_IRQHandler
                0x08003448                DMA1_Channel4_IRQHandler
                0x08003448                RTC_IRQHandler
                0x08003448                DMA1_Channel7_IRQHandler
                0x08003448                CAN1_RX1_IRQHandler
                0x08003448                TIM4_IRQHandler
                0x08003448                DMA1_Channel6_IRQHandler
                0x08003448                TIM3_IRQHandler
                0x08003448                RCC_IRQHandler
                0x08003448                TIM1_TRG_COM_IRQHandler
                0x08003448                DMA1_Channel1_IRQHandler
                0x08003448                Default_Handler
                0x08003448                DMA1_Channel5_IRQHandler
                0x08003448                USB_LP_CAN1_RX0_IRQHandler
                0x08003448                USB_HP_CAN1_TX_IRQHandler
                0x08003448                DMA1_Channel3_IRQHandler
                0x08003448                TIM1_UP_IRQHandler
                0x08003448                WWDG_IRQHandler
                0x08003448                TIM2_IRQHandler
                0x08003448                TIM1_BRK_IRQHandler
                0x08003448                RTCAlarm_IRQHandler
                0x08003448                I2C2_ER_IRQHandler
                0x08003448                DMA1_Channel2_IRQHandler
                0x08003448                CAN1_SCE_IRQHandler
                0x08003448                FLASH_IRQHandler
                0x08003448                USBWakeUp_IRQHandler
 .text.NMI_Handler
                0x0800344a        0xc src\stm32f1xx_it.o
                0x0800344a                NMI_Handler
 .text.HardFault_Handler
                0x08003456        0x6 src\stm32f1xx_it.o
                0x08003456                HardFault_Handler
 .text.MemManage_Handler
                0x0800345c        0x6 src\stm32f1xx_it.o
                0x0800345c                MemManage_Handler
 .text.BusFault_Handler
                0x08003462        0x6 src\stm32f1xx_it.o
                0x08003462                BusFault_Handler
 .text.UsageFault_Handler
                0x08003468        0x6 src\stm32f1xx_it.o
                0x08003468                UsageFault_Handler
 .text.SVC_Handler
                0x0800346e        0xc src\stm32f1xx_it.o
                0x0800346e                SVC_Handler
 .text.DebugMon_Handler
                0x0800347a        0xc src\stm32f1xx_it.o
                0x0800347a                DebugMon_Handler
 .text.PendSV_Handler
                0x08003486        0xc src\stm32f1xx_it.o
                0x08003486                PendSV_Handler
 *fill*         0x08003492        0x2 
 .text.SystemInit
                0x08003494       0x68 src\system_stm32f10x.o
                0x08003494                SystemInit
 .text.SetSysClock
                0x080034fc        0xc src\system_stm32f10x.o
 .text.SetSysClockTo72
                0x08003508      0x100 src\system_stm32f10x.o
 .text._ZdlPv   0x08003608        0x4 c:/program files (x86)/atollic/truestudio for stm32 9.0.1/armtools/bin/../lib/gcc/arm-atollic-eabi/6.3.1/../../../../arm-atollic-eabi/lib/armv7-m\libstdc++_nano.a(del_op.o)
                0x08003608                operator delete(void*)
 .text.__aeabi_atexit
                0x0800360c        0xa c:/program files (x86)/atollic/truestudio for stm32 9.0.1/armtools/bin/../lib/gcc/arm-atollic-eabi/6.3.1/../../../../arm-atollic-eabi/lib/armv7-m\libstdc++_nano.a(atexit_arm.o)
                0x0800360c                __aeabi_atexit
 .text.__cxa_pure_virtual
                0x08003616        0x6 c:/program files (x86)/atollic/truestudio for stm32 9.0.1/armtools/bin/../lib/gcc/arm-atollic-eabi/6.3.1/../../../../arm-atollic-eabi/lib/armv7-m\libstdc++_nano.a(pure.o)
                0x08003616                __cxa_pure_virtual
 .text._ZN10__cxxabiv111__terminateEPFvvE
                0x0800361c        0x8 c:/program files (x86)/atollic/truestudio for stm32 9.0.1/armtools/bin/../lib/gcc/arm-atollic-eabi/6.3.1/../../../../arm-atollic-eabi/lib/armv7-m\libstdc++_nano.a(eh_terminate.o)
                0x0800361c                __cxxabiv1::__terminate(void (*)())
 .text._ZSt13get_terminatev
                0x08003624       0x10 c:/program files (x86)/atollic/truestudio for stm32 9.0.1/armtools/bin/../lib/gcc/arm-atollic-eabi/6.3.1/../../../../arm-atollic-eabi/lib/armv7-m\libstdc++_nano.a(eh_terminate.o)
                0x08003624                std::get_terminate()
 .text._ZSt9terminatev
                0x08003634        0xa c:/program files (x86)/atollic/truestudio for stm32 9.0.1/armtools/bin/../lib/gcc/arm-atollic-eabi/6.3.1/../../../../arm-atollic-eabi/lib/armv7-m\libstdc++_nano.a(eh_terminate.o)
                0x08003634                std::terminate()
 *fill*         0x0800363e        0x2 
 .text.sqrt     0x08003640       0xa8 c:/program files (x86)/atollic/truestudio for stm32 9.0.1/armtools/bin/../lib/gcc/arm-atollic-eabi/6.3.1/../../../../arm-atollic-eabi/lib/armv7-m\libm.a(lib_a-w_sqrt.o)
                0x08003640                sqrt
 .text.__ieee754_sqrt
                0x080036e8      0x158 c:/program files (x86)/atollic/truestudio for stm32 9.0.1/armtools/bin/../lib/gcc/arm-atollic-eabi/6.3.1/../../../../arm-atollic-eabi/lib/armv7-m\libm.a(lib_a-e_sqrt.o)
                0x080036e8                __ieee754_sqrt
 .text.matherr  0x08003840        0x4 c:/program files (x86)/atollic/truestudio for stm32 9.0.1/armtools/bin/../lib/gcc/arm-atollic-eabi/6.3.1/../../../../arm-atollic-eabi/lib/armv7-m\libm.a(lib_a-s_matherr.o)
                0x08003840                matherr
 .text.abort    0x08003844        0xe c:/program files (x86)/atollic/truestudio for stm32 9.0.1/armtools/bin/../lib/gcc/arm-atollic-eabi/6.3.1/../../../../arm-atollic-eabi/lib/armv7-m\libc_nano.a(lib_a-abort.o)
                0x08003844                abort
 *fill*         0x08003852        0x2 
 .text.__cxa_atexit
                0x08003854       0x1c c:/program files (x86)/atollic/truestudio for stm32 9.0.1/armtools/bin/../lib/gcc/arm-atollic-eabi/6.3.1/../../../../arm-atollic-eabi/lib/armv7-m\libc_nano.a(lib_a-cxa_atexit.o)
                0x08003854                __cxa_atexit
 .text.__errno  0x08003870        0xc c:/program files (x86)/atollic/truestudio for stm32 9.0.1/armtools/bin/../lib/gcc/arm-atollic-eabi/6.3.1/../../../../arm-atollic-eabi/lib/armv7-m\libc_nano.a(lib_a-errno.o)
                0x08003870                __errno
 .text.__libc_init_array
                0x0800387c       0x48 c:/program files (x86)/atollic/truestudio for stm32 9.0.1/armtools/bin/../lib/gcc/arm-atollic-eabi/6.3.1/../../../../arm-atollic-eabi/lib/armv7-m\libc_nano.a(lib_a-init.o)
                0x0800387c                __libc_init_array
 .text.free     0x080038c4       0x10 c:/program files (x86)/atollic/truestudio for stm32 9.0.1/armtools/bin/../lib/gcc/arm-atollic-eabi/6.3.1/../../../../arm-atollic-eabi/lib/armv7-m\libc_nano.a(lib_a-malloc.o)
                0x080038c4                free
 .text._free_r  0x080038d4       0x98 c:/program files (x86)/atollic/truestudio for stm32 9.0.1/armtools/bin/../lib/gcc/arm-atollic-eabi/6.3.1/../../../../arm-atollic-eabi/lib/armv7-m\libc_nano.a(lib_a-nano-freer.o)
                0x080038d4                _free_r
 .text._raise_r
                0x0800396c       0x50 c:/program files (x86)/atollic/truestudio for stm32 9.0.1/armtools/bin/../lib/gcc/arm-atollic-eabi/6.3.1/../../../../arm-atollic-eabi/lib/armv7-m\libc_nano.a(lib_a-signal.o)
                0x0800396c                _raise_r
 .text.raise    0x080039bc       0x10 c:/program files (x86)/atollic/truestudio for stm32 9.0.1/armtools/bin/../lib/gcc/arm-atollic-eabi/6.3.1/../../../../arm-atollic-eabi/lib/armv7-m\libc_nano.a(lib_a-signal.o)
                0x080039bc                raise
 .text._kill_r  0x080039cc       0x24 c:/program files (x86)/atollic/truestudio for stm32 9.0.1/armtools/bin/../lib/gcc/arm-atollic-eabi/6.3.1/../../../../arm-atollic-eabi/lib/armv7-m\libc_nano.a(lib_a-signalr.o)
                0x080039cc                _kill_r
 .text._getpid_r
                0x080039f0        0x4 c:/program files (x86)/atollic/truestudio for stm32 9.0.1/armtools/bin/../lib/gcc/arm-atollic-eabi/6.3.1/../../../../arm-atollic-eabi/lib/armv7-m\libc_nano.a(lib_a-signalr.o)
                0x080039f0                _getpid_r
 .text.__malloc_lock
                0x080039f4        0x2 c:/program files (x86)/atollic/truestudio for stm32 9.0.1/armtools/bin/../lib/gcc/arm-atollic-eabi/6.3.1/../../../../arm-atollic-eabi/lib/armv7-m\libc_nano.a(lib_a-mlock.o)
                0x080039f4                __malloc_lock
 .text.__malloc_unlock
                0x080039f6        0x2 c:/program files (x86)/atollic/truestudio for stm32 9.0.1/armtools/bin/../lib/gcc/arm-atollic-eabi/6.3.1/../../../../arm-atollic-eabi/lib/armv7-m\libc_nano.a(lib_a-mlock.o)
                0x080039f6                __malloc_unlock
 .text._getpid  0x080039f8       0x10 c:/program files (x86)/atollic/truestudio for stm32 9.0.1/armtools/bin/../lib/gcc/arm-atollic-eabi/6.3.1/../../../../arm-atollic-eabi/lib/armv7-m\libnosys.a(getpid.o)
                0x080039f8                _getpid
 .text._kill    0x08003a08       0x10 c:/program files (x86)/atollic/truestudio for stm32 9.0.1/armtools/bin/../lib/gcc/arm-atollic-eabi/6.3.1/../../../../arm-atollic-eabi/lib/armv7-m\libnosys.a(kill.o)
                0x08003a08                _kill
 .text._exit    0x08003a18        0x2 c:/program files (x86)/atollic/truestudio for stm32 9.0.1/armtools/bin/../lib/gcc/arm-atollic-eabi/6.3.1/../../../../arm-atollic-eabi/lib/armv7-m\libnosys.a(_exit.o)
                0x08003a18                _exit
 *(.glue_7)
 .glue_7        0x08003a1a        0x0 linker stubs
 *(.glue_7t)
 .glue_7t       0x08003a1a        0x0 linker stubs
 *(.eh_frame)
 *fill*         0x08003a1a        0x2 
 .eh_frame      0x08003a1c        0x0 c:/program files (x86)/atollic/truestudio for stm32 9.0.1/armtools/bin/../lib/gcc/arm-atollic-eabi/6.3.1/armv7-m/crtbegin.o
 *(.init)
 .init          0x08003a1c        0x4 c:/program files (x86)/atollic/truestudio for stm32 9.0.1/armtools/bin/../lib/gcc/arm-atollic-eabi/6.3.1/armv7-m/crti.o
                0x08003a1c                _init
 .init          0x08003a20        0x8 c:/program files (x86)/atollic/truestudio for stm32 9.0.1/armtools/bin/../lib/gcc/arm-atollic-eabi/6.3.1/armv7-m/crtn.o
 *(.fini)
 .fini          0x08003a28        0x4 c:/program files (x86)/atollic/truestudio for stm32 9.0.1/armtools/bin/../lib/gcc/arm-atollic-eabi/6.3.1/armv7-m/crti.o
                0x08003a28                _fini
 .fini          0x08003a2c        0x8 c:/program files (x86)/atollic/truestudio for stm32 9.0.1/armtools/bin/../lib/gcc/arm-atollic-eabi/6.3.1/armv7-m/crtn.o
                0x08003a34                . = ALIGN (0x4)
                0x08003a34                _etext = .

.vfp11_veneer   0x08003a34        0x0
 .vfp11_veneer  0x08003a34        0x0 linker stubs

.v4_bx          0x08003a34        0x0
 .v4_bx         0x08003a34        0x0 linker stubs

.iplt           0x08003a34        0x0
 .iplt          0x08003a34        0x0 c:/program files (x86)/atollic/truestudio for stm32 9.0.1/armtools/bin/../lib/gcc/arm-atollic-eabi/6.3.1/armv7-m/crtbegin.o

.rodata         0x08003a34       0xcc
                0x08003a34                . = ALIGN (0x4)
 *(.rodata)
 .rodata        0x08003a34       0x10 src\Print.o
 .rodata        0x08003a44       0x28 src\main.o
 *(.rodata*)
 .rodata._ZTV12AccelStepper
                0x08003a6c       0x34 src\AccelStepper\AccelStepper.o
                0x08003a6c                vtable for AccelStepper
 .rodata._ZTV5Print
                0x08003aa0       0x18 src\Print.o
                0x08003aa0                vtable for Print
 .rodata._ZTV8SPIClass
                0x08003ab8       0x10 src\SPI\SPIClass.o
                0x08003ab8                vtable for SPIClass
 .rodata._ZTV14HardwareSerial
                0x08003ac8       0x20 src\Serial\Serial.o
                0x08003ac8                vtable for HardwareSerial
 .rodata._ZTV7TwoWire
                0x08003ae8       0x10 src\Wire\Wire.o
                0x08003ae8                vtable for TwoWire
 .rodata.sqrt.str1.1
                0x08003af8        0x5 c:/program files (x86)/atollic/truestudio for stm32 9.0.1/armtools/bin/../lib/gcc/arm-atollic-eabi/6.3.1/../../../../arm-atollic-eabi/lib/armv7-m\libm.a(lib_a-w_sqrt.o)
                0x08003b00                . = ALIGN (0x4)
 *fill*         0x08003afd        0x3 

.rel.dyn        0x08003b00        0x0
 .rel.iplt      0x08003b00        0x0 c:/program files (x86)/atollic/truestudio for stm32 9.0.1/armtools/bin/../lib/gcc/arm-atollic-eabi/6.3.1/armv7-m/crtbegin.o

.ARM.extab
 *(.ARM.extab* .gnu.linkonce.armextab.*)

.ARM            0x08003b00        0x0
                0x08003b00                __exidx_start = .
 *(.ARM.exidx*)
                0x08003b00                __exidx_end = .

.preinit_array  0x08003b00        0x0
                0x08003b00                PROVIDE (__preinit_array_start, .)
 *(.preinit_array*)
                0x08003b00                PROVIDE (__preinit_array_end, .)

.init_array     0x08003b00       0x14
                0x08003b00                PROVIDE (__init_array_start, .)
 *(SORT(.init_array.*))
 *(.init_array*)
 .init_array    0x08003b00        0x4 c:/program files (x86)/atollic/truestudio for stm32 9.0.1/armtools/bin/../lib/gcc/arm-atollic-eabi/6.3.1/armv7-m/crtbegin.o
 .init_array    0x08003b04        0x4 src\SPI\SPIClass.o
 .init_array    0x08003b08        0x4 src\Serial\Serial.o
 .init_array    0x08003b0c        0x4 src\Wire\Wire.o
 .init_array    0x08003b10        0x4 src\main.o
                0x08003b14                PROVIDE (__init_array_end, .)

.fini_array     0x08003b14        0x4
                [!provide]                PROVIDE (__fini_array_start, .)
 *(SORT(.fini_array.*))
 *(.fini_array*)
 .fini_array    0x08003b14        0x4 c:/program files (x86)/atollic/truestudio for stm32 9.0.1/armtools/bin/../lib/gcc/arm-atollic-eabi/6.3.1/armv7-m/crtbegin.o
                [!provide]                PROVIDE (__fini_array_end, .)
                0x08003b18                _sidata = LOADADDR (.data)

.data           0x20000000       0x88 load address 0x08003b18
                0x20000000                . = ALIGN (0x4)
                0x20000000                _sdata = .
 *(.data)
 .data          0x20000000        0x4 c:/program files (x86)/atollic/truestudio for stm32 9.0.1/armtools/bin/../lib/gcc/arm-atollic-eabi/6.3.1/armv7-m/crtbegin.o
                0x20000000                __dso_handle
 *(.data*)
 .data.APBAHBPrescTable
                0x20000004       0x10 Libraries\STM32F10x_StdPeriph_Driver\src\stm32f10x_rcc.o
 .data.ADCPrescTable
                0x20000014        0x4 Libraries\STM32F10x_StdPeriph_Driver\src\stm32f10x_rcc.o
 .data.SystemCoreClock
                0x20000018        0x4 src\system_stm32f10x.o
                0x20000018                SystemCoreClock
 .data._ZN10__cxxabiv119__terminate_handlerE
                0x2000001c        0x4 c:/program files (x86)/atollic/truestudio for stm32 9.0.1/armtools/bin/../lib/gcc/arm-atollic-eabi/6.3.1/../../../../arm-atollic-eabi/lib/armv7-m\libstdc++_nano.a(eh_term_handler.o)
                0x2000001c                __cxxabiv1::__terminate_handler
 .data.__fdlib_version
                0x20000020        0x1 c:/program files (x86)/atollic/truestudio for stm32 9.0.1/armtools/bin/../lib/gcc/arm-atollic-eabi/6.3.1/../../../../arm-atollic-eabi/lib/armv7-m\libm.a(lib_a-s_lib_ver.o)
                0x20000020                __fdlib_version
 *fill*         0x20000021        0x3 
 .data._impure_ptr
                0x20000024        0x4 c:/program files (x86)/atollic/truestudio for stm32 9.0.1/armtools/bin/../lib/gcc/arm-atollic-eabi/6.3.1/../../../../arm-atollic-eabi/lib/armv7-m\libc_nano.a(lib_a-impure.o)
                0x20000024                _impure_ptr
 .data.impure_data
                0x20000028       0x60 c:/program files (x86)/atollic/truestudio for stm32 9.0.1/armtools/bin/../lib/gcc/arm-atollic-eabi/6.3.1/../../../../arm-atollic-eabi/lib/armv7-m\libc_nano.a(lib_a-impure.o)
                0x20000088                . = ALIGN (0x4)
                0x20000088                _edata = .

.igot.plt       0x20000088        0x0 load address 0x08003ba0
 .igot.plt      0x20000088        0x0 c:/program files (x86)/atollic/truestudio for stm32 9.0.1/armtools/bin/../lib/gcc/arm-atollic-eabi/6.3.1/armv7-m/crtbegin.o
                0x20000088                . = ALIGN (0x4)

.bss            0x20000088      0x124 load address 0x08003ba0
                0x20000088                _sbss = .
                0x20000088                __bss_start__ = _sbss
 *(.bss)
 .bss           0x20000088       0x1c c:/program files (x86)/atollic/truestudio for stm32 9.0.1/armtools/bin/../lib/gcc/arm-atollic-eabi/6.3.1/armv7-m/crtbegin.o
 *(.bss*)
 .bss.intFunc   0x200000a4       0x40 src\Interrupt\Interrupt.o
 .bss._ZL12receiveEvent
                0x200000e4        0x8 src\SPI\SPIClass.o
 .bss.SPI       0x200000ec       0x30 src\SPI\SPIClass.o
                0x200000ec                SPI
 .bss.Serial    0x2000011c       0x20 src\Serial\Serial.o
                0x2000011c                Serial
 .bss._ZL13onRequestFunc
                0x2000013c        0x4 src\Wire\Wire.o
 .bss._ZL13onReceiveFunc
                0x20000140        0x4 src\Wire\Wire.o
 .bss.status    0x20000144        0x1 src\Wire\Wire.o
                0x20000144                status
 *fill*         0x20000145        0x3 
 .bss.Wire      0x20000148        0x4 src\Wire\Wire.o
                0x20000148                Wire
 .bss.stepper   0x2000014c       0x50 src\main.o
                0x2000014c                stepper
 .bss.__malloc_free_list
                0x2000019c        0x4 c:/program files (x86)/atollic/truestudio for stm32 9.0.1/armtools/bin/../lib/gcc/arm-atollic-eabi/6.3.1/../../../../arm-atollic-eabi/lib/armv7-m\libc_nano.a(lib_a-nano-mallocr.o)
                0x2000019c                __malloc_free_list
 *(COMMON)
 COMMON         0x200001a0        0x8 src\include.o
                0x200001a0                ticker
                0x200001a4                us
 COMMON         0x200001a8        0x4 c:/program files (x86)/atollic/truestudio for stm32 9.0.1/armtools/bin/../lib/gcc/arm-atollic-eabi/6.3.1/../../../../arm-atollic-eabi/lib/armv7-m\libc_nano.a(lib_a-reent.o)
                0x200001a8                errno
                0x200001ac                . = ALIGN (0x4)
                0x200001ac                _ebss = .
                0x200001ac                __bss_end__ = _ebss

._user_heap_stack
                0x200001ac      0x100 load address 0x08003ba0
                0x200001ac                . = ALIGN (0x4)
                0x200001ac                PROVIDE (end, .)
                [!provide]                PROVIDE (_end, .)
                0x200001ac                . = (. + _Min_Heap_Size)
                0x200002ac                . = (. + _Min_Stack_Size)
 *fill*         0x200001ac      0x100 
                0x200002ac                . = ALIGN (0x4)

.memory_b1_text
 *(.mb1text)
 *(.mb1text*)
 *(.mb1rodata)
 *(.mb1rodata*)

/DISCARD/
 libc.a(*)
 libm.a(*)
 libgcc.a(*)

.ARM.attributes
                0x00000000       0x29
 *(.ARM.attributes)
 .ARM.attributes
                0x00000000       0x1d c:/program files (x86)/atollic/truestudio for stm32 9.0.1/armtools/bin/../lib/gcc/arm-atollic-eabi/6.3.1/armv7-m/crti.o
 .ARM.attributes
                0x0000001d       0x2d c:/program files (x86)/atollic/truestudio for stm32 9.0.1/armtools/bin/../lib/gcc/arm-atollic-eabi/6.3.1/armv7-m/crtbegin.o
 .ARM.attributes
                0x0000004a       0x33 Libraries\STM32F10x_StdPeriph_Driver\src\misc.o
 .ARM.attributes
                0x0000007d       0x33 Libraries\STM32F10x_StdPeriph_Driver\src\stm32f10x_exti.o
 .ARM.attributes
                0x000000b0       0x33 Libraries\STM32F10x_StdPeriph_Driver\src\stm32f10x_gpio.o
 .ARM.attributes
                0x000000e3       0x33 Libraries\STM32F10x_StdPeriph_Driver\src\stm32f10x_i2c.o
 .ARM.attributes
                0x00000116       0x33 Libraries\STM32F10x_StdPeriph_Driver\src\stm32f10x_rcc.o
 .ARM.attributes
                0x00000149       0x33 Libraries\STM32F10x_StdPeriph_Driver\src\stm32f10x_spi.o
 .ARM.attributes
                0x0000017c       0x33 Libraries\STM32F10x_StdPeriph_Driver\src\stm32f10x_usart.o
 .ARM.attributes
                0x000001af       0x33 src\AccelStepper\AccelStepper.o
 .ARM.attributes
                0x000001e2       0x33 src\GPIO\GPIO.o
 .ARM.attributes
                0x00000215       0x33 src\Interrupt\Interrupt.o
 .ARM.attributes
                0x00000248       0x33 src\Liquid_LCD\LiquidCrystal_I2C.o
 .ARM.attributes
                0x0000027b       0x33 src\Print.o
 .ARM.attributes
                0x000002ae       0x33 src\SPI\SPIClass.o
 .ARM.attributes
                0x000002e1       0x33 src\Serial\Serial.o
 .ARM.attributes
                0x00000314       0x33 src\Wire\Wire.o
 .ARM.attributes
                0x00000347       0x33 src\Wire\twi\twi.o
 .ARM.attributes
                0x0000037a       0x33 src\include.o
 .ARM.attributes
                0x000003ad       0x33 src\main.o
 .ARM.attributes
                0x000003e0       0x21 src\startup_stm32f10x_md.o
 .ARM.attributes
                0x00000401       0x33 src\stm32f1xx_it.o
 .ARM.attributes
                0x00000434       0x33 src\system_stm32f10x.o
 .ARM.attributes
                0x00000467       0x2d c:/program files (x86)/atollic/truestudio for stm32 9.0.1/armtools/bin/../lib/gcc/arm-atollic-eabi/6.3.1/../../../../arm-atollic-eabi/lib/armv7-m\libstdc++_nano.a(del_op.o)
 .ARM.attributes
                0x00000494       0x2d c:/program files (x86)/atollic/truestudio for stm32 9.0.1/armtools/bin/../lib/gcc/arm-atollic-eabi/6.3.1/../../../../arm-atollic-eabi/lib/armv7-m\libstdc++_nano.a(atexit_arm.o)
 .ARM.attributes
                0x000004c1       0x2d c:/program files (x86)/atollic/truestudio for stm32 9.0.1/armtools/bin/../lib/gcc/arm-atollic-eabi/6.3.1/../../../../arm-atollic-eabi/lib/armv7-m\libstdc++_nano.a(pure.o)
 .ARM.attributes
                0x000004ee       0x2d c:/program files (x86)/atollic/truestudio for stm32 9.0.1/armtools/bin/../lib/gcc/arm-atollic-eabi/6.3.1/../../../../arm-atollic-eabi/lib/armv7-m\libstdc++_nano.a(eh_terminate.o)
 .ARM.attributes
                0x0000051b       0x2d c:/program files (x86)/atollic/truestudio for stm32 9.0.1/armtools/bin/../lib/gcc/arm-atollic-eabi/6.3.1/../../../../arm-atollic-eabi/lib/armv7-m\libstdc++_nano.a(eh_term_handler.o)
 .ARM.attributes
                0x00000548       0x2d c:/program files (x86)/atollic/truestudio for stm32 9.0.1/armtools/bin/../lib/gcc/arm-atollic-eabi/6.3.1/../../../../arm-atollic-eabi/lib/armv7-m\libm.a(lib_a-w_sqrt.o)
 .ARM.attributes
                0x00000575       0x2d c:/program files (x86)/atollic/truestudio for stm32 9.0.1/armtools/bin/../lib/gcc/arm-atollic-eabi/6.3.1/../../../../arm-atollic-eabi/lib/armv7-m\libm.a(lib_a-e_sqrt.o)
 .ARM.attributes
                0x000005a2       0x2d c:/program files (x86)/atollic/truestudio for stm32 9.0.1/armtools/bin/../lib/gcc/arm-atollic-eabi/6.3.1/../../../../arm-atollic-eabi/lib/armv7-m\libm.a(lib_a-s_lib_ver.o)
 .ARM.attributes
                0x000005cf       0x2d c:/program files (x86)/atollic/truestudio for stm32 9.0.1/armtools/bin/../lib/gcc/arm-atollic-eabi/6.3.1/../../../../arm-atollic-eabi/lib/armv7-m\libm.a(lib_a-s_matherr.o)
 .ARM.attributes
                0x000005fc       0x2d c:/program files (x86)/atollic/truestudio for stm32 9.0.1/armtools/bin/../lib/gcc/arm-atollic-eabi/6.3.1/../../../../arm-atollic-eabi/lib/armv7-m\libc_nano.a(lib_a-abort.o)
 .ARM.attributes
                0x00000629       0x2d c:/program files (x86)/atollic/truestudio for stm32 9.0.1/armtools/bin/../lib/gcc/arm-atollic-eabi/6.3.1/../../../../arm-atollic-eabi/lib/armv7-m\libc_nano.a(lib_a-cxa_atexit.o)
 .ARM.attributes
                0x00000656       0x2d c:/program files (x86)/atollic/truestudio for stm32 9.0.1/armtools/bin/../lib/gcc/arm-atollic-eabi/6.3.1/../../../../arm-atollic-eabi/lib/armv7-m\libc_nano.a(lib_a-errno.o)
 .ARM.attributes
                0x00000683       0x2d c:/program files (x86)/atollic/truestudio for stm32 9.0.1/armtools/bin/../lib/gcc/arm-atollic-eabi/6.3.1/../../../../arm-atollic-eabi/lib/armv7-m\libc_nano.a(lib_a-impure.o)
 .ARM.attributes
                0x000006b0       0x2d c:/program files (x86)/atollic/truestudio for stm32 9.0.1/armtools/bin/../lib/gcc/arm-atollic-eabi/6.3.1/../../../../arm-atollic-eabi/lib/armv7-m\libc_nano.a(lib_a-init.o)
 .ARM.attributes
                0x000006dd       0x2d c:/program files (x86)/atollic/truestudio for stm32 9.0.1/armtools/bin/../lib/gcc/arm-atollic-eabi/6.3.1/../../../../arm-atollic-eabi/lib/armv7-m\libc_nano.a(lib_a-malloc.o)
 .ARM.attributes
                0x0000070a       0x2d c:/program files (x86)/atollic/truestudio for stm32 9.0.1/armtools/bin/../lib/gcc/arm-atollic-eabi/6.3.1/../../../../arm-atollic-eabi/lib/armv7-m\libc_nano.a(lib_a-nano-freer.o)
 .ARM.attributes
                0x00000737       0x2d c:/program files (x86)/atollic/truestudio for stm32 9.0.1/armtools/bin/../lib/gcc/arm-atollic-eabi/6.3.1/../../../../arm-atollic-eabi/lib/armv7-m\libc_nano.a(lib_a-nano-mallocr.o)
 .ARM.attributes
                0x00000764       0x2d c:/program files (x86)/atollic/truestudio for stm32 9.0.1/armtools/bin/../lib/gcc/arm-atollic-eabi/6.3.1/../../../../arm-atollic-eabi/lib/armv7-m\libc_nano.a(lib_a-signal.o)
 .ARM.attributes
                0x00000791       0x2d c:/program files (x86)/atollic/truestudio for stm32 9.0.1/armtools/bin/../lib/gcc/arm-atollic-eabi/6.3.1/../../../../arm-atollic-eabi/lib/armv7-m\libc_nano.a(lib_a-signalr.o)
 .ARM.attributes
                0x000007be       0x17 c:/program files (x86)/atollic/truestudio for stm32 9.0.1/armtools/bin/../lib/gcc/arm-atollic-eabi/6.3.1/../../../../arm-atollic-eabi/lib/armv7-m\libc_nano.a(lib_a-strlen.o)
 .ARM.attributes
                0x000007d5       0x2d c:/program files (x86)/atollic/truestudio for stm32 9.0.1/armtools/bin/../lib/gcc/arm-atollic-eabi/6.3.1/../../../../arm-atollic-eabi/lib/armv7-m\libc_nano.a(lib_a-mlock.o)
 .ARM.attributes
                0x00000802       0x2d c:/program files (x86)/atollic/truestudio for stm32 9.0.1/armtools/bin/../lib/gcc/arm-atollic-eabi/6.3.1/../../../../arm-atollic-eabi/lib/armv7-m\libc_nano.a(lib_a-reent.o)
 .ARM.attributes
                0x0000082f       0x1d c:/program files (x86)/atollic/truestudio for stm32 9.0.1/armtools/bin/../lib/gcc/arm-atollic-eabi/6.3.1/armv7-m\libgcc.a(_arm_addsubdf3.o)
 .ARM.attributes
                0x0000084c       0x1d c:/program files (x86)/atollic/truestudio for stm32 9.0.1/armtools/bin/../lib/gcc/arm-atollic-eabi/6.3.1/armv7-m\libgcc.a(_arm_muldivdf3.o)
 .ARM.attributes
                0x00000869       0x1d c:/program files (x86)/atollic/truestudio for stm32 9.0.1/armtools/bin/../lib/gcc/arm-atollic-eabi/6.3.1/armv7-m\libgcc.a(_arm_cmpdf2.o)
 .ARM.attributes
                0x00000886       0x1d c:/program files (x86)/atollic/truestudio for stm32 9.0.1/armtools/bin/../lib/gcc/arm-atollic-eabi/6.3.1/armv7-m\libgcc.a(_arm_unorddf2.o)
 .ARM.attributes
                0x000008a3       0x1d c:/program files (x86)/atollic/truestudio for stm32 9.0.1/armtools/bin/../lib/gcc/arm-atollic-eabi/6.3.1/armv7-m\libgcc.a(_arm_fixdfsi.o)
 .ARM.attributes
                0x000008c0       0x1d c:/program files (x86)/atollic/truestudio for stm32 9.0.1/armtools/bin/../lib/gcc/arm-atollic-eabi/6.3.1/armv7-m\libgcc.a(_arm_truncdfsf2.o)
 .ARM.attributes
                0x000008dd       0x1d c:/program files (x86)/atollic/truestudio for stm32 9.0.1/armtools/bin/../lib/gcc/arm-atollic-eabi/6.3.1/armv7-m\libgcc.a(_arm_addsubsf3.o)
 .ARM.attributes
                0x000008fa       0x1d c:/program files (x86)/atollic/truestudio for stm32 9.0.1/armtools/bin/../lib/gcc/arm-atollic-eabi/6.3.1/armv7-m\libgcc.a(_arm_muldivsf3.o)
 .ARM.attributes
                0x00000917       0x1d c:/program files (x86)/atollic/truestudio for stm32 9.0.1/armtools/bin/../lib/gcc/arm-atollic-eabi/6.3.1/armv7-m\libgcc.a(_arm_cmpsf2.o)
 .ARM.attributes
                0x00000934       0x1d c:/program files (x86)/atollic/truestudio for stm32 9.0.1/armtools/bin/../lib/gcc/arm-atollic-eabi/6.3.1/armv7-m\libgcc.a(_arm_fixsfsi.o)
 .ARM.attributes
                0x00000951       0x1d c:/program files (x86)/atollic/truestudio for stm32 9.0.1/armtools/bin/../lib/gcc/arm-atollic-eabi/6.3.1/armv7-m\libgcc.a(_arm_fixunssfsi.o)
 .ARM.attributes
                0x0000096e       0x2d c:/program files (x86)/atollic/truestudio for stm32 9.0.1/armtools/bin/../lib/gcc/arm-atollic-eabi/6.3.1/../../../../arm-atollic-eabi/lib/armv7-m\libnosys.a(getpid.o)
 .ARM.attributes
                0x0000099b       0x2d c:/program files (x86)/atollic/truestudio for stm32 9.0.1/armtools/bin/../lib/gcc/arm-atollic-eabi/6.3.1/../../../../arm-atollic-eabi/lib/armv7-m\libnosys.a(kill.o)
 .ARM.attributes
                0x000009c8       0x2d c:/program files (x86)/atollic/truestudio for stm32 9.0.1/armtools/bin/../lib/gcc/arm-atollic-eabi/6.3.1/../../../../arm-atollic-eabi/lib/armv7-m\libnosys.a(_exit.o)
 .ARM.attributes
                0x000009f5       0x1d c:/program files (x86)/atollic/truestudio for stm32 9.0.1/armtools/bin/../lib/gcc/arm-atollic-eabi/6.3.1/armv7-m/crtn.o
OUTPUT(GPIO.elf elf32-littlearm)

.debug_info     0x00000000    0x133fa
 .debug_info    0x00000000      0x54d Libraries\STM32F10x_StdPeriph_Driver\src\misc.o
 .debug_info    0x0000054d      0x360 Libraries\STM32F10x_StdPeriph_Driver\src\stm32f10x_exti.o
 .debug_info    0x000008ad      0x701 Libraries\STM32F10x_StdPeriph_Driver\src\stm32f10x_gpio.o
 .debug_info    0x00000fae      0xb17 Libraries\STM32F10x_StdPeriph_Driver\src\stm32f10x_i2c.o
 .debug_info    0x00001ac5      0x8b2 Libraries\STM32F10x_StdPeriph_Driver\src\stm32f10x_rcc.o
 .debug_info    0x00002377      0x906 Libraries\STM32F10x_StdPeriph_Driver\src\stm32f10x_spi.o
 .debug_info    0x00002c7d      0x9fb Libraries\STM32F10x_StdPeriph_Driver\src\stm32f10x_usart.o
 .debug_info    0x00003678     0x1d55 src\AccelStepper\AccelStepper.o
 .debug_info    0x000053cd     0x139a src\GPIO\GPIO.o
 .debug_info    0x00006767      0xe08 src\Interrupt\Interrupt.o
 .debug_info    0x0000756f     0x1a0c src\Liquid_LCD\LiquidCrystal_I2C.o
 .debug_info    0x00008f7b     0x189e src\Print.o
 .debug_info    0x0000a819     0x1ada src\SPI\SPIClass.o
 .debug_info    0x0000c2f3     0x17a5 src\Serial\Serial.o
 .debug_info    0x0000da98     0x1cf9 src\Wire\Wire.o
 .debug_info    0x0000f791      0xe9b src\Wire\twi\twi.o
 .debug_info    0x0001062c      0xfd0 src\include.o
 .debug_info    0x000115fc      0xf3b src\main.o
 .debug_info    0x00012537       0x6a src\startup_stm32f10x_md.o
 .debug_info    0x000125a1      0x9b2 src\stm32f1xx_it.o
 .debug_info    0x00012f53      0x4a7 src\system_stm32f10x.o

.debug_abbrev   0x00000000     0x3700
 .debug_abbrev  0x00000000      0x172 Libraries\STM32F10x_StdPeriph_Driver\src\misc.o
 .debug_abbrev  0x00000172      0x168 Libraries\STM32F10x_StdPeriph_Driver\src\stm32f10x_exti.o
 .debug_abbrev  0x000002da      0x1dd Libraries\STM32F10x_StdPeriph_Driver\src\stm32f10x_gpio.o
 .debug_abbrev  0x000004b7      0x191 Libraries\STM32F10x_StdPeriph_Driver\src\stm32f10x_i2c.o
 .debug_abbrev  0x00000648      0x1cf Libraries\STM32F10x_StdPeriph_Driver\src\stm32f10x_rcc.o
 .debug_abbrev  0x00000817      0x1ab Libraries\STM32F10x_StdPeriph_Driver\src\stm32f10x_spi.o
 .debug_abbrev  0x000009c2      0x18f Libraries\STM32F10x_StdPeriph_Driver\src\stm32f10x_usart.o
 .debug_abbrev  0x00000b51      0x483 src\AccelStepper\AccelStepper.o
 .debug_abbrev  0x00000fd4      0x2a4 src\GPIO\GPIO.o
 .debug_abbrev  0x00001278      0x218 src\Interrupt\Interrupt.o
 .debug_abbrev  0x00001490      0x433 src\Liquid_LCD\LiquidCrystal_I2C.o
 .debug_abbrev  0x000018c3      0x37f src\Print.o
 .debug_abbrev  0x00001c42      0x4ee src\SPI\SPIClass.o
 .debug_abbrev  0x00002130      0x4e8 src\Serial\Serial.o
 .debug_abbrev  0x00002618      0x555 src\Wire\Wire.o
 .debug_abbrev  0x00002b6d      0x282 src\Wire\twi\twi.o
 .debug_abbrev  0x00002def      0x319 src\include.o
 .debug_abbrev  0x00003108      0x2dd src\main.o
 .debug_abbrev  0x000033e5       0x12 src\startup_stm32f10x_md.o
 .debug_abbrev  0x000033f7      0x19b src\stm32f1xx_it.o
 .debug_abbrev  0x00003592      0x16e src\system_stm32f10x.o

.debug_aranges  0x00000000      0xd50
 .debug_aranges
                0x00000000       0x40 Libraries\STM32F10x_StdPeriph_Driver\src\misc.o
 .debug_aranges
                0x00000040       0x58 Libraries\STM32F10x_StdPeriph_Driver\src\stm32f10x_exti.o
 .debug_aranges
                0x00000098       0xa8 Libraries\STM32F10x_StdPeriph_Driver\src\stm32f10x_gpio.o
 .debug_aranges
                0x00000140      0x120 Libraries\STM32F10x_StdPeriph_Driver\src\stm32f10x_i2c.o
 .debug_aranges
                0x00000260      0x118 Libraries\STM32F10x_StdPeriph_Driver\src\stm32f10x_rcc.o
 .debug_aranges
                0x00000378       0xd0 Libraries\STM32F10x_StdPeriph_Driver\src\stm32f10x_spi.o
 .debug_aranges
                0x00000448      0x100 Libraries\STM32F10x_StdPeriph_Driver\src\stm32f10x_usart.o
 .debug_aranges
                0x00000548      0x138 src\AccelStepper\AccelStepper.o
 .debug_aranges
                0x00000680       0x80 src\GPIO\GPIO.o
 .debug_aranges
                0x00000700       0x58 src\Interrupt\Interrupt.o
 .debug_aranges
                0x00000758      0x120 src\Liquid_LCD\LiquidCrystal_I2C.o
 .debug_aranges
                0x00000878       0xd0 src\Print.o
 .debug_aranges
                0x00000948       0xc0 src\SPI\SPIClass.o
 .debug_aranges
                0x00000a08       0x90 src\Serial\Serial.o
 .debug_aranges
                0x00000a98       0xe0 src\Wire\Wire.o
 .debug_aranges
                0x00000b78       0x78 src\Wire\twi\twi.o
 .debug_aranges
                0x00000bf0       0x78 src\include.o
 .debug_aranges
                0x00000c68       0x30 src\main.o
 .debug_aranges
                0x00000c98       0x28 src\startup_stm32f10x_md.o
 .debug_aranges
                0x00000cc0       0x58 src\stm32f1xx_it.o
 .debug_aranges
                0x00000d18       0x38 src\system_stm32f10x.o

.debug_ranges   0x00000000      0xc20
 .debug_ranges  0x00000000       0x30 Libraries\STM32F10x_StdPeriph_Driver\src\misc.o
 .debug_ranges  0x00000030       0x48 Libraries\STM32F10x_StdPeriph_Driver\src\stm32f10x_exti.o
 .debug_ranges  0x00000078       0x98 Libraries\STM32F10x_StdPeriph_Driver\src\stm32f10x_gpio.o
 .debug_ranges  0x00000110      0x110 Libraries\STM32F10x_StdPeriph_Driver\src\stm32f10x_i2c.o
 .debug_ranges  0x00000220      0x108 Libraries\STM32F10x_StdPeriph_Driver\src\stm32f10x_rcc.o
 .debug_ranges  0x00000328       0xc0 Libraries\STM32F10x_StdPeriph_Driver\src\stm32f10x_spi.o
 .debug_ranges  0x000003e8       0xf0 Libraries\STM32F10x_StdPeriph_Driver\src\stm32f10x_usart.o
 .debug_ranges  0x000004d8      0x140 src\AccelStepper\AccelStepper.o
 .debug_ranges  0x00000618       0x70 src\GPIO\GPIO.o
 .debug_ranges  0x00000688       0x48 src\Interrupt\Interrupt.o
 .debug_ranges  0x000006d0      0x110 src\Liquid_LCD\LiquidCrystal_I2C.o
 .debug_ranges  0x000007e0       0xc0 src\Print.o
 .debug_ranges  0x000008a0       0xb0 src\SPI\SPIClass.o
 .debug_ranges  0x00000950       0x80 src\Serial\Serial.o
 .debug_ranges  0x000009d0       0xd0 src\Wire\Wire.o
 .debug_ranges  0x00000aa0       0x68 src\Wire\twi\twi.o
 .debug_ranges  0x00000b08       0x68 src\include.o
 .debug_ranges  0x00000b70       0x20 src\main.o
 .debug_ranges  0x00000b90       0x20 src\startup_stm32f10x_md.o
 .debug_ranges  0x00000bb0       0x48 src\stm32f1xx_it.o
 .debug_ranges  0x00000bf8       0x28 src\system_stm32f10x.o

.debug_line     0x00000000     0x61bb
 .debug_line    0x00000000      0x25c Libraries\STM32F10x_StdPeriph_Driver\src\misc.o
 .debug_line    0x0000025c      0x2bf Libraries\STM32F10x_StdPeriph_Driver\src\stm32f10x_exti.o
 .debug_line    0x0000051b      0x3e9 Libraries\STM32F10x_StdPeriph_Driver\src\stm32f10x_gpio.o
 .debug_line    0x00000904      0x4fe Libraries\STM32F10x_StdPeriph_Driver\src\stm32f10x_i2c.o
 .debug_line    0x00000e02      0x4e4 Libraries\STM32F10x_StdPeriph_Driver\src\stm32f10x_rcc.o
 .debug_line    0x000012e6      0x446 Libraries\STM32F10x_StdPeriph_Driver\src\stm32f10x_spi.o
 .debug_line    0x0000172c      0x4cb Libraries\STM32F10x_StdPeriph_Driver\src\stm32f10x_usart.o
 .debug_line    0x00001bf7      0x8ad src\AccelStepper\AccelStepper.o
 .debug_line    0x000024a4      0x569 src\GPIO\GPIO.o
 .debug_line    0x00002a0d      0x425 src\Interrupt\Interrupt.o
 .debug_line    0x00002e32      0x6ef src\Liquid_LCD\LiquidCrystal_I2C.o
 .debug_line    0x00003521      0x5c9 src\Print.o
 .debug_line    0x00003aea      0x6d2 src\SPI\SPIClass.o
 .debug_line    0x000041bc      0x65a src\Serial\Serial.o
 .debug_line    0x00004816      0x764 src\Wire\Wire.o
 .debug_line    0x00004f7a      0x426 src\Wire\twi\twi.o
 .debug_line    0x000053a0      0x3ae src\include.o
 .debug_line    0x0000574e      0x47e src\main.o
 .debug_line    0x00005bcc       0x7c src\startup_stm32f10x_md.o
 .debug_line    0x00005c48      0x329 src\stm32f1xx_it.o
 .debug_line    0x00005f71      0x24a src\system_stm32f10x.o

.debug_str      0x00000000     0x49c7
 .debug_str     0x00000000      0x3b3 Libraries\STM32F10x_StdPeriph_Driver\src\misc.o
                                0x421 (size before relaxing)
 .debug_str     0x000003b3      0x1d7 Libraries\STM32F10x_StdPeriph_Driver\src\stm32f10x_exti.o
                                0x3ac (size before relaxing)
 .debug_str     0x0000058a      0x348 Libraries\STM32F10x_StdPeriph_Driver\src\stm32f10x_gpio.o
                                0x57c (size before relaxing)
 .debug_str     0x000008d2      0x432 Libraries\STM32F10x_StdPeriph_Driver\src\stm32f10x_i2c.o
                                0x6c9 (size before relaxing)
 .debug_str     0x00000d04      0x3cb Libraries\STM32F10x_StdPeriph_Driver\src\stm32f10x_rcc.o
                                0x67d (size before relaxing)
 .debug_str     0x000010cf      0x34f Libraries\STM32F10x_StdPeriph_Driver\src\stm32f10x_spi.o
                                0x660 (size before relaxing)
 .debug_str     0x0000141e      0x403 Libraries\STM32F10x_StdPeriph_Driver\src\stm32f10x_usart.o
                                0x6f3 (size before relaxing)
 .debug_str     0x00001821      0xea0 src\AccelStepper\AccelStepper.o
                               0x107a (size before relaxing)
 .debug_str     0x000026c1      0x49d src\GPIO\GPIO.o
                                0xcc0 (size before relaxing)
 .debug_str     0x00002b5e      0x3b2 src\Interrupt\Interrupt.o
                                0xccb (size before relaxing)
 .debug_str     0x00002f10      0x862 src\Liquid_LCD\LiquidCrystal_I2C.o
                               0x1035 (size before relaxing)
 .debug_str     0x00003772      0x2dd src\Print.o
                                0xaa1 (size before relaxing)
 .debug_str     0x00003a4f      0x4b5 src\SPI\SPIClass.o
                               0x129b (size before relaxing)
 .debug_str     0x00003f04      0x24a src\Serial\Serial.o
                               0x113f (size before relaxing)
 .debug_str     0x0000414e      0x552 src\Wire\Wire.o
                               0x1461 (size before relaxing)
 .debug_str     0x000046a0       0xd3 src\Wire\twi\twi.o
                                0x96e (size before relaxing)
 .debug_str     0x00004773       0xef src\include.o
                                0xaee (size before relaxing)
 .debug_str     0x00004862       0x54 src\main.o
                                0x894 (size before relaxing)
 .debug_str     0x000048b6       0x96 src\stm32f1xx_it.o
                                0x6d7 (size before relaxing)
 .debug_str     0x0000494c       0x7b src\system_stm32f10x.o
                                0x31e (size before relaxing)

.comment        0x00000000       0x7c
 .comment       0x00000000       0x7c Libraries\STM32F10x_StdPeriph_Driver\src\misc.o
                                 0x7d (size before relaxing)
 .comment       0x0000007c       0x7d Libraries\STM32F10x_StdPeriph_Driver\src\stm32f10x_exti.o
 .comment       0x0000007c       0x7d Libraries\STM32F10x_StdPeriph_Driver\src\stm32f10x_gpio.o
 .comment       0x0000007c       0x7d Libraries\STM32F10x_StdPeriph_Driver\src\stm32f10x_i2c.o
 .comment       0x0000007c       0x7d Libraries\STM32F10x_StdPeriph_Driver\src\stm32f10x_rcc.o
 .comment       0x0000007c       0x7d Libraries\STM32F10x_StdPeriph_Driver\src\stm32f10x_spi.o
 .comment       0x0000007c       0x7d Libraries\STM32F10x_StdPeriph_Driver\src\stm32f10x_usart.o
 .comment       0x0000007c       0x7d src\AccelStepper\AccelStepper.o
 .comment       0x0000007c       0x7d src\GPIO\GPIO.o
 .comment       0x0000007c       0x7d src\Interrupt\Interrupt.o
 .comment       0x0000007c       0x7d src\Liquid_LCD\LiquidCrystal_I2C.o
 .comment       0x0000007c       0x7d src\Print.o
 .comment       0x0000007c       0x7d src\SPI\SPIClass.o
 .comment       0x0000007c       0x7d src\Serial\Serial.o
 .comment       0x0000007c       0x7d src\Wire\Wire.o
 .comment       0x0000007c       0x7d src\Wire\twi\twi.o
 .comment       0x0000007c       0x7d src\include.o
 .comment       0x0000007c       0x7d src\main.o
 .comment       0x0000007c       0x7d src\stm32f1xx_it.o
 .comment       0x0000007c       0x7d src\system_stm32f10x.o

.debug_frame    0x00000000     0x3ea4
 .debug_frame   0x00000000       0xd8 Libraries\STM32F10x_StdPeriph_Driver\src\misc.o
 .debug_frame   0x000000d8      0x148 Libraries\STM32F10x_StdPeriph_Driver\src\stm32f10x_exti.o
 .debug_frame   0x00000220      0x2d0 Libraries\STM32F10x_StdPeriph_Driver\src\stm32f10x_gpio.o
 .debug_frame   0x000004f0      0x530 Libraries\STM32F10x_StdPeriph_Driver\src\stm32f10x_i2c.o
 .debug_frame   0x00000a20      0x4f4 Libraries\STM32F10x_StdPeriph_Driver\src\stm32f10x_rcc.o
 .debug_frame   0x00000f14      0x3a0 Libraries\STM32F10x_StdPeriph_Driver\src\stm32f10x_spi.o
 .debug_frame   0x000012b4      0x490 Libraries\STM32F10x_StdPeriph_Driver\src\stm32f10x_usart.o
 .debug_frame   0x00001744      0x560 src\AccelStepper\AccelStepper.o
 .debug_frame   0x00001ca4      0x1ec src\GPIO\GPIO.o
 .debug_frame   0x00001e90       0xf8 src\Interrupt\Interrupt.o
 .debug_frame   0x00001f88      0x4c8 src\Liquid_LCD\LiquidCrystal_I2C.o
 .debug_frame   0x00002450      0x360 src\Print.o
 .debug_frame   0x000027b0      0x304 src\SPI\SPIClass.o
 .debug_frame   0x00002ab4      0x220 src\Serial\Serial.o
 .debug_frame   0x00002cd4      0x39c src\Wire\Wire.o
 .debug_frame   0x00003070      0x1e8 src\Wire\twi\twi.o
 .debug_frame   0x00003258      0x1b8 src\include.o
 .debug_frame   0x00003410       0x6c src\main.o
 .debug_frame   0x0000347c       0xf0 src\stm32f1xx_it.o
 .debug_frame   0x0000356c       0x98 src\system_stm32f10x.o
 .debug_frame   0x00003604       0x20 c:/program files (x86)/atollic/truestudio for stm32 9.0.1/armtools/bin/../lib/gcc/arm-atollic-eabi/6.3.1/../../../../arm-atollic-eabi/lib/armv7-m\libstdc++_nano.a(del_op.o)
 .debug_frame   0x00003624       0x20 c:/program files (x86)/atollic/truestudio for stm32 9.0.1/armtools/bin/../lib/gcc/arm-atollic-eabi/6.3.1/../../../../arm-atollic-eabi/lib/armv7-m\libstdc++_nano.a(atexit_arm.o)
 .debug_frame   0x00003644       0x40 c:/program files (x86)/atollic/truestudio for stm32 9.0.1/armtools/bin/../lib/gcc/arm-atollic-eabi/6.3.1/../../../../arm-atollic-eabi/lib/armv7-m\libstdc++_nano.a(pure.o)
 .debug_frame   0x00003684       0xb0 c:/program files (x86)/atollic/truestudio for stm32 9.0.1/armtools/bin/../lib/gcc/arm-atollic-eabi/6.3.1/../../../../arm-atollic-eabi/lib/armv7-m\libstdc++_nano.a(eh_terminate.o)
 .debug_frame   0x00003734       0x40 c:/program files (x86)/atollic/truestudio for stm32 9.0.1/armtools/bin/../lib/gcc/arm-atollic-eabi/6.3.1/../../../../arm-atollic-eabi/lib/armv7-m\libm.a(lib_a-w_sqrt.o)
 .debug_frame   0x00003774       0x30 c:/program files (x86)/atollic/truestudio for stm32 9.0.1/armtools/bin/../lib/gcc/arm-atollic-eabi/6.3.1/../../../../arm-atollic-eabi/lib/armv7-m\libm.a(lib_a-e_sqrt.o)
 .debug_frame   0x000037a4       0x20 c:/program files (x86)/atollic/truestudio for stm32 9.0.1/armtools/bin/../lib/gcc/arm-atollic-eabi/6.3.1/../../../../arm-atollic-eabi/lib/armv7-m\libm.a(lib_a-s_matherr.o)
 .debug_frame   0x000037c4       0x28 c:/program files (x86)/atollic/truestudio for stm32 9.0.1/armtools/bin/../lib/gcc/arm-atollic-eabi/6.3.1/../../../../arm-atollic-eabi/lib/armv7-m\libc_nano.a(lib_a-abort.o)
 .debug_frame   0x000037ec       0x28 c:/program files (x86)/atollic/truestudio for stm32 9.0.1/armtools/bin/../lib/gcc/arm-atollic-eabi/6.3.1/../../../../arm-atollic-eabi/lib/armv7-m\libc_nano.a(lib_a-cxa_atexit.o)
 .debug_frame   0x00003814       0x20 c:/program files (x86)/atollic/truestudio for stm32 9.0.1/armtools/bin/../lib/gcc/arm-atollic-eabi/6.3.1/../../../../arm-atollic-eabi/lib/armv7-m\libc_nano.a(lib_a-errno.o)
 .debug_frame   0x00003834       0x2c c:/program files (x86)/atollic/truestudio for stm32 9.0.1/armtools/bin/../lib/gcc/arm-atollic-eabi/6.3.1/../../../../arm-atollic-eabi/lib/armv7-m\libc_nano.a(lib_a-init.o)
 .debug_frame   0x00003860       0x30 c:/program files (x86)/atollic/truestudio for stm32 9.0.1/armtools/bin/../lib/gcc/arm-atollic-eabi/6.3.1/../../../../arm-atollic-eabi/lib/armv7-m\libc_nano.a(lib_a-malloc.o)
 .debug_frame   0x00003890       0x38 c:/program files (x86)/atollic/truestudio for stm32 9.0.1/armtools/bin/../lib/gcc/arm-atollic-eabi/6.3.1/../../../../arm-atollic-eabi/lib/armv7-m\libc_nano.a(lib_a-nano-freer.o)
 .debug_frame   0x000038c8       0x2c c:/program files (x86)/atollic/truestudio for stm32 9.0.1/armtools/bin/../lib/gcc/arm-atollic-eabi/6.3.1/../../../../arm-atollic-eabi/lib/armv7-m\libc_nano.a(lib_a-nano-mallocr.o)
 .debug_frame   0x000038f4       0xcc c:/program files (x86)/atollic/truestudio for stm32 9.0.1/armtools/bin/../lib/gcc/arm-atollic-eabi/6.3.1/../../../../arm-atollic-eabi/lib/armv7-m\libc_nano.a(lib_a-signal.o)
 .debug_frame   0x000039c0       0x3c c:/program files (x86)/atollic/truestudio for stm32 9.0.1/armtools/bin/../lib/gcc/arm-atollic-eabi/6.3.1/../../../../arm-atollic-eabi/lib/armv7-m\libc_nano.a(lib_a-signalr.o)
 .debug_frame   0x000039fc       0x30 c:/program files (x86)/atollic/truestudio for stm32 9.0.1/armtools/bin/../lib/gcc/arm-atollic-eabi/6.3.1/../../../../arm-atollic-eabi/lib/armv7-m\libc_nano.a(lib_a-mlock.o)
 .debug_frame   0x00003a2c       0x5c c:/program files (x86)/atollic/truestudio for stm32 9.0.1/armtools/bin/../lib/gcc/arm-atollic-eabi/6.3.1/../../../../arm-atollic-eabi/lib/armv7-m\libc_nano.a(lib_a-reent.o)
 .debug_frame   0x00003a88       0xac c:/program files (x86)/atollic/truestudio for stm32 9.0.1/armtools/bin/../lib/gcc/arm-atollic-eabi/6.3.1/armv7-m\libgcc.a(_arm_addsubdf3.o)
 .debug_frame   0x00003b34       0x50 c:/program files (x86)/atollic/truestudio for stm32 9.0.1/armtools/bin/../lib/gcc/arm-atollic-eabi/6.3.1/armv7-m\libgcc.a(_arm_muldivdf3.o)
 .debug_frame   0x00003b84       0xc4 c:/program files (x86)/atollic/truestudio for stm32 9.0.1/armtools/bin/../lib/gcc/arm-atollic-eabi/6.3.1/armv7-m\libgcc.a(_arm_cmpdf2.o)
 .debug_frame   0x00003c48       0x20 c:/program files (x86)/atollic/truestudio for stm32 9.0.1/armtools/bin/../lib/gcc/arm-atollic-eabi/6.3.1/armv7-m\libgcc.a(_arm_unorddf2.o)
 .debug_frame   0x00003c68       0x24 c:/program files (x86)/atollic/truestudio for stm32 9.0.1/armtools/bin/../lib/gcc/arm-atollic-eabi/6.3.1/armv7-m\libgcc.a(_arm_fixdfsi.o)
 .debug_frame   0x00003c8c       0x24 c:/program files (x86)/atollic/truestudio for stm32 9.0.1/armtools/bin/../lib/gcc/arm-atollic-eabi/6.3.1/armv7-m\libgcc.a(_arm_truncdfsf2.o)
 .debug_frame   0x00003cb0       0x4c c:/program files (x86)/atollic/truestudio for stm32 9.0.1/armtools/bin/../lib/gcc/arm-atollic-eabi/6.3.1/armv7-m\libgcc.a(_arm_addsubsf3.o)
 .debug_frame   0x00003cfc       0x38 c:/program files (x86)/atollic/truestudio for stm32 9.0.1/armtools/bin/../lib/gcc/arm-atollic-eabi/6.3.1/armv7-m\libgcc.a(_arm_muldivsf3.o)
 .debug_frame   0x00003d34       0xc8 c:/program files (x86)/atollic/truestudio for stm32 9.0.1/armtools/bin/../lib/gcc/arm-atollic-eabi/6.3.1/armv7-m\libgcc.a(_arm_cmpsf2.o)
 .debug_frame   0x00003dfc       0x24 c:/program files (x86)/atollic/truestudio for stm32 9.0.1/armtools/bin/../lib/gcc/arm-atollic-eabi/6.3.1/armv7-m\libgcc.a(_arm_fixsfsi.o)
 .debug_frame   0x00003e20       0x24 c:/program files (x86)/atollic/truestudio for stm32 9.0.1/armtools/bin/../lib/gcc/arm-atollic-eabi/6.3.1/armv7-m\libgcc.a(_arm_fixunssfsi.o)
 .debug_frame   0x00003e44       0x20 c:/program files (x86)/atollic/truestudio for stm32 9.0.1/armtools/bin/../lib/gcc/arm-atollic-eabi/6.3.1/../../../../arm-atollic-eabi/lib/armv7-m\libnosys.a(getpid.o)
 .debug_frame   0x00003e64       0x20 c:/program files (x86)/atollic/truestudio for stm32 9.0.1/armtools/bin/../lib/gcc/arm-atollic-eabi/6.3.1/../../../../arm-atollic-eabi/lib/armv7-m\libnosys.a(kill.o)
 .debug_frame   0x00003e84       0x20 c:/program files (x86)/atollic/truestudio for stm32 9.0.1/armtools/bin/../lib/gcc/arm-atollic-eabi/6.3.1/../../../../arm-atollic-eabi/lib/armv7-m\libnosys.a(_exit.o)

.stab           0x00000000       0x3c
 .stab          0x00000000       0x24 c:/program files (x86)/atollic/truestudio for stm32 9.0.1/armtools/bin/../lib/gcc/arm-atollic-eabi/6.3.1/../../../../arm-atollic-eabi/lib/armv7-m\libnosys.a(getpid.o)
 .stab          0x00000024       0x18 c:/program files (x86)/atollic/truestudio for stm32 9.0.1/armtools/bin/../lib/gcc/arm-atollic-eabi/6.3.1/../../../../arm-atollic-eabi/lib/armv7-m\libnosys.a(kill.o)
                                 0x24 (size before relaxing)

.stabstr        0x00000000       0xac
 .stabstr       0x00000000       0xac c:/program files (x86)/atollic/truestudio for stm32 9.0.1/armtools/bin/../lib/gcc/arm-atollic-eabi/6.3.1/../../../../arm-atollic-eabi/lib/armv7-m\libnosys.a(getpid.o)

Cross Reference Table

Symbol                                            File
ADC1_2_IRQHandler                                 src\startup_stm32f10x_md.o
ADC_AnalogWatchdogCmd                             Libraries\STM32F10x_StdPeriph_Driver\src\stm32f10x_adc.o
ADC_AnalogWatchdogSingleChannelConfig             Libraries\STM32F10x_StdPeriph_Driver\src\stm32f10x_adc.o
ADC_AnalogWatchdogThresholdsConfig                Libraries\STM32F10x_StdPeriph_Driver\src\stm32f10x_adc.o
ADC_AutoInjectedConvCmd                           Libraries\STM32F10x_StdPeriph_Driver\src\stm32f10x_adc.o
ADC_ClearFlag                                     Libraries\STM32F10x_StdPeriph_Driver\src\stm32f10x_adc.o
ADC_ClearITPendingBit                             Libraries\STM32F10x_StdPeriph_Driver\src\stm32f10x_adc.o
ADC_Cmd                                           Libraries\STM32F10x_StdPeriph_Driver\src\stm32f10x_adc.o
                                                  src\GPIO\GPIO.o
ADC_DMACmd                                        Libraries\STM32F10x_StdPeriph_Driver\src\stm32f10x_adc.o
                                                  src\GPIO\GPIO.o
ADC_DMA_Init                                      src\GPIO\GPIO.o
ADC_DeInit                                        Libraries\STM32F10x_StdPeriph_Driver\src\stm32f10x_adc.o
                                                  src\GPIO\GPIO.o
ADC_DiscModeChannelCountConfig                    Libraries\STM32F10x_StdPeriph_Driver\src\stm32f10x_adc.o
ADC_DiscModeCmd                                   Libraries\STM32F10x_StdPeriph_Driver\src\stm32f10x_adc.o
ADC_ExternalTrigConvCmd                           Libraries\STM32F10x_StdPeriph_Driver\src\stm32f10x_adc.o
ADC_ExternalTrigInjectedConvCmd                   Libraries\STM32F10x_StdPeriph_Driver\src\stm32f10x_adc.o
ADC_ExternalTrigInjectedConvConfig                Libraries\STM32F10x_StdPeriph_Driver\src\stm32f10x_adc.o
ADC_GetCalibrationStatus                          Libraries\STM32F10x_StdPeriph_Driver\src\stm32f10x_adc.o
                                                  src\GPIO\GPIO.o
ADC_GetConversionValue                            Libraries\STM32F10x_StdPeriph_Driver\src\stm32f10x_adc.o
ADC_GetDualModeConversionValue                    Libraries\STM32F10x_StdPeriph_Driver\src\stm32f10x_adc.o
ADC_GetFlagStatus                                 Libraries\STM32F10x_StdPeriph_Driver\src\stm32f10x_adc.o
ADC_GetITStatus                                   Libraries\STM32F10x_StdPeriph_Driver\src\stm32f10x_adc.o
ADC_GetInjectedConversionValue                    Libraries\STM32F10x_StdPeriph_Driver\src\stm32f10x_adc.o
ADC_GetResetCalibrationStatus                     Libraries\STM32F10x_StdPeriph_Driver\src\stm32f10x_adc.o
                                                  src\GPIO\GPIO.o
ADC_GetSoftwareStartConvStatus                    Libraries\STM32F10x_StdPeriph_Driver\src\stm32f10x_adc.o
ADC_GetSoftwareStartInjectedConvCmdStatus         Libraries\STM32F10x_StdPeriph_Driver\src\stm32f10x_adc.o
ADC_ITConfig                                      Libraries\STM32F10x_StdPeriph_Driver\src\stm32f10x_adc.o
ADC_Init                                          Libraries\STM32F10x_StdPeriph_Driver\src\stm32f10x_adc.o
                                                  src\GPIO\GPIO.o
ADC_InjectedChannelConfig                         Libraries\STM32F10x_StdPeriph_Driver\src\stm32f10x_adc.o
ADC_InjectedDiscModeCmd                           Libraries\STM32F10x_StdPeriph_Driver\src\stm32f10x_adc.o
ADC_InjectedSequencerLengthConfig                 Libraries\STM32F10x_StdPeriph_Driver\src\stm32f10x_adc.o
ADC_RegularChannelConfig                          Libraries\STM32F10x_StdPeriph_Driver\src\stm32f10x_adc.o
                                                  src\GPIO\GPIO.o
ADC_ResetCalibration                              Libraries\STM32F10x_StdPeriph_Driver\src\stm32f10x_adc.o
                                                  src\GPIO\GPIO.o
ADC_SetInjectedOffset                             Libraries\STM32F10x_StdPeriph_Driver\src\stm32f10x_adc.o
ADC_SoftwareStartConvCmd                          Libraries\STM32F10x_StdPeriph_Driver\src\stm32f10x_adc.o
                                                  src\GPIO\GPIO.o
ADC_SoftwareStartInjectedConvCmd                  Libraries\STM32F10x_StdPeriph_Driver\src\stm32f10x_adc.o
ADC_StartCalibration                              Libraries\STM32F10x_StdPeriph_Driver\src\stm32f10x_adc.o
                                                  src\GPIO\GPIO.o
ADC_StructInit                                    Libraries\STM32F10x_StdPeriph_Driver\src\stm32f10x_adc.o
ADC_TempSensorVrefintCmd                          Libraries\STM32F10x_StdPeriph_Driver\src\stm32f10x_adc.o
                                                  src\GPIO\GPIO.o
AHBPrescTable                                     src\system_stm32f10x.o
AccelStepper::AccelStepper(unsigned char, unsigned char, unsigned char, unsigned char, unsigned char, bool) src\AccelStepper\AccelStepper.o
                                                  src\main.o
AccelStepper::AccelStepper(unsigned char, unsigned char, unsigned char, unsigned char, unsigned char, bool) src\AccelStepper\AccelStepper.o
AccelStepper::AccelStepper(void (*)(), void (*)()) src\AccelStepper\AccelStepper.o
AccelStepper::AccelStepper(void (*)(), void (*)()) src\AccelStepper\AccelStepper.o
AccelStepper::computeNewSpeed()                   src\AccelStepper\AccelStepper.o
AccelStepper::currentPosition()                   src\AccelStepper\AccelStepper.o
                                                  src\AccelStepper\MultiStepper.o
AccelStepper::disableOutputs()                    src\AccelStepper\AccelStepper.o
AccelStepper::distanceToGo()                      src\AccelStepper\AccelStepper.o
                                                  src\AccelStepper\MultiStepper.o
AccelStepper::enableOutputs()                     src\AccelStepper\AccelStepper.o
AccelStepper::isRunning()                         src\AccelStepper\AccelStepper.o
AccelStepper::maxSpeed()                          src\AccelStepper\AccelStepper.o
                                                  src\AccelStepper\MultiStepper.o
AccelStepper::move(long)                          src\AccelStepper\AccelStepper.o
AccelStepper::moveTo(long)                        src\AccelStepper\AccelStepper.o
                                                  src\AccelStepper\MultiStepper.o
AccelStepper::run()                               src\AccelStepper\AccelStepper.o
AccelStepper::runSpeed()                          src\AccelStepper\AccelStepper.o
                                                  src\AccelStepper\MultiStepper.o
AccelStepper::runSpeedToPosition()                src\AccelStepper\AccelStepper.o
AccelStepper::runToNewPosition(long)              src\AccelStepper\AccelStepper.o
AccelStepper::runToPosition()                     src\AccelStepper\AccelStepper.o
AccelStepper::setAcceleration(float)              src\AccelStepper\AccelStepper.o
AccelStepper::setCurrentPosition(long)            src\AccelStepper\AccelStepper.o
AccelStepper::setEnablePin(unsigned char)         src\AccelStepper\AccelStepper.o
AccelStepper::setMaxSpeed(float)                  src\AccelStepper\AccelStepper.o
AccelStepper::setMinPulseWidth(unsigned int)      src\AccelStepper\AccelStepper.o
AccelStepper::setOutputPins(unsigned char)        src\AccelStepper\AccelStepper.o
AccelStepper::setPinsInverted(bool, bool, bool)   src\AccelStepper\AccelStepper.o
AccelStepper::setPinsInverted(bool, bool, bool, bool, bool) src\AccelStepper\AccelStepper.o
AccelStepper::setSpeed(float)                     src\AccelStepper\AccelStepper.o
                                                  src\AccelStepper\MultiStepper.o
AccelStepper::speed()                             src\AccelStepper\AccelStepper.o
AccelStepper::step(long)                          src\AccelStepper\AccelStepper.o
AccelStepper::step0(long)                         src\AccelStepper\AccelStepper.o
AccelStepper::step1(long)                         src\AccelStepper\AccelStepper.o
AccelStepper::step2(long)                         src\AccelStepper\AccelStepper.o
AccelStepper::step3(long)                         src\AccelStepper\AccelStepper.o
AccelStepper::step4(long)                         src\AccelStepper\AccelStepper.o
AccelStepper::step6(long)                         src\AccelStepper\AccelStepper.o
AccelStepper::step8(long)                         src\AccelStepper\AccelStepper.o
AccelStepper::stop()                              src\AccelStepper\AccelStepper.o
AccelStepper::targetPosition()                    src\AccelStepper\AccelStepper.o
BKP_ClearFlag                                     Libraries\STM32F10x_StdPeriph_Driver\src\stm32f10x_bkp.o
BKP_ClearITPendingBit                             Libraries\STM32F10x_StdPeriph_Driver\src\stm32f10x_bkp.o
BKP_DeInit                                        Libraries\STM32F10x_StdPeriph_Driver\src\stm32f10x_bkp.o
BKP_GetFlagStatus                                 Libraries\STM32F10x_StdPeriph_Driver\src\stm32f10x_bkp.o
BKP_GetITStatus                                   Libraries\STM32F10x_StdPeriph_Driver\src\stm32f10x_bkp.o
BKP_ITConfig                                      Libraries\STM32F10x_StdPeriph_Driver\src\stm32f10x_bkp.o
BKP_RTCOutputConfig                               Libraries\STM32F10x_StdPeriph_Driver\src\stm32f10x_bkp.o
BKP_ReadBackupRegister                            Libraries\STM32F10x_StdPeriph_Driver\src\stm32f10x_bkp.o
BKP_SetRTCCalibrationValue                        Libraries\STM32F10x_StdPeriph_Driver\src\stm32f10x_bkp.o
BKP_TamperPinCmd                                  Libraries\STM32F10x_StdPeriph_Driver\src\stm32f10x_bkp.o
BKP_TamperPinLevelConfig                          Libraries\STM32F10x_StdPeriph_Driver\src\stm32f10x_bkp.o
BKP_WriteBackupRegister                           Libraries\STM32F10x_StdPeriph_Driver\src\stm32f10x_bkp.o
BusFault_Handler                                  src\stm32f1xx_it.o
                                                  src\startup_stm32f10x_md.o
CAN1_RX1_IRQHandler                               src\startup_stm32f10x_md.o
CAN1_SCE_IRQHandler                               src\startup_stm32f10x_md.o
CAN_CancelTransmit                                Libraries\STM32F10x_StdPeriph_Driver\src\stm32f10x_can.o
CAN_ClearFlag                                     Libraries\STM32F10x_StdPeriph_Driver\src\stm32f10x_can.o
CAN_ClearITPendingBit                             Libraries\STM32F10x_StdPeriph_Driver\src\stm32f10x_can.o
CAN_DBGFreeze                                     Libraries\STM32F10x_StdPeriph_Driver\src\stm32f10x_can.o
CAN_DeInit                                        Libraries\STM32F10x_StdPeriph_Driver\src\stm32f10x_can.o
CAN_FIFORelease                                   Libraries\STM32F10x_StdPeriph_Driver\src\stm32f10x_can.o
CAN_FilterInit                                    Libraries\STM32F10x_StdPeriph_Driver\src\stm32f10x_can.o
CAN_GetFlagStatus                                 Libraries\STM32F10x_StdPeriph_Driver\src\stm32f10x_can.o
CAN_GetITStatus                                   Libraries\STM32F10x_StdPeriph_Driver\src\stm32f10x_can.o
CAN_GetLSBTransmitErrorCounter                    Libraries\STM32F10x_StdPeriph_Driver\src\stm32f10x_can.o
CAN_GetLastErrorCode                              Libraries\STM32F10x_StdPeriph_Driver\src\stm32f10x_can.o
CAN_GetReceiveErrorCounter                        Libraries\STM32F10x_StdPeriph_Driver\src\stm32f10x_can.o
CAN_ITConfig                                      Libraries\STM32F10x_StdPeriph_Driver\src\stm32f10x_can.o
CAN_Init                                          Libraries\STM32F10x_StdPeriph_Driver\src\stm32f10x_can.o
CAN_MessagePending                                Libraries\STM32F10x_StdPeriph_Driver\src\stm32f10x_can.o
CAN_OperatingModeRequest                          Libraries\STM32F10x_StdPeriph_Driver\src\stm32f10x_can.o
CAN_Receive                                       Libraries\STM32F10x_StdPeriph_Driver\src\stm32f10x_can.o
CAN_SlaveStartBank                                Libraries\STM32F10x_StdPeriph_Driver\src\stm32f10x_can.o
CAN_Sleep                                         Libraries\STM32F10x_StdPeriph_Driver\src\stm32f10x_can.o
CAN_StructInit                                    Libraries\STM32F10x_StdPeriph_Driver\src\stm32f10x_can.o
CAN_TTComModeCmd                                  Libraries\STM32F10x_StdPeriph_Driver\src\stm32f10x_can.o
CAN_Transmit                                      Libraries\STM32F10x_StdPeriph_Driver\src\stm32f10x_can.o
CAN_TransmitStatus                                Libraries\STM32F10x_StdPeriph_Driver\src\stm32f10x_can.o
CAN_WakeUp                                        Libraries\STM32F10x_StdPeriph_Driver\src\stm32f10x_can.o
CEC_ClearFlag                                     Libraries\STM32F10x_StdPeriph_Driver\src\stm32f10x_cec.o
CEC_ClearITPendingBit                             Libraries\STM32F10x_StdPeriph_Driver\src\stm32f10x_cec.o
CEC_Cmd                                           Libraries\STM32F10x_StdPeriph_Driver\src\stm32f10x_cec.o
CEC_DeInit                                        Libraries\STM32F10x_StdPeriph_Driver\src\stm32f10x_cec.o
CEC_EndOfMessageCmd                               Libraries\STM32F10x_StdPeriph_Driver\src\stm32f10x_cec.o
CEC_GetFlagStatus                                 Libraries\STM32F10x_StdPeriph_Driver\src\stm32f10x_cec.o
CEC_GetITStatus                                   Libraries\STM32F10x_StdPeriph_Driver\src\stm32f10x_cec.o
CEC_ITConfig                                      Libraries\STM32F10x_StdPeriph_Driver\src\stm32f10x_cec.o
CEC_Init                                          Libraries\STM32F10x_StdPeriph_Driver\src\stm32f10x_cec.o
CEC_OwnAddressConfig                              Libraries\STM32F10x_StdPeriph_Driver\src\stm32f10x_cec.o
CEC_ReceiveDataByte                               Libraries\STM32F10x_StdPeriph_Driver\src\stm32f10x_cec.o
CEC_SendDataByte                                  Libraries\STM32F10x_StdPeriph_Driver\src\stm32f10x_cec.o
CEC_SetPrescaler                                  Libraries\STM32F10x_StdPeriph_Driver\src\stm32f10x_cec.o
CEC_StartOfMessage                                Libraries\STM32F10x_StdPeriph_Driver\src\stm32f10x_cec.o
CRC_CalcBlockCRC                                  Libraries\STM32F10x_StdPeriph_Driver\src\stm32f10x_crc.o
CRC_CalcCRC                                       Libraries\STM32F10x_StdPeriph_Driver\src\stm32f10x_crc.o
CRC_GetCRC                                        Libraries\STM32F10x_StdPeriph_Driver\src\stm32f10x_crc.o
CRC_GetIDRegister                                 Libraries\STM32F10x_StdPeriph_Driver\src\stm32f10x_crc.o
CRC_ResetDR                                       Libraries\STM32F10x_StdPeriph_Driver\src\stm32f10x_crc.o
CRC_SetIDRegister                                 Libraries\STM32F10x_StdPeriph_Driver\src\stm32f10x_crc.o
DAC_Cmd                                           Libraries\STM32F10x_StdPeriph_Driver\src\stm32f10x_dac.o
DAC_DMACmd                                        Libraries\STM32F10x_StdPeriph_Driver\src\stm32f10x_dac.o
DAC_DeInit                                        Libraries\STM32F10x_StdPeriph_Driver\src\stm32f10x_dac.o
DAC_DualSoftwareTriggerCmd                        Libraries\STM32F10x_StdPeriph_Driver\src\stm32f10x_dac.o
DAC_GetDataOutputValue                            Libraries\STM32F10x_StdPeriph_Driver\src\stm32f10x_dac.o
DAC_Init                                          Libraries\STM32F10x_StdPeriph_Driver\src\stm32f10x_dac.o
DAC_SetChannel1Data                               Libraries\STM32F10x_StdPeriph_Driver\src\stm32f10x_dac.o
DAC_SetChannel2Data                               Libraries\STM32F10x_StdPeriph_Driver\src\stm32f10x_dac.o
DAC_SetDualChannelData                            Libraries\STM32F10x_StdPeriph_Driver\src\stm32f10x_dac.o
DAC_SoftwareTriggerCmd                            Libraries\STM32F10x_StdPeriph_Driver\src\stm32f10x_dac.o
DAC_StructInit                                    Libraries\STM32F10x_StdPeriph_Driver\src\stm32f10x_dac.o
DAC_WaveGenerationCmd                             Libraries\STM32F10x_StdPeriph_Driver\src\stm32f10x_dac.o
DBGMCU_Config                                     Libraries\STM32F10x_StdPeriph_Driver\src\stm32f10x_dbgmcu.o
DBGMCU_GetDEVID                                   Libraries\STM32F10x_StdPeriph_Driver\src\stm32f10x_dbgmcu.o
DBGMCU_GetREVID                                   Libraries\STM32F10x_StdPeriph_Driver\src\stm32f10x_dbgmcu.o
DMA1_Channel1_IRQHandler                          src\startup_stm32f10x_md.o
DMA1_Channel2_IRQHandler                          src\startup_stm32f10x_md.o
DMA1_Channel3_IRQHandler                          src\startup_stm32f10x_md.o
DMA1_Channel4_IRQHandler                          src\startup_stm32f10x_md.o
DMA1_Channel5_IRQHandler                          src\startup_stm32f10x_md.o
DMA1_Channel6_IRQHandler                          src\startup_stm32f10x_md.o
DMA1_Channel7_IRQHandler                          src\startup_stm32f10x_md.o
DMA_ClearFlag                                     Libraries\STM32F10x_StdPeriph_Driver\src\stm32f10x_dma.o
DMA_ClearITPendingBit                             Libraries\STM32F10x_StdPeriph_Driver\src\stm32f10x_dma.o
DMA_Cmd                                           Libraries\STM32F10x_StdPeriph_Driver\src\stm32f10x_dma.o