Archive member included to satisfy reference by file (symbol)

c:/program files (x86)/atollic/truestudio for stm32 9.0.1/armtools/bin/../lib/gcc/arm-atollic-eabi/6.3.1/../../../../arm-atollic-eabi/lib/armv7-m\libstdc++_nano.a(del_op.o)
                              src\SPI\SPIClass.o (operator delete(void*))
c:/program files (x86)/atollic/truestudio for stm32 9.0.1/armtools/bin/../lib/gcc/arm-atollic-eabi/6.3.1/../../../../arm-atollic-eabi/lib/armv7-m\libstdc++_nano.a(atexit_arm.o)
                              src\SPI\SPIClass.o (__aeabi_atexit)
c:/program files (x86)/atollic/truestudio for stm32 9.0.1/armtools/bin/../lib/gcc/arm-atollic-eabi/6.3.1/../../../../arm-atollic-eabi/lib/armv7-m\libstdc++_nano.a(pure.o)
                              src\Print.o (__cxa_pure_virtual)
c:/program files (x86)/atollic/truestudio for stm32 9.0.1/armtools/bin/../lib/gcc/arm-atollic-eabi/6.3.1/../../../../arm-atollic-eabi/lib/armv7-m\libstdc++_nano.a(eh_terminate.o)
                              c:/program files (x86)/atollic/truestudio for stm32 9.0.1/armtools/bin/../lib/gcc/arm-atollic-eabi/6.3.1/../../../../arm-atollic-eabi/lib/armv7-m\libstdc++_nano.a(pure.o) (std::terminate())
c:/program files (x86)/atollic/truestudio for stm32 9.0.1/armtools/bin/../lib/gcc/arm-atollic-eabi/6.3.1/../../../../arm-atollic-eabi/lib/armv7-m\libstdc++_nano.a(eh_term_handler.o)
                              c:/program files (x86)/atollic/truestudio for stm32 9.0.1/armtools/bin/../lib/gcc/arm-atollic-eabi/6.3.1/../../../../arm-atollic-eabi/lib/armv7-m\libstdc++_nano.a(eh_terminate.o) (__cxxabiv1::__terminate_handler)
c:/program files (x86)/atollic/truestudio for stm32 9.0.1/armtools/bin/../lib/gcc/arm-atollic-eabi/6.3.1/../../../../arm-atollic-eabi/lib/armv7-m\libstdc++_nano.a(eh_unex_handler.o)
                              c:/program files (x86)/atollic/truestudio for stm32 9.0.1/armtools/bin/../lib/gcc/arm-atollic-eabi/6.3.1/../../../../arm-atollic-eabi/lib/armv7-m\libstdc++_nano.a(eh_terminate.o) (__cxxabiv1::__unexpected_handler)
c:/program files (x86)/atollic/truestudio for stm32 9.0.1/armtools/bin/../lib/gcc/arm-atollic-eabi/6.3.1/../../../../arm-atollic-eabi/lib/armv7-m\libm.a(lib_a-w_sqrt.o)
                              src\AccelStepper\AccelStepper.o (sqrt)
c:/program files (x86)/atollic/truestudio for stm32 9.0.1/armtools/bin/../lib/gcc/arm-atollic-eabi/6.3.1/../../../../arm-atollic-eabi/lib/armv7-m\libm.a(lib_a-e_sqrt.o)
                              c:/program files (x86)/atollic/truestudio for stm32 9.0.1/armtools/bin/../lib/gcc/arm-atollic-eabi/6.3.1/../../../../arm-atollic-eabi/lib/armv7-m\libm.a(lib_a-w_sqrt.o) (__ieee754_sqrt)
c:/program files (x86)/atollic/truestudio for stm32 9.0.1/armtools/bin/../lib/gcc/arm-atollic-eabi/6.3.1/../../../../arm-atollic-eabi/lib/armv7-m\libm.a(lib_a-s_lib_ver.o)
                              c:/program files (x86)/atollic/truestudio for stm32 9.0.1/armtools/bin/../lib/gcc/arm-atollic-eabi/6.3.1/../../../../arm-atollic-eabi/lib/armv7-m\libm.a(lib_a-w_sqrt.o) (__fdlib_version)
c:/program files (x86)/atollic/truestudio for stm32 9.0.1/armtools/bin/../lib/gcc/arm-atollic-eabi/6.3.1/../../../../arm-atollic-eabi/lib/armv7-m\libm.a(lib_a-s_matherr.o)
                              c:/program files (x86)/atollic/truestudio for stm32 9.0.1/armtools/bin/../lib/gcc/arm-atollic-eabi/6.3.1/../../../../arm-atollic-eabi/lib/armv7-m\libm.a(lib_a-w_sqrt.o) (matherr)
c:/program files (x86)/atollic/truestudio for stm32 9.0.1/armtools/bin/../lib/gcc/arm-atollic-eabi/6.3.1/../../../../arm-atollic-eabi/lib/armv7-m\libc_nano.a(lib_a-abort.o)
                              c:/program files (x86)/atollic/truestudio for stm32 9.0.1/armtools/bin/../lib/gcc/arm-atollic-eabi/6.3.1/../../../../arm-atollic-eabi/lib/armv7-m\libstdc++_nano.a(eh_terminate.o) (abort)
c:/program files (x86)/atollic/truestudio for stm32 9.0.1/armtools/bin/../lib/gcc/arm-atollic-eabi/6.3.1/../../../../arm-atollic-eabi/lib/armv7-m\libc_nano.a(lib_a-atof.o)
                              src\core\WString.o (atof)
c:/program files (x86)/atollic/truestudio for stm32 9.0.1/armtools/bin/../lib/gcc/arm-atollic-eabi/6.3.1/../../../../arm-atollic-eabi/lib/armv7-m\libc_nano.a(lib_a-atol.o)
                              src\core\WString.o (atol)
c:/program files (x86)/atollic/truestudio for stm32 9.0.1/armtools/bin/../lib/gcc/arm-atollic-eabi/6.3.1/../../../../arm-atollic-eabi/lib/armv7-m\libc_nano.a(lib_a-cxa_atexit.o)
                              c:/program files (x86)/atollic/truestudio for stm32 9.0.1/armtools/bin/../lib/gcc/arm-atollic-eabi/6.3.1/../../../../arm-atollic-eabi/lib/armv7-m\libstdc++_nano.a(atexit_arm.o) (__cxa_atexit)
c:/program files (x86)/atollic/truestudio for stm32 9.0.1/armtools/bin/../lib/gcc/arm-atollic-eabi/6.3.1/../../../../arm-atollic-eabi/lib/armv7-m\libc_nano.a(lib_a-errno.o)
[...]
Memory Configuration

Name             Origin             Length             Attributes
FLASH            0x08000000         0x00010000         xr
RAM              0x20000000         0x00005000         xrw
MEMORY_B1        0x60000000         0x00000000         xr
*default*        0x00000000         0xffffffff

Linker script and memory map

LOAD c:/program files (x86)/atollic/truestudio for stm32 9.0.1/armtools/bin/../lib/gcc/arm-atollic-eabi/6.3.1/armv7-m/crti.o
LOAD c:/program files (x86)/atollic/truestudio for stm32 9.0.1/armtools/bin/../lib/gcc/arm-atollic-eabi/6.3.1/armv7-m/crtbegin.o
LOAD Libraries\STM32F10x_StdPeriph_Driver\src\misc.o
LOAD Libraries\STM32F10x_StdPeriph_Driver\src\stm32f10x_adc.o
LOAD Libraries\STM32F10x_StdPeriph_Driver\src\stm32f10x_bkp.o
LOAD Libraries\STM32F10x_StdPeriph_Driver\src\stm32f10x_can.o
LOAD Libraries\STM32F10x_StdPeriph_Driver\src\stm32f10x_cec.o
LOAD Libraries\STM32F10x_StdPeriph_Driver\src\stm32f10x_crc.o
LOAD Libraries\STM32F10x_StdPeriph_Driver\src\stm32f10x_dac.o
LOAD Libraries\STM32F10x_StdPeriph_Driver\src\stm32f10x_dbgmcu.o
LOAD Libraries\STM32F10x_StdPeriph_Driver\src\stm32f10x_dma.o
LOAD Libraries\STM32F10x_StdPeriph_Driver\src\stm32f10x_exti.o
LOAD Libraries\STM32F10x_StdPeriph_Driver\src\stm32f10x_flash.o
LOAD Libraries\STM32F10x_StdPeriph_Driver\src\stm32f10x_fsmc.o
LOAD Libraries\STM32F10x_StdPeriph_Driver\src\stm32f10x_gpio.o
LOAD Libraries\STM32F10x_StdPeriph_Driver\src\stm32f10x_i2c.o
LOAD Libraries\STM32F10x_StdPeriph_Driver\src\stm32f10x_iwdg.o
LOAD Libraries\STM32F10x_StdPeriph_Driver\src\stm32f10x_pwr.o
LOAD Libraries\STM32F10x_StdPeriph_Driver\src\stm32f10x_rcc.o
LOAD Libraries\STM32F10x_StdPeriph_Driver\src\stm32f10x_rtc.o
LOAD Libraries\STM32F10x_StdPeriph_Driver\src\stm32f10x_sdio.o
LOAD Libraries\STM32F10x_StdPeriph_Driver\src\stm32f10x_spi.o
LOAD Libraries\STM32F10x_StdPeriph_Driver\src\stm32f10x_tim.o
LOAD Libraries\STM32F10x_StdPeriph_Driver\src\stm32f10x_usart.o
LOAD Libraries\STM32F10x_StdPeriph_Driver\src\stm32f10x_wwdg.o
LOAD src\AccelStepper\AccelStepper.o
LOAD src\AccelStepper\MultiStepper.o
LOAD src\GPIO\GPIO.o
LOAD src\Interrupt\Interrupt.o
LOAD src\Liquid_LCD\LiquidCrystal_I2C.o
LOAD src\Print.o
LOAD src\RFID\MFRC522.o
LOAD src\SD\File.o
LOAD src\SD\SD.o
LOAD src\SD\utility\Sd2Card.o
LOAD src\SD\utility\SdFile.o
LOAD src\SD\utility\SdVolume.o
LOAD src\SPI\SPIClass.o
LOAD src\Serial\Serial.o
LOAD src\Wire\Wire.o
LOAD src\Wire\twi\twi.o
LOAD src\core\Stream.o
LOAD src\core\WString.o
LOAD src\core\dtostrf.o
LOAD src\include.o
LOAD src\main.o
LOAD src\startup_stm32f10x_md.o
LOAD src\stm32f1xx_it.o
LOAD src\system_stm32f10x.o
LOAD src\tiny_printf.o
                0x00001000                malloc_getpagesize_P = 0x1000
START GROUP
LOAD c:/program files (x86)/atollic/truestudio for stm32 9.0.1/armtools/bin/../lib/gcc/arm-atollic-eabi/6.3.1/../../../../arm-atollic-eabi/lib/armv7-m\libstdc++_nano.a
LOAD c:/program files (x86)/atollic/truestudio for stm32 9.0.1/armtools/bin/../lib/gcc/arm-atollic-eabi/6.3.1/../../../../arm-atollic-eabi/lib/armv7-m\libsupc++_nano.a
END GROUP
LOAD c:/program files (x86)/atollic/truestudio for stm32 9.0.1/armtools/bin/../lib/gcc/arm-atollic-eabi/6.3.1/../../../../arm-atollic-eabi/lib/armv7-m\libstdc++_nano.a
LOAD c:/program files (x86)/atollic/truestudio for stm32 9.0.1/armtools/bin/../lib/gcc/arm-atollic-eabi/6.3.1/../../../../arm-atollic-eabi/lib/armv7-m\libm.a
LOAD c:/program files (x86)/atollic/truestudio for stm32 9.0.1/armtools/bin/../lib/gcc/arm-atollic-eabi/6.3.1/../../../../arm-atollic-eabi/lib/armv7-m\libc_nano.a
START GROUP
LOAD c:/program files (x86)/atollic/truestudio for stm32 9.0.1/armtools/bin/../lib/gcc/arm-atollic-eabi/6.3.1/armv7-m\libgcc.a
LOAD c:/program files (x86)/atollic/truestudio for stm32 9.0.1/armtools/bin/../lib/gcc/arm-atollic-eabi/6.3.1/../../../../arm-atollic-eabi/lib/armv7-m\libc_nano.a
END GROUP
START GROUP
LOAD c:/program files (x86)/atollic/truestudio for stm32 9.0.1/armtools/bin/../lib/gcc/arm-atollic-eabi/6.3.1/armv7-m\libgcc.a
LOAD c:/program files (x86)/atollic/truestudio for stm32 9.0.1/armtools/bin/../lib/gcc/arm-atollic-eabi/6.3.1/../../../../arm-atollic-eabi/lib/armv7-m\libc_nano.a
LOAD c:/program files (x86)/atollic/truestudio for stm32 9.0.1/armtools/bin/../lib/gcc/arm-atollic-eabi/6.3.1/../../../../arm-atollic-eabi/lib/armv7-m\libnosys.a
END GROUP
START GROUP
LOAD c:/program files (x86)/atollic/truestudio for stm32 9.0.1/armtools/bin/../lib/gcc/arm-atollic-eabi/6.3.1/armv7-m\libgcc.a
LOAD c:/program files (x86)/atollic/truestudio for stm32 9.0.1/armtools/bin/../lib/gcc/arm-atollic-eabi/6.3.1/../../../../arm-atollic-eabi/lib/armv7-m\libc_nano.a
LOAD c:/program files (x86)/atollic/truestudio for stm32 9.0.1/armtools/bin/../lib/gcc/arm-atollic-eabi/6.3.1/../../../../arm-atollic-eabi/lib/armv7-m\libnosys.a
END GROUP
LOAD c:/program files (x86)/atollic/truestudio for stm32 9.0.1/armtools/bin/../lib/gcc/arm-atollic-eabi/6.3.1/armv7-m/crtend.o
LOAD c:/program files (x86)/atollic/truestudio for stm32 9.0.1/armtools/bin/../lib/gcc/arm-atollic-eabi/6.3.1/armv7-m/crtn.o
                0x20005000                _estack = 0x20005000
                0x00000000                _Min_Heap_Size = 0x0
                0x00000100                _Min_Stack_Size = 0x100

.isr_vector     0x08000000      0x10c
                0x08000000                . = ALIGN (0x4)
 *(.isr_vector)
 .isr_vector    0x08000000      0x10c src\startup_stm32f10x_md.o
                0x08000000                g_pfnVectors
                0x0800010c                . = ALIGN (0x4)

.text           0x0800010c     0x5738
                0x0800010c                . = ALIGN (0x4)
 *(.text)
 .text          0x0800010c       0x40 c:/program files (x86)/atollic/truestudio for stm32 9.0.1/armtools/bin/../lib/gcc/arm-atollic-eabi/6.3.1/armv7-m/crtbegin.o
 .text          0x0800014c       0x10 c:/program files (x86)/atollic/truestudio for stm32 9.0.1/armtools/bin/../lib/gcc/arm-atollic-eabi/6.3.1/../../../../arm-atollic-eabi/lib/armv7-m\libc_nano.a(lib_a-strlen.o)
                0x0800014c                strlen
 .text          0x0800015c      0x370 c:/program files (x86)/atollic/truestudio for stm32 9.0.1/armtools/bin/../lib/gcc/arm-atollic-eabi/6.3.1/armv7-m\libgcc.a(_arm_addsubdf3.o)
                0x0800015c                __aeabi_drsub
                0x08000164                __aeabi_dsub
                0x08000164                __subdf3
                0x08000168                __aeabi_dadd
                0x08000168                __adddf3
                0x080003e0                __floatunsidf
                0x080003e0                __aeabi_ui2d
                0x08000400                __floatsidf
                0x08000400                __aeabi_i2d
                0x08000424                __aeabi_f2d
                0x08000424                __extendsfdf2
                0x08000460                __floatundidf
                0x08000460                __aeabi_ul2d
                0x08000470                __floatdidf
                0x08000470                __aeabi_l2d
 .text          0x080004cc      0x424 c:/program files (x86)/atollic/truestudio for stm32 9.0.1/armtools/bin/../lib/gcc/arm-atollic-eabi/6.3.1/armv7-m\libgcc.a(_arm_muldivdf3.o)
                0x080004cc                __aeabi_dmul
                0x080004cc                __muldf3
                0x08000720                __divdf3
                0x08000720                __aeabi_ddiv
 .text          0x080008f0      0x110 c:/program files (x86)/atollic/truestudio for stm32 9.0.1/armtools/bin/../lib/gcc/arm-atollic-eabi/6.3.1/armv7-m\libgcc.a(_arm_cmpdf2.o)
                0x080008f0                __gtdf2
                0x080008f0                __gedf2
                0x080008f8                __ltdf2
                0x080008f8                __ledf2
                0x08000900                __nedf2
                0x08000900                __eqdf2
                0x08000900                __cmpdf2
                0x0800097c                __aeabi_cdrcmple
                0x0800098c                __aeabi_cdcmpeq
                0x0800098c                __aeabi_cdcmple
                0x0800099c                __aeabi_dcmpeq
                0x080009b0                __aeabi_dcmplt
                0x080009c4                __aeabi_dcmple
                0x080009d8                __aeabi_dcmpge
                0x080009ec                __aeabi_dcmpgt
 .text          0x08000a00       0x2c c:/program files (x86)/atollic/truestudio for stm32 9.0.1/armtools/bin/../lib/gcc/arm-atollic-eabi/6.3.1/armv7-m\libgcc.a(_arm_unorddf2.o)
                0x08000a00                __unorddf2
                0x08000a00                __aeabi_dcmpun
 .text          0x08000a2c       0x40 c:/program files (x86)/atollic/truestudio for stm32 9.0.1/armtools/bin/../lib/gcc/arm-atollic-eabi/6.3.1/armv7-m\libgcc.a(_arm_fixunsdfsi.o)
                0x08000a2c                __aeabi_d2uiz
                0x08000a2c                __fixunsdfsi
 .text          0x08000a6c      0x21c c:/program files (x86)/atollic/truestudio for stm32 9.0.1/armtools/bin/../lib/gcc/arm-atollic-eabi/6.3.1/armv7-m\libgcc.a(_arm_addsubsf3.o)
                0x08000a6c                __aeabi_frsub
                0x08000a74                __subsf3
                0x08000a74                __aeabi_fsub
                0x08000a78                __aeabi_fadd
                0x08000a78                __addsf3
                0x08000bd8                __aeabi_ui2f
                0x08000bd8                __floatunsisf
                0x08000be0                __aeabi_i2f
                0x08000be0                __floatsisf
                0x08000bfc                __aeabi_ul2f
                0x08000bfc                __floatundisf
                0x08000c0c                __aeabi_l2f
                0x08000c0c                __floatdisf
 *(.text*)
 .text.NVIC_PriorityGroupConfig
                0x08000c88       0x24 Libraries\STM32F10x_StdPeriph_Driver\src\misc.o
                0x08000c88                NVIC_PriorityGroupConfig
 .text.NVIC_Init
                0x08000cac       0xc4 Libraries\STM32F10x_StdPeriph_Driver\src\misc.o
                0x08000cac                NVIC_Init
 .text.EXTI_GetITStatus
                0x08000d70       0x48 Libraries\STM32F10x_StdPeriph_Driver\src\stm32f10x_exti.o
                0x08000d70                EXTI_GetITStatus
 .text.EXTI_ClearITPendingBit
                0x08000db8       0x1c Libraries\STM32F10x_StdPeriph_Driver\src\stm32f10x_exti.o
                0x08000db8                EXTI_ClearITPendingBit
 .text.GPIO_Init
                0x08000dd4      0x178 Libraries\STM32F10x_StdPeriph_Driver\src\stm32f10x_gpio.o
                0x08000dd4                GPIO_Init
 .text.I2C_ReceiveData
                0x08000f4c       0x1a Libraries\STM32F10x_StdPeriph_Driver\src\stm32f10x_i2c.o
                0x08000f4c                I2C_ReceiveData
 .text.I2C_GetLastEvent
                0x08000f66       0x42 Libraries\STM32F10x_StdPeriph_Driver\src\stm32f10x_i2c.o
                0x08000f66                I2C_GetLastEvent
 .text.I2C_GetITStatus
                0x08000fa8       0x58 Libraries\STM32F10x_StdPeriph_Driver\src\stm32f10x_i2c.o
                0x08000fa8                I2C_GetITStatus
 .text.I2C_ClearITPendingBit
                0x08001000       0x2c Libraries\STM32F10x_StdPeriph_Driver\src\stm32f10x_i2c.o
                0x08001000                I2C_ClearITPendingBit
 .text.RCC_GetClocksFreq
                0x0800102c      0x160 Libraries\STM32F10x_StdPeriph_Driver\src\stm32f10x_rcc.o
                0x0800102c                RCC_GetClocksFreq
 .text.RCC_APB2PeriphClockCmd
                0x0800118c       0x3c Libraries\STM32F10x_StdPeriph_Driver\src\stm32f10x_rcc.o
                0x0800118c                RCC_APB2PeriphClockCmd
 .text.RCC_APB1PeriphClockCmd
                0x080011c8       0x3c Libraries\STM32F10x_StdPeriph_Driver\src\stm32f10x_rcc.o
                0x080011c8                RCC_APB1PeriphClockCmd
 .text.SPI_Init
                0x08001204       0x86 Libraries\STM32F10x_StdPeriph_Driver\src\stm32f10x_spi.o
                0x08001204                SPI_Init
 .text.SPI_Cmd  0x0800128a       0x3e Libraries\STM32F10x_StdPeriph_Driver\src\stm32f10x_spi.o
                0x0800128a                SPI_Cmd
 .text.SPI_I2S_ReceiveData
                0x080012c8       0x18 Libraries\STM32F10x_StdPeriph_Driver\src\stm32f10x_spi.o
                0x080012c8                SPI_I2S_ReceiveData
 .text.SPI_I2S_GetFlagStatus
                0x080012e0       0x36 Libraries\STM32F10x_StdPeriph_Driver\src\stm32f10x_spi.o
                0x080012e0                SPI_I2S_GetFlagStatus
 .text.SPI_I2S_GetITStatus
                0x08001316       0x74 Libraries\STM32F10x_StdPeriph_Driver\src\stm32f10x_spi.o
                0x08001316                SPI_I2S_GetITStatus
 *fill*         0x0800138a        0x2 
 .text.USART_Init
                0x0800138c      0x174 Libraries\STM32F10x_StdPeriph_Driver\src\stm32f10x_usart.o
                0x0800138c                USART_Init
 .text.USART_Cmd
                0x08001500       0x3e Libraries\STM32F10x_StdPeriph_Driver\src\stm32f10x_usart.o
                0x08001500                USART_Cmd
 .text.USART_ITConfig
                0x0800153e       0x8e Libraries\STM32F10x_StdPeriph_Driver\src\stm32f10x_usart.o
                0x0800153e                USART_ITConfig
 .text.USART_ReceiveData
                0x080015cc       0x1e Libraries\STM32F10x_StdPeriph_Driver\src\stm32f10x_usart.o
                0x080015cc                USART_ReceiveData
 .text.USART_GetFlagStatus
                0x080015ea       0x36 Libraries\STM32F10x_StdPeriph_Driver\src\stm32f10x_usart.o
                0x080015ea                USART_GetFlagStatus
 .text.USART_ClearFlag
                0x08001620       0x20 Libraries\STM32F10x_StdPeriph_Driver\src\stm32f10x_usart.o
                0x08001620                USART_ClearFlag
 .text.USART_GetITStatus
                0x08001640       0xb4 Libraries\STM32F10x_StdPeriph_Driver\src\stm32f10x_usart.o
                0x08001640                USART_GetITStatus
 .text.getDigitalGPIO
                0x080016f4       0x22 src\GPIO\GPIO.o
                0x080016f4                getDigitalGPIO
 .text.getDigitalPin
                0x08001716       0x1c src\GPIO\GPIO.o
                0x08001716                getDigitalPin
 *fill*         0x08001732        0x2 
 .text.pinMode  0x08001734       0xd0 src\GPIO\GPIO.o
                0x08001734                pinMode
 .text.digitalWrite
                0x08001804       0x52 src\GPIO\GPIO.o
                0x08001804                digitalWrite
 .text.digitalToggle
                0x08001856       0x3a src\GPIO\GPIO.o
                0x08001856                digitalToggle
 .text.EXTI0_IRQHandler
                0x08001890       0x24 src\Interrupt\Interrupt.o
                0x08001890                EXTI0_IRQHandler
 .text.EXTI1_IRQHandler
                0x080018b4       0x24 src\Interrupt\Interrupt.o
                0x080018b4                EXTI1_IRQHandler
 .text.EXTI2_IRQHandler
                0x080018d8       0x24 src\Interrupt\Interrupt.o
                0x080018d8                EXTI2_IRQHandler
 .text.EXTI3_IRQHandler
                0x080018fc       0x24 src\Interrupt\Interrupt.o
                0x080018fc                EXTI3_IRQHandler
 .text.EXTI4_IRQHandler
                0x08001920       0x24 src\Interrupt\Interrupt.o
                0x08001920                EXTI4_IRQHandler
 .text.EXTI15_10_IRQHandler
                0x08001944       0xb4 src\Interrupt\Interrupt.o
                0x08001944                EXTI15_10_IRQHandler
 .text.EXTI9_5_IRQHandler
                0x080019f8       0x8c src\Interrupt\Interrupt.o
                0x080019f8                EXTI9_5_IRQHandler
 .text._ZN5PrintC2Ev
                0x08001a84       0x24 src\Liquid_LCD\LiquidCrystal_I2C.o
                0x08001a84                Print::Print()
                0x08001a84                Print::Print()
 .text._ZN5Print17availableForWriteEv
                0x08001aa8       0x14 src\Liquid_LCD\LiquidCrystal_I2C.o
                0x08001aa8                Print::availableForWrite()
 .text._ZN5Print5flushEv
                0x08001abc       0x12 src\Liquid_LCD\LiquidCrystal_I2C.o
                0x08001abc                Print::flush()
 .text._ZN5Print5writeEPKc
                0x08001ace       0x36 src\Print.o
                0x08001ace                Print::write(char const*)
 .text._ZN5Print5writeEPKhj
                0x08001b04       0x5c src\Print.o
                0x08001b04                Print::write(unsigned char const*, unsigned int)
 .text._ZN5Print5printEPKc
                0x08001b60       0x1c src\Print.o
                0x08001b60                Print::print(char const*)
 .text._ZN5Print5printEc
                0x08001b7c       0x24 src\Print.o
                0x08001b7c                Print::print(char)
 .text._ZN5Print5printEhi
                0x08001ba0       0x24 src\Print.o
                0x08001ba0                Print::print(unsigned char, int)
 .text._ZN5Print5printEii
                0x08001bc4       0x20 src\Print.o
                0x08001bc4                Print::print(int, int)
 .text._ZN5Print5printEji
                0x08001be4       0x20 src\Print.o
                0x08001be4                Print::print(unsigned int, int)
 .text._ZN5Print5printEli
                0x08001c04       0x80 src\Print.o
                0x08001c04                Print::print(long, int)
 .text._ZN5Print5printEmi
                0x08001c84       0x3e src\Print.o
                0x08001c84                Print::print(unsigned long, int)
 .text._ZN5Print5printEdi
                0x08001cc2       0x26 src\Print.o
                0x08001cc2                Print::print(double, int)
 .text._ZN5Print7printlnEv
                0x08001ce8       0x20 src\Print.o
                0x08001ce8                Print::println()
 .text._ZN5Print7printlnEPKc
                0x08001d08       0x2c src\Print.o
                0x08001d08                Print::println(char const*)
 .text._ZN5Print7printlnEhi
                0x08001d34       0x34 src\Print.o
                0x08001d34                Print::println(unsigned char, int)
 .text._ZN5Print7printlnEmi
                0x08001d68       0x30 src\Print.o
                0x08001d68                Print::println(unsigned long, int)
 .text._ZN5Print7printlnEdi
                0x08001d98       0x34 src\Print.o
                0x08001d98                Print::println(double, int)
 .text._ZN5Print11printNumberEmh
                0x08001dcc       0x80 src\Print.o
                0x08001dcc                Print::printNumber(unsigned long, unsigned char)
 .text._ZN5Print10printFloatEdh
                0x08001e4c      0x23c src\Print.o
                0x08001e4c                Print::printFloat(double, unsigned char)
 .text._ZN5Print13setWriteErrorEi
                0x08002088       0x1a src\SD\File.o
                0x08002088                Print::setWriteError(int)
 .text._ZN5Print13getWriteErrorEv
                0x080020a2       0x16 src\SD\File.o
                0x080020a2                Print::getWriteError()
 .text._ZN5Print15clearWriteErrorEv
                0x080020b8       0x18 src\SD\File.o
                0x080020b8                Print::clearWriteError()
 .text._ZNK6SdFile11curPositionEv
                0x080020d0       0x16 src\SD\File.o
                0x080020d0                SdFile::curPosition() const
 .text._ZNK6SdFile8fileSizeEv
                0x080020e6       0x16 src\SD\File.o
                0x080020e6                SdFile::fileSize() const
 .text._ZNK6SdFile5isDirEv
                0x080020fc       0x20 src\SD\File.o
                0x080020fc                SdFile::isDir() const
 .text._ZNK6SdFile6isOpenEv
                0x0800211c       0x20 src\SD\File.o
                0x0800211c                SdFile::isOpen() const
 .text._ZN6SdFile4readEv
                0x0800213c       0x2e src\SD\File.o
                0x0800213c                SdFile::read()
 .text._ZN6SdFile7seekCurEm
                0x0800216a       0x24 src\SD\File.o
                0x0800216a                SdFile::seekCur(unsigned long)
 *fill*         0x0800218e        0x2 
 .text._ZN6StreamC2Ev
                0x08002190       0x2c src\SD\File.o
                0x08002190                Stream::Stream()
                0x08002190                Stream::Stream()
 .text._ZN5SDLib4FileC2Ev
                0x080021bc       0x30 src\SD\File.o
                0x080021bc                SDLib::File::File()
                0x080021bc                SDLib::File::File()
 .text._ZN5SDLib4File5writeEh
                0x080021ec       0x26 src\SD\File.o
                0x080021ec                SDLib::File::write(unsigned char)
 .text._ZN5SDLib4File5writeEPKhj
                0x08002212       0x70 src\SD\File.o
                0x08002212                SDLib::File::write(unsigned char const*, unsigned int)
 .text._ZN5SDLib4File4peekEv
                0x08002282       0x42 src\SD\File.o
                0x08002282                SDLib::File::peek()
 .text._ZN5SDLib4File4readEv
                0x080022c4       0x2a src\SD\File.o
                0x080022c4                SDLib::File::read()
 .text._ZN5SDLib4File9availableEv
                0x080022ee       0x3c src\SD\File.o
                0x080022ee                SDLib::File::available()
 .text._ZN5SDLib4File5flushEv
                0x0800232a       0x22 src\SD\File.o
                0x0800232a                SDLib::File::flush()
 .text._ZN5SDLib4File8positionEv
                0x0800234c       0x2a src\SD\File.o
                0x0800234c                SDLib::File::position()
 .text._ZN5SDLib4File4sizeEv
                0x08002376       0x28 src\SD\File.o
                0x08002376                SDLib::File::size()
 .text._ZN7Sd2CardC2Ev
                0x0800239e       0x2c src\SD\SD.o
                0x0800239e                Sd2Card::Sd2Card()
                0x0800239e                Sd2Card::Sd2Card()
 *fill*         0x080023ca        0x2 
 .text._ZN6SdFileC2Ev
                0x080023cc       0x2c src\SD\SD.o
                0x080023cc                SdFile::SdFile()
                0x080023cc                SdFile::SdFile()
 .text._ZN6SdFile6rewindEv
                0x080023f8       0x20 src\SD\SD.o
                0x080023f8                SdFile::rewind()
 .text._ZN6SdFile8openRootER8SdVolume
                0x08002418       0x1c src\SD\SD.o
                0x08002418                SdFile::openRoot(SdVolume&)
 .text._ZN8SdVolumeC2Ev
                0x08002434       0x22 src\SD\SD.o
                0x08002434                SdVolume::SdVolume()
                0x08002434                SdVolume::SdVolume()
 .text._ZN8SdVolume4initEP7Sd2Card
                0x08002456       0x32 src\SD\SD.o
                0x08002456                SdVolume::init(Sd2Card*)
 .text._ZN8SdVolume4initER7Sd2Card
                0x08002488       0x1c src\SD\SD.o
                0x08002488                SdVolume::init(Sd2Card&)
 .text._ZN5SDLib7SDClassC2Ev
                0x080024a4       0x2e src\SD\SD.o
                0x080024a4                SDLib::SDClass::SDClass()
                0x080024a4                SDLib::SDClass::SDClass()
 *fill*         0x080024d2        0x2 
 .text._Z41__static_initialization_and_destruction_0ii
                0x080024d4       0x2c src\SD\SD.o
 .text._GLOBAL__sub_I__ZN5SDLib20getNextPathComponentEPKcPjPc
                0x08002500       0x10 src\SD\SD.o
 .text._ZNK7Sd2Card4typeEv
                0x08002510       0x16 src\SD\utility\Sd2Card.o
                0x08002510                Sd2Card::type() const
 .text._ZN7Sd2Card8cardAcmdEhm
                0x08002526       0x2e src\SD\utility\Sd2Card.o
                0x08002526                Sd2Card::cardAcmd(unsigned char, unsigned long)
 .text._ZN7Sd2Card5errorEh
                0x08002554       0x1c src\SD\utility\Sd2Card.o
                0x08002554                Sd2Card::error(unsigned char)
 .text._ZN7Sd2Card4typeEh
                0x08002570       0x1c src\SD\utility\Sd2Card.o
                0x08002570                Sd2Card::type(unsigned char)
 .text._ZL7spiSendh
                0x0800258c       0x20 src\SD\utility\Sd2Card.o
 .text._ZL6spiRecv
                0x080025ac       0x18 src\SD\utility\Sd2Card.o
 .text._ZN7Sd2Card11cardCommandEhm
                0x080025c4       0xb8 src\SD\utility\Sd2Card.o
                0x080025c4                Sd2Card::cardCommand(unsigned char, unsigned long)
 .text._ZN7Sd2Card14chipSelectHighEv
                0x0800267c       0x38 src\SD\utility\Sd2Card.o
                0x0800267c                Sd2Card::chipSelectHigh()
 .text._ZN7Sd2Card13chipSelectLowEv
                0x080026b4       0x38 src\SD\utility\Sd2Card.o
                0x080026b4                Sd2Card::chipSelectLow()
 .text._ZN7Sd2Card4initEhh
                0x080026ec      0x21c src\SD\utility\Sd2Card.o
                0x080026ec                Sd2Card::init(unsigned char, unsigned char)
 .text._ZN7Sd2Card9readBlockEmPh
                0x08002908       0x28 src\SD\utility\Sd2Card.o
                0x08002908                Sd2Card::readBlock(unsigned long, unsigned char*)
 .text._ZN7Sd2Card8readDataEmttPh
                0x08002930      0x130 src\SD\utility\Sd2Card.o
                0x08002930                Sd2Card::readData(unsigned long, unsigned short, unsigned short, unsigned char*)
 .text._ZN7Sd2Card7readEndEv
                0x08002a60       0x4a src\SD\utility\Sd2Card.o
                0x08002a60                Sd2Card::readEnd()
 .text._ZN7Sd2Card10setSckRateEh
                0x08002aaa       0x28 src\SD\utility\Sd2Card.o
                0x08002aaa                Sd2Card::setSckRate(unsigned char)
 .text._ZN7Sd2Card11waitNotBusyEj
                0x08002ad2       0x48 src\SD\utility\Sd2Card.o
                0x08002ad2                Sd2Card::waitNotBusy(unsigned int)
 .text._ZN7Sd2Card14waitStartBlockEv
                0x08002b1a       0x70 src\SD\utility\Sd2Card.o
                0x08002b1a                Sd2Card::waitStartBlock()
 .text._ZN7Sd2Card10writeBlockEmPKh
                0x08002b8a       0xe4 src\SD\utility\Sd2Card.o
                0x08002b8a                Sd2Card::writeBlock(unsigned long, unsigned char const*)
 .text._ZN7Sd2Card9writeDataEhPKh
                0x08002c6e       0x78 src\SD\utility\Sd2Card.o
                0x08002c6e                Sd2Card::writeData(unsigned char, unsigned char const*)
 .text._ZL11DIR_IS_FILEPK14directoryEntry
                0x08002ce6       0x24 src\SD\utility\SdFile.o
 .text._ZL13DIR_IS_SUBDIRPK14directoryEntry
                0x08002d0a       0x24 src\SD\utility\SdFile.o
 .text._ZL21DIR_IS_FILE_OR_SUBDIRPK14directoryEntry
                0x08002d2e       0x24 src\SD\utility\SdFile.o
 .text._ZL8FAT_YEARt
                0x08002d52       0x20 src\SD\utility\SdFile.o
 .text._ZL9FAT_MONTHt
                0x08002d72       0x20 src\SD\utility\SdFile.o
 .text._ZL7FAT_DAYt
                0x08002d92       0x1e src\SD\utility\SdFile.o
 .text._ZL8FAT_HOURt
                0x08002db0       0x1a src\SD\utility\SdFile.o
 .text._ZL10FAT_MINUTEt
                0x08002dca       0x20 src\SD\utility\SdFile.o
 .text._ZL10FAT_SECONDt
                0x08002dea       0x22 src\SD\utility\SdFile.o
 .text._ZNK6SdFile6isFileEv
                0x08002e0c       0x20 src\SD\utility\SdFile.o
                0x08002e0c                SdFile::isFile() const
 .text._ZN6SdFile7seekEndEv
                0x08002e2c       0x1e src\SD\utility\SdFile.o
                0x08002e2c                SdFile::seekEnd()
 .text._ZNK6SdFile14unbufferedReadEv
                0x08002e4a       0x1c src\SD\utility\SdFile.o
                0x08002e4a                SdFile::unbufferedRead() const
 .text._ZNK8SdVolume7fatTypeEv
                0x08002e66       0x18 src\SD\utility\SdFile.o
                0x08002e66                SdVolume::fatType() const
 .text._ZNK8SdVolume17rootDirEntryCountEv
                0x08002e7e       0x16 src\SD\utility\SdFile.o
                0x08002e7e                SdVolume::rootDirEntryCount() const
 .text._ZNK8SdVolume12rootDirStartEv
                0x08002e94       0x16 src\SD\utility\SdFile.o
                0x08002e94                SdVolume::rootDirStart() const
 .text._ZNK8SdVolume14blockOfClusterEm
                0x08002eaa       0x26 src\SD\utility\SdFile.o
                0x08002eaa                SdVolume::blockOfCluster(unsigned long) const
 .text._ZNK8SdVolume17clusterStartBlockEm
                0x08002ed0       0x24 src\SD\utility\SdFile.o
                0x08002ed0                SdVolume::clusterStartBlock(unsigned long) const
 .text._ZN8SdVolume13cacheSetDirtyEv
                0x08002ef4       0x20 src\SD\utility\SdFile.o
                0x08002ef4                SdVolume::cacheSetDirty()
 .text._ZN8SdVolume9fatPutEOCEm
                0x08002f14       0x20 src\SD\utility\SdFile.o
                0x08002f14                SdVolume::fatPutEOC(unsigned long)
 .text._ZNK8SdVolume5isEOCEm
                0x08002f34       0x38 src\SD\utility\SdFile.o
                0x08002f34                SdVolume::isEOC(unsigned long) const
 .text._ZN8SdVolume8readDataEmttPh
                0x08002f6c       0x38 src\SD\utility\SdFile.o
                0x08002f6c                SdVolume::readData(unsigned long, unsigned short, unsigned short, unsigned char*)
 .text._ZN8SdVolume10writeBlockEmPKh
                0x08002fa4       0x28 src\SD\utility\SdFile.o
                0x08002fa4                SdVolume::writeBlock(unsigned long, unsigned char const*)
 .text._ZN6SdFile10addClusterEv
                0x08002fcc       0x54 src\SD\utility\SdFile.o
                0x08002fcc                SdFile::addCluster()
 .text._ZN6SdFile13cacheDirEntryEh
                0x08003020       0x44 src\SD\utility\SdFile.o
                0x08003020                SdFile::cacheDirEntry(unsigned char)
 .text._ZN6SdFile2lsEhh
                0x08003064      0x1a0 src\SD\utility\SdFile.o
                0x08003064                SdFile::ls(unsigned char, unsigned char)
 .text._ZN6SdFile4openEPS_th
                0x08003204       0xb2 src\SD\utility\SdFile.o
                0x08003204                SdFile::open(SdFile*, unsigned short, unsigned char)
 *fill*         0x080032b6        0x2 
 .text._ZN6SdFile15openCachedEntryEhh
                0x080032b8      0x10c src\SD\utility\SdFile.o
                0x080032b8                SdFile::openCachedEntry(unsigned char, unsigned char)
 .text._ZN6SdFile8openRootEP8SdVolume
                0x080033c4       0xd4 src\SD\utility\SdFile.o
                0x080033c4                SdFile::openRoot(SdVolume*)
 .text._ZN6SdFile12printDirNameERK14directoryEntryh
                0x08003498       0xa0 src\SD\utility\SdFile.o
                0x08003498                SdFile::printDirName(directoryEntry const&, unsigned char)
 .text._ZN6SdFile12printFatDateEt
                0x08003538       0x5c src\SD\utility\SdFile.o
                0x08003538                SdFile::printFatDate(unsigned short)
 .text._ZN6SdFile12printFatTimeEt
                0x08003594       0x58 src\SD\utility\SdFile.o
                0x08003594                SdFile::printFatTime(unsigned short)
 .text._ZN6SdFile14printTwoDigitsEh
                0x080035ec       0x58 src\SD\utility\SdFile.o
                0x080035ec                SdFile::printTwoDigits(unsigned char)
 .text._ZN6SdFile4readEPvt
                0x08003644      0x1ec src\SD\utility\SdFile.o
                0x08003644                SdFile::read(void*, unsigned short)
 .text._ZN6SdFile12readDirCacheEv
                0x08003830       0x68 src\SD\utility\SdFile.o
                0x08003830                SdFile::readDirCache()
 .text._ZN6SdFile7seekSetEm
                0x08003898       0xe8 src\SD\utility\SdFile.o
                0x08003898                SdFile::seekSet(unsigned long)
 .text._ZN6SdFile4syncEv
                0x08003980       0xb8 src\SD\utility\SdFile.o
                0x08003980                SdFile::sync()
 .text._ZN6SdFile8truncateEm
                0x08003a38      0x176 src\SD\utility\SdFile.o
                0x08003a38                SdFile::truncate(unsigned long)
 *fill*         0x08003bae        0x2 
 .text._ZN6SdFile5writeEPKvt
                0x08003bb0      0x2d0 src\SD\utility\SdFile.o
                0x08003bb0                SdFile::write(void const*, unsigned short)
 .text._ZN6SdFile5writeEh
                0x08003e80       0x22 src\SD\utility\SdFile.o
                0x08003e80                SdFile::write(unsigned char)
 .text._ZN8SdVolume15allocContiguousEmPm
                0x08003ea2      0x14e src\SD\utility\SdVolume.o
                0x08003ea2                SdVolume::allocContiguous(unsigned long, unsigned long*)
 .text._ZN8SdVolume10cacheFlushEv
                0x08003ff0       0x84 src\SD\utility\SdVolume.o
                0x08003ff0                SdVolume::cacheFlush()
 .text._ZN8SdVolume13cacheRawBlockEmh
                0x08004074       0x80 src\SD\utility\SdVolume.o
                0x08004074                SdVolume::cacheRawBlock(unsigned long, unsigned char)
 .text._ZNK8SdVolume9chainSizeEmPm
                0x080040f4       0x70 src\SD\utility\SdVolume.o
                0x080040f4                SdVolume::chainSize(unsigned long, unsigned long*) const
 .text._ZNK8SdVolume6fatGetEmPm
                0x08004164       0xa4 src\SD\utility\SdVolume.o
                0x08004164                SdVolume::fatGet(unsigned long, unsigned long*) const
 .text._ZN8SdVolume6fatPutEmm
                0x08004208       0xc4 src\SD\utility\SdVolume.o
                0x08004208                SdVolume::fatPut(unsigned long, unsigned long)
 .text._ZN8SdVolume9freeChainEm
                0x080042cc       0x78 src\SD\utility\SdVolume.o
                0x080042cc                SdVolume::freeChain(unsigned long)
 .text._ZN8SdVolume4initEP7Sd2Cardh
                0x08004344      0x214 src\SD\utility\SdVolume.o
                0x08004344                SdVolume::init(Sd2Card*, unsigned char)
 .text._ZN8SPIClassC2Ei
                0x08004558      0x100 src\SPI\SPIClass.o
                0x08004558                SPIClass::SPIClass(int)
                0x08004558                SPIClass::SPIClass(int)
 .text._ZN8SPIClassD2Ev
                0x08004658       0x20 src\SPI\SPIClass.o
                0x08004658                SPIClass::~SPIClass()
                0x08004658                SPIClass::~SPIClass()
 .text._ZN8SPIClassD0Ev
                0x08004678       0x1e src\SPI\SPIClass.o
                0x08004678                SPIClass::~SPIClass()
 .text._ZN8SPIClass16beginTransactionEv
                0x08004696       0x12 src\SPI\SPIClass.o
                0x08004696                SPIClass::beginTransaction()
 .text._ZN8SPIClass14endTransactionEv
                0x080046a8       0x12 src\SPI\SPIClass.o
                0x080046a8                SPIClass::endTransaction()
 *fill*         0x080046ba        0x2 
 .text._ZN8SPIClass5beginEt
                0x080046bc      0x1b8 src\SPI\SPIClass.o
                0x080046bc                SPIClass::begin(unsigned short)
 .text._ZN8SPIClass8transferEh
                0x08004874       0x64 src\SPI\SPIClass.o
                0x08004874                SPIClass::transfer(unsigned char)
 .text.SPI1_IRQHandler
                0x080048d8       0x48 src\SPI\SPIClass.o
                0x080048d8                SPI1_IRQHandler
 .text.SPI2_IRQHandler
                0x08004920       0x48 src\SPI\SPIClass.o
                0x08004920                SPI2_IRQHandler
 .text._Z41__static_initialization_and_destruction_0ii
                0x08004968       0x40 src\SPI\SPIClass.o
 .text._GLOBAL__sub_I__ZN8SPIClassC2Ei
                0x080049a8       0x10 src\SPI\SPIClass.o
 .text._ZN14HardwareSerialC2Ei
                0x080049b8      0x104 src\Serial\Serial.o
                0x080049b8                HardwareSerial::HardwareSerial(int)
                0x080049b8                HardwareSerial::HardwareSerial(int)
 .text._ZN14HardwareSerialD2Ev
                0x08004abc       0x20 src\Serial\Serial.o
                0x08004abc                HardwareSerial::~HardwareSerial()
                0x08004abc                HardwareSerial::~HardwareSerial()
 .text._ZN14HardwareSerialD0Ev
                0x08004adc       0x1e src\Serial\Serial.o
                0x08004adc                HardwareSerial::~HardwareSerial()
 *fill*         0x08004afa        0x2 
 .text._ZN14HardwareSerial5beginEm
                0x08004afc      0x180 src\Serial\Serial.o
                0x08004afc                HardwareSerial::begin(unsigned long)
 .text._ZN14HardwareSerial5writeEh
                0x08004c7c       0x3e src\Serial\Serial.o
                0x08004c7c                HardwareSerial::write(unsigned char)
 *fill*         0x08004cba        0x2 
 .text.USART1_IRQHandler
                0x08004cbc       0x44 src\Serial\Serial.o
                0x08004cbc                USART1_IRQHandler
 .text.USART2_IRQHandler
                0x08004d00       0x44 src\Serial\Serial.o
                0x08004d00                USART2_IRQHandler
 .text.USART3_IRQHandler
                0x08004d44       0x44 src\Serial\Serial.o
                0x08004d44                USART3_IRQHandler
 .text._Z41__static_initialization_and_destruction_0ii
                0x08004d88       0x40 src\Serial\Serial.o
 .text._GLOBAL__sub_I__ZN14HardwareSerialC2Ei
                0x08004dc8       0x10 src\Serial\Serial.o
 .text._ZN7TwoWireC2Ev
                0x08004dd8       0x20 src\Wire\Wire.o
                0x08004dd8                TwoWire::TwoWire()
                0x08004dd8                TwoWire::TwoWire()
 .text._ZN7TwoWireD2Ev
                0x08004df8       0x20 src\Wire\Wire.o
                0x08004df8                TwoWire::~TwoWire()
                0x08004df8                TwoWire::~TwoWire()
 .text._ZN7TwoWireD0Ev
                0x08004e18       0x1e src\Wire\Wire.o
                0x08004e18                TwoWire::~TwoWire()
 *fill*         0x08004e36        0x2 
 .text.I2C1_EV_IRQHandler
                0x08004e38       0xf8 src\Wire\Wire.o
                0x08004e38                I2C1_EV_IRQHandler
 .text.I2C1_ER_IRQHandler
                0x08004f30       0x30 src\Wire\Wire.o
                0x08004f30                I2C1_ER_IRQHandler
 .text._Z41__static_initialization_and_destruction_0ii
                0x08004f60       0x40 src\Wire\Wire.o
 .text._GLOBAL__sub_I__ZN7TwoWire8rxBufferE
                0x08004fa0       0x10 src\Wire\Wire.o
 .text.Twi_ClearFlag
                0x08004fb0       0x48 src\Wire\twi\twi.o
                0x08004fb0                Twi_ClearFlag
 .text.NVIC_SetPriority
                0x08004ff8       0x54 src\include.o
 .text.SysTick_Config
                0x0800504c       0x44 src\include.o
 .text.SysTick_Init
                0x08005090       0x48 src\include.o
                0x08005090                SysTick_Init
 .text.millis   0x080050d8       0x14 src\include.o
                0x080050d8                millis
 .text.delay    0x080050ec       0x30 src\include.o
                0x080050ec                delay
 .text.SysTick_Handler
                0x0800511c       0x1c src\include.o
                0x0800511c                SysTick_Handler
 .text._ZNK8SdVolume16blocksPerClusterEv
                0x08005138       0x16 src\main.o
                0x08005138                SdVolume::blocksPerCluster() const
 .text._ZNK8SdVolume12clusterCountEv
                0x0800514e       0x16 src\main.o
                0x0800514e                SdVolume::clusterCount() const
 .text.main     0x08005164      0x25c src\main.o
                0x08005164                main
 .text._Z41__static_initialization_and_destruction_0ii
                0x080053c0       0x4c src\main.o
 .text._GLOBAL__sub_I_receiveData
                0x0800540c       0x10 src\main.o
 .text.Reset_Handler
                0x0800541c       0x50 src\startup_stm32f10x_md.o
                0x0800541c                Reset_Handler
 .text.Default_Handler
                0x0800546c        0x2 src\startup_stm32f10x_md.o
                0x0800546c                TIM1_CC_IRQHandler
                0x0800546c                PVD_IRQHandler
                0x0800546c                I2C2_EV_IRQHandler
                0x0800546c                ADC1_2_IRQHandler
                0x0800546c                TAMPER_IRQHandler
                0x0800546c                DMA1_Channel4_IRQHandler
                0x0800546c                RTC_IRQHandler
                0x0800546c                DMA1_Channel7_IRQHandler
                0x0800546c                CAN1_RX1_IRQHandler
                0x0800546c                TIM4_IRQHandler
                0x0800546c                DMA1_Channel6_IRQHandler
                0x0800546c                TIM3_IRQHandler
                0x0800546c                RCC_IRQHandler
                0x0800546c                TIM1_TRG_COM_IRQHandler
                0x0800546c                DMA1_Channel1_IRQHandler
                0x0800546c                Default_Handler
                0x0800546c                DMA1_Channel5_IRQHandler
                0x0800546c                USB_LP_CAN1_RX0_IRQHandler
                0x0800546c                USB_HP_CAN1_TX_IRQHandler
                0x0800546c                DMA1_Channel3_IRQHandler
                0x0800546c                TIM1_UP_IRQHandler
                0x0800546c                WWDG_IRQHandler
                0x0800546c                TIM2_IRQHandler
                0x0800546c                TIM1_BRK_IRQHandler
                0x0800546c                RTCAlarm_IRQHandler
                0x0800546c                I2C2_ER_IRQHandler
                0x0800546c                DMA1_Channel2_IRQHandler
                0x0800546c                CAN1_SCE_IRQHandler
                0x0800546c                FLASH_IRQHandler
                0x0800546c                USBWakeUp_IRQHandler
 .text.NMI_Handler
                0x0800546e        0xc src\stm32f1xx_it.o
                0x0800546e                NMI_Handler
 .text.HardFault_Handler
                0x0800547a        0x6 src\stm32f1xx_it.o
                0x0800547a                HardFault_Handler
 .text.MemManage_Handler
                0x08005480        0x6 src\stm32f1xx_it.o
                0x08005480                MemManage_Handler
 .text.BusFault_Handler
                0x08005486        0x6 src\stm32f1xx_it.o
                0x08005486                BusFault_Handler
 .text.UsageFault_Handler
                0x0800548c        0x6 src\stm32f1xx_it.o
                0x0800548c                UsageFault_Handler
 .text.SVC_Handler
                0x08005492        0xc src\stm32f1xx_it.o
                0x08005492                SVC_Handler
 .text.DebugMon_Handler
                0x0800549e        0xc src\stm32f1xx_it.o
                0x0800549e                DebugMon_Handler
 .text.PendSV_Handler
                0x080054aa        0xc src\stm32f1xx_it.o
                0x080054aa                PendSV_Handler
 *fill*         0x080054b6        0x2 
 .text.SystemInit
                0x080054b8       0x68 src\system_stm32f10x.o
                0x080054b8                SystemInit
 .text.SetSysClock
                0x08005520        0xc src\system_stm32f10x.o
 .text.SetSysClockTo72
                0x0800552c      0x100 src\system_stm32f10x.o
 .text._ZdlPv   0x0800562c        0x4 c:/program files (x86)/atollic/truestudio for stm32 9.0.1/armtools/bin/../lib/gcc/arm-atollic-eabi/6.3.1/../../../../arm-atollic-eabi/lib/armv7-m\libstdc++_nano.a(del_op.o)
                0x0800562c                operator delete(void*)
 .text.__aeabi_atexit
                0x08005630        0xa c:/program files (x86)/atollic/truestudio for stm32 9.0.1/armtools/bin/../lib/gcc/arm-atollic-eabi/6.3.1/../../../../arm-atollic-eabi/lib/armv7-m\libstdc++_nano.a(atexit_arm.o)
                0x08005630                __aeabi_atexit
 .text.__cxa_pure_virtual
                0x0800563a        0x6 c:/program files (x86)/atollic/truestudio for stm32 9.0.1/armtools/bin/../lib/gcc/arm-atollic-eabi/6.3.1/../../../../arm-atollic-eabi/lib/armv7-m\libstdc++_nano.a(pure.o)
                0x0800563a                __cxa_pure_virtual
 .text._ZN10__cxxabiv111__terminateEPFvvE
                0x08005640        0x8 c:/program files (x86)/atollic/truestudio for stm32 9.0.1/armtools/bin/../lib/gcc/arm-atollic-eabi/6.3.1/../../../../arm-atollic-eabi/lib/armv7-m\libstdc++_nano.a(eh_terminate.o)
                0x08005640                __cxxabiv1::__terminate(void (*)())
 .text._ZSt13get_terminatev
                0x08005648       0x10 c:/program files (x86)/atollic/truestudio for stm32 9.0.1/armtools/bin/../lib/gcc/arm-atollic-eabi/6.3.1/../../../../arm-atollic-eabi/lib/armv7-m\libstdc++_nano.a(eh_terminate.o)
                0x08005648                std::get_terminate()
 .text._ZSt9terminatev
                0x08005658        0xa c:/program files (x86)/atollic/truestudio for stm32 9.0.1/armtools/bin/../lib/gcc/arm-atollic-eabi/6.3.1/../../../../arm-atollic-eabi/lib/armv7-m\libstdc++_nano.a(eh_terminate.o)
                0x08005658                std::terminate()
 .text.abort    0x08005662        0xe c:/program files (x86)/atollic/truestudio for stm32 9.0.1/armtools/bin/../lib/gcc/arm-atollic-eabi/6.3.1/../../../../arm-atollic-eabi/lib/armv7-m\libc_nano.a(lib_a-abort.o)
                0x08005662                abort
 .text.__cxa_atexit
                0x08005670       0x1c c:/program files (x86)/atollic/truestudio for stm32 9.0.1/armtools/bin/../lib/gcc/arm-atollic-eabi/6.3.1/../../../../arm-atollic-eabi/lib/armv7-m\libc_nano.a(lib_a-cxa_atexit.o)
                0x08005670                __cxa_atexit
 .text.__libc_init_array
                0x0800568c       0x48 c:/program files (x86)/atollic/truestudio for stm32 9.0.1/armtools/bin/../lib/gcc/arm-atollic-eabi/6.3.1/../../../../arm-atollic-eabi/lib/armv7-m\libc_nano.a(lib_a-init.o)
                0x0800568c                __libc_init_array
 .text.free     0x080056d4       0x10 c:/program files (x86)/atollic/truestudio for stm32 9.0.1/armtools/bin/../lib/gcc/arm-atollic-eabi/6.3.1/../../../../arm-atollic-eabi/lib/armv7-m\libc_nano.a(lib_a-malloc.o)
                0x080056d4                free
 .text._free_r  0x080056e4       0x98 c:/program files (x86)/atollic/truestudio for stm32 9.0.1/armtools/bin/../lib/gcc/arm-atollic-eabi/6.3.1/../../../../arm-atollic-eabi/lib/armv7-m\libc_nano.a(lib_a-nano-freer.o)
                0x080056e4                _free_r
 .text._raise_r
                0x0800577c       0x50 c:/program files (x86)/atollic/truestudio for stm32 9.0.1/armtools/bin/../lib/gcc/arm-atollic-eabi/6.3.1/../../../../arm-atollic-eabi/lib/armv7-m\libc_nano.a(lib_a-signal.o)
                0x0800577c                _raise_r
 .text.raise    0x080057cc       0x10 c:/program files (x86)/atollic/truestudio for stm32 9.0.1/armtools/bin/../lib/gcc/arm-atollic-eabi/6.3.1/../../../../arm-atollic-eabi/lib/armv7-m\libc_nano.a(lib_a-signal.o)
                0x080057cc                raise
 .text._kill_r  0x080057dc       0x24 c:/program files (x86)/atollic/truestudio for stm32 9.0.1/armtools/bin/../lib/gcc/arm-atollic-eabi/6.3.1/../../../../arm-atollic-eabi/lib/armv7-m\libc_nano.a(lib_a-signalr.o)
                0x080057dc                _kill_r
 .text._getpid_r
                0x08005800        0x4 c:/program files (x86)/atollic/truestudio for stm32 9.0.1/armtools/bin/../lib/gcc/arm-atollic-eabi/6.3.1/../../../../arm-atollic-eabi/lib/armv7-m\libc_nano.a(lib_a-signalr.o)
                0x08005800                _getpid_r
 .text.__malloc_lock
                0x08005804        0x2 c:/program files (x86)/atollic/truestudio for stm32 9.0.1/armtools/bin/../lib/gcc/arm-atollic-eabi/6.3.1/../../../../arm-atollic-eabi/lib/armv7-m\libc_nano.a(lib_a-mlock.o)
                0x08005804                __malloc_lock
 .text.__malloc_unlock
                0x08005806        0x2 c:/program files (x86)/atollic/truestudio for stm32 9.0.1/armtools/bin/../lib/gcc/arm-atollic-eabi/6.3.1/../../../../arm-atollic-eabi/lib/armv7-m\libc_nano.a(lib_a-mlock.o)
                0x08005806                __malloc_unlock
 .text._getpid  0x08005808       0x10 c:/program files (x86)/atollic/truestudio for stm32 9.0.1/armtools/bin/../lib/gcc/arm-atollic-eabi/6.3.1/../../../../arm-atollic-eabi/lib/armv7-m\libnosys.a(getpid.o)
                0x08005808                _getpid
 .text._kill    0x08005818       0x10 c:/program files (x86)/atollic/truestudio for stm32 9.0.1/armtools/bin/../lib/gcc/arm-atollic-eabi/6.3.1/../../../../arm-atollic-eabi/lib/armv7-m\libnosys.a(kill.o)
                0x08005818                _kill
 .text._exit    0x08005828        0x2 c:/program files (x86)/atollic/truestudio for stm32 9.0.1/armtools/bin/../lib/gcc/arm-atollic-eabi/6.3.1/../../../../arm-atollic-eabi/lib/armv7-m\libnosys.a(_exit.o)
                0x08005828                _exit
 *(.glue_7)
 .glue_7        0x0800582a        0x0 linker stubs
 *(.glue_7t)
 .glue_7t       0x0800582a        0x0 linker stubs
 *(.eh_frame)
 *fill*         0x0800582a        0x2 
 .eh_frame      0x0800582c        0x0 c:/program files (x86)/atollic/truestudio for stm32 9.0.1/armtools/bin/../lib/gcc/arm-atollic-eabi/6.3.1/armv7-m/crtbegin.o
 *(.init)
 .init          0x0800582c        0x4 c:/program files (x86)/atollic/truestudio for stm32 9.0.1/armtools/bin/../lib/gcc/arm-atollic-eabi/6.3.1/armv7-m/crti.o
                0x0800582c                _init
 .init          0x08005830        0x8 c:/program files (x86)/atollic/truestudio for stm32 9.0.1/armtools/bin/../lib/gcc/arm-atollic-eabi/6.3.1/armv7-m/crtn.o
 *(.fini)
 .fini          0x08005838        0x4 c:/program files (x86)/atollic/truestudio for stm32 9.0.1/armtools/bin/../lib/gcc/arm-atollic-eabi/6.3.1/armv7-m/crti.o
                0x08005838                _fini
 .fini          0x0800583c        0x8 c:/program files (x86)/atollic/truestudio for stm32 9.0.1/armtools/bin/../lib/gcc/arm-atollic-eabi/6.3.1/armv7-m/crtn.o
                0x08005844                . = ALIGN (0x4)
                0x08005844                _etext = .

.vfp11_veneer   0x08005844        0x0
 .vfp11_veneer  0x08005844        0x0 linker stubs

.v4_bx          0x08005844        0x0
 .v4_bx         0x08005844        0x0 linker stubs

.iplt           0x08005844        0x0
 .iplt          0x08005844        0x0 c:/program files (x86)/atollic/truestudio for stm32 9.0.1/armtools/bin/../lib/gcc/arm-atollic-eabi/6.3.1/armv7-m/crtbegin.o

.rodata         0x08005844      0x2f4
                0x08005844                . = ALIGN (0x4)
 *(.rodata)
 .rodata        0x08005844       0x10 src\Print.o
 .rodata        0x08005854      0x22a src\main.o
 *(.rodata*)
 *fill*         0x08005a7e        0x2 
 .rodata._ZTV5Print
                0x08005a80       0x18 src\Print.o
                0x08005a80                vtable for Print
 .rodata._ZTVN5SDLib4FileE
                0x08005a98       0x24 src\SD\File.o
                0x08005a98                vtable for SDLib::File
 .rodata._ZTV6Stream
                0x08005abc       0x24 src\SD\File.o
                0x08005abc                vtable for Stream
 .rodata._ZTV6SdFile
                0x08005ae0       0x18 src\SD\utility\SdFile.o
                0x08005ae0                vtable for SdFile
 .rodata._ZTV8SPIClass
                0x08005af8       0x10 src\SPI\SPIClass.o
                0x08005af8                vtable for SPIClass
 .rodata._ZTV14HardwareSerial
                0x08005b08       0x20 src\Serial\Serial.o
                0x08005b08                vtable for HardwareSerial
 .rodata._ZTV7TwoWire
                0x08005b28       0x10 src\Wire\Wire.o
                0x08005b28                vtable for TwoWire
                0x08005b38                . = ALIGN (0x4)

.rel.dyn        0x08005b38        0x0
 .rel.iplt      0x08005b38        0x0 c:/program files (x86)/atollic/truestudio for stm32 9.0.1/armtools/bin/../lib/gcc/arm-atollic-eabi/6.3.1/armv7-m/crtbegin.o

.ARM.extab
 *(.ARM.extab* .gnu.linkonce.armextab.*)

.ARM            0x08005b38        0x0
                0x08005b38                __exidx_start = .
 *(.ARM.exidx*)
                0x08005b38                __exidx_end = .

.preinit_array  0x08005b38        0x0
                0x08005b38                PROVIDE (__preinit_array_start, .)
 *(.preinit_array*)
                0x08005b38                PROVIDE (__preinit_array_end, .)

.init_array     0x08005b38       0x18
                0x08005b38                PROVIDE (__init_array_start, .)
 *(SORT(.init_array.*))
 *(.init_array*)
 .init_array    0x08005b38        0x4 c:/program files (x86)/atollic/truestudio for stm32 9.0.1/armtools/bin/../lib/gcc/arm-atollic-eabi/6.3.1/armv7-m/crtbegin.o
 .init_array    0x08005b3c        0x4 src\SD\SD.o
 .init_array    0x08005b40        0x4 src\SPI\SPIClass.o
 .init_array    0x08005b44        0x4 src\Serial\Serial.o
 .init_array    0x08005b48        0x4 src\Wire\Wire.o
 .init_array    0x08005b4c        0x4 src\main.o
                0x08005b50                PROVIDE (__init_array_end, .)

.fini_array     0x08005b50        0x4
                [!provide]                PROVIDE (__fini_array_start, .)
 *(SORT(.fini_array.*))
 *(.fini_array*)
 .fini_array    0x08005b50        0x4 c:/program files (x86)/atollic/truestudio for stm32 9.0.1/armtools/bin/../lib/gcc/arm-atollic-eabi/6.3.1/armv7-m/crtbegin.o
                [!provide]                PROVIDE (__fini_array_end, .)
                0x08005b54                _sidata = LOADADDR (.data)

.data           0x20000000       0x88 load address 0x08005b54
                0x20000000                . = ALIGN (0x4)
                0x20000000                _sdata = .
 *(.data)
 .data          0x20000000        0x4 c:/program files (x86)/atollic/truestudio for stm32 9.0.1/armtools/bin/../lib/gcc/arm-atollic-eabi/6.3.1/armv7-m/crtbegin.o
                0x20000000                __dso_handle
 *(.data*)
 .data.APBAHBPrescTable
                0x20000004       0x10 Libraries\STM32F10x_StdPeriph_Driver\src\stm32f10x_rcc.o
 .data.ADCPrescTable
                0x20000014        0x4 Libraries\STM32F10x_StdPeriph_Driver\src\stm32f10x_rcc.o
 .data._ZN8SdVolume17cacheBlockNumber_E
                0x20000018        0x4 src\SD\utility\SdVolume.o
                0x20000018                SdVolume::cacheBlockNumber_
 .data.SystemCoreClock
                0x2000001c        0x4 src\system_stm32f10x.o
                0x2000001c                SystemCoreClock
 .data._ZN10__cxxabiv119__terminate_handlerE
                0x20000020        0x4 c:/program files (x86)/atollic/truestudio for stm32 9.0.1/armtools/bin/../lib/gcc/arm-atollic-eabi/6.3.1/../../../../arm-atollic-eabi/lib/armv7-m\libstdc++_nano.a(eh_term_handler.o)
                0x20000020                __cxxabiv1::__terminate_handler
 .data._impure_ptr
                0x20000024        0x4 c:/program files (x86)/atollic/truestudio for stm32 9.0.1/armtools/bin/../lib/gcc/arm-atollic-eabi/6.3.1/../../../../arm-atollic-eabi/lib/armv7-m\libc_nano.a(lib_a-impure.o)
                0x20000024                _impure_ptr
 .data.impure_data
                0x20000028       0x60 c:/program files (x86)/atollic/truestudio for stm32 9.0.1/armtools/bin/../lib/gcc/arm-atollic-eabi/6.3.1/../../../../arm-atollic-eabi/lib/armv7-m\libc_nano.a(lib_a-impure.o)
                0x20000088                . = ALIGN (0x4)
                0x20000088                _edata = .

.igot.plt       0x20000088        0x0 load address 0x08005bdc
 .igot.plt      0x20000088        0x0 c:/program files (x86)/atollic/truestudio for stm32 9.0.1/armtools/bin/../lib/gcc/arm-atollic-eabi/6.3.1/armv7-m/crtbegin.o
                0x20000088                . = ALIGN (0x4)

.bss            0x20000088      0x3d0 load address 0x08005bdc
                0x20000088                _sbss = .
                0x20000088                __bss_start__ = _sbss
 *(.bss)
 .bss           0x20000088       0x1c c:/program files (x86)/atollic/truestudio for stm32 9.0.1/armtools/bin/../lib/gcc/arm-atollic-eabi/6.3.1/armv7-m/crtbegin.o
 *(.bss*)
 .bss.intFunc   0x200000a4       0x40 src\Interrupt\Interrupt.o
 .bss._ZN5SDLib2SDE
                0x200000e4       0x64 src\SD\SD.o
                0x200000e4                SDLib::SD
 .bss._ZL20chip_select_asserted
                0x20000148        0x1 src\SD\utility\Sd2Card.o
 *fill*         0x20000149        0x3 
 .bss._ZN6SdFile9dateTime_E
                0x2000014c        0x4 src\SD\utility\SdFile.o
                0x2000014c                SdFile::dateTime_
 .bss._ZN8SdVolume12cacheBuffer_E
                0x20000150      0x200 src\SD\utility\SdVolume.o
                0x20000150                SdVolume::cacheBuffer_
 .bss._ZN8SdVolume7sdCard_E
                0x20000350        0x4 src\SD\utility\SdVolume.o
                0x20000350                SdVolume::sdCard_
 .bss._ZN8SdVolume11cacheDirty_E
                0x20000354        0x1 src\SD\utility\SdVolume.o
                0x20000354                SdVolume::cacheDirty_
 *fill*         0x20000355        0x3 
 .bss._ZN8SdVolume17cacheMirrorBlock_E
                0x20000358        0x4 src\SD\utility\SdVolume.o
                0x20000358                SdVolume::cacheMirrorBlock_
 .bss._ZL12receiveEvent
                0x2000035c        0x8 src\SPI\SPIClass.o
 .bss.SPI       0x20000364       0x30 src\SPI\SPIClass.o
                0x20000364                SPI
 .bss.Serial    0x20000394       0x20 src\Serial\Serial.o
                0x20000394                Serial
 .bss._ZL13onRequestFunc
                0x200003b4        0x4 src\Wire\Wire.o
 .bss._ZL13onReceiveFunc
                0x200003b8        0x4 src\Wire\Wire.o
 .bss.status    0x200003bc        0x1 src\Wire\Wire.o
                0x200003bc                status
 *fill*         0x200003bd        0x3 
 .bss.Wire      0x200003c0        0x4 src\Wire\Wire.o
                0x200003c0                Wire
 .bss.myFile    0x200003c4       0x24 src\main.o
                0x200003c4                myFile
 .bss.card      0x200003e8       0x10 src\main.o
                0x200003e8                card
 .bss.volume    0x200003f8       0x28 src\main.o
                0x200003f8                volume
 .bss.root      0x20000420       0x28 src\main.o
                0x20000420                root
 .bss.__malloc_free_list
                0x20000448        0x4 c:/program files (x86)/atollic/truestudio for stm32 9.0.1/armtools/bin/../lib/gcc/arm-atollic-eabi/6.3.1/../../../../arm-atollic-eabi/lib/armv7-m\libc_nano.a(lib_a-nano-mallocr.o)
                0x20000448                __malloc_free_list
 *(COMMON)
 COMMON         0x2000044c        0x8 src\include.o
                0x2000044c                ticker
                0x20000450                us
 COMMON         0x20000454        0x4 c:/program files (x86)/atollic/truestudio for stm32 9.0.1/armtools/bin/../lib/gcc/arm-atollic-eabi/6.3.1/../../../../arm-atollic-eabi/lib/armv7-m\libc_nano.a(lib_a-reent.o)
                0x20000454                errno
                0x20000458                . = ALIGN (0x4)
                0x20000458                _ebss = .
                0x20000458                __bss_end__ = _ebss

._user_heap_stack
                0x20000458      0x100 load address 0x08005bdc
                0x20000458                . = ALIGN (0x4)
                0x20000458                PROVIDE (end, .)
                [!provide]                PROVIDE (_end, .)
                0x20000458                . = (. + _Min_Heap_Size)
                0x20000558                . = (. + _Min_Stack_Size)
 *fill*         0x20000458      0x100 
                0x20000558                . = ALIGN (0x4)

.memory_b1_text
 *(.mb1text)
 *(.mb1text*)
 *(.mb1rodata)
 *(.mb1rodata*)

/DISCARD/
 libc.a(*)
 libm.a(*)
 libgcc.a(*)

.ARM.attributes
                0x00000000       0x29
 *(.ARM.attributes)
 .ARM.attributes
                0x00000000       0x1d c:/program files (x86)/atollic/truestudio for stm32 9.0.1/armtools/bin/../lib/gcc/arm-atollic-eabi/6.3.1/armv7-m/crti.o
 .ARM.attributes
                0x0000001d       0x2d c:/program files (x86)/atollic/truestudio for stm32 9.0.1/armtools/bin/../lib/gcc/arm-atollic-eabi/6.3.1/armv7-m/crtbegin.o
 .ARM.attributes
                0x0000004a       0x33 Libraries\STM32F10x_StdPeriph_Driver\src\misc.o
 .ARM.attributes
                0x0000007d       0x33 Libraries\STM32F10x_StdPeriph_Driver\src\stm32f10x_exti.o
 .ARM.attributes
                0x000000b0       0x33 Libraries\STM32F10x_StdPeriph_Driver\src\stm32f10x_gpio.o
 .ARM.attributes
                0x000000e3       0x33 Libraries\STM32F10x_StdPeriph_Driver\src\stm32f10x_i2c.o
 .ARM.attributes
                0x00000116       0x33 Libraries\STM32F10x_StdPeriph_Driver\src\stm32f10x_rcc.o
 .ARM.attributes
                0x00000149       0x33 Libraries\STM32F10x_StdPeriph_Driver\src\stm32f10x_spi.o
 .ARM.attributes
                0x0000017c       0x33 Libraries\STM32F10x_StdPeriph_Driver\src\stm32f10x_usart.o
 .ARM.attributes
                0x000001af       0x33 src\GPIO\GPIO.o
 .ARM.attributes
                0x000001e2       0x33 src\Interrupt\Interrupt.o
 .ARM.attributes
                0x00000215       0x33 src\Liquid_LCD\LiquidCrystal_I2C.o
 .ARM.attributes
                0x00000248       0x33 src\Print.o
 .ARM.attributes
                0x0000027b       0x33 src\SD\File.o
 .ARM.attributes
                0x000002ae       0x33 src\SD\SD.o
 .ARM.attributes
                0x000002e1       0x33 src\SD\utility\Sd2Card.o
 .ARM.attributes
                0x00000314       0x33 src\SD\utility\SdFile.o
 .ARM.attributes
                0x00000347       0x33 src\SD\utility\SdVolume.o
 .ARM.attributes
                0x0000037a       0x33 src\SPI\SPIClass.o
 .ARM.attributes
                0x000003ad       0x33 src\Serial\Serial.o
 .ARM.attributes
                0x000003e0       0x33 src\Wire\Wire.o
 .ARM.attributes
                0x00000413       0x33 src\Wire\twi\twi.o
 .ARM.attributes
                0x00000446       0x33 src\include.o
 .ARM.attributes
                0x00000479       0x33 src\main.o
 .ARM.attributes
                0x000004ac       0x21 src\startup_stm32f10x_md.o
 .ARM.attributes
                0x000004cd       0x33 src\stm32f1xx_it.o
 .ARM.attributes
                0x00000500       0x33 src\system_stm32f10x.o
 .ARM.attributes
                0x00000533       0x2d c:/program files (x86)/atollic/truestudio for stm32 9.0.1/armtools/bin/../lib/gcc/arm-atollic-eabi/6.3.1/../../../../arm-atollic-eabi/lib/armv7-m\libstdc++_nano.a(del_op.o)
 .ARM.attributes
                0x00000560       0x2d c:/program files (x86)/atollic/truestudio for stm32 9.0.1/armtools/bin/../lib/gcc/arm-atollic-eabi/6.3.1/../../../../arm-atollic-eabi/lib/armv7-m\libstdc++_nano.a(atexit_arm.o)
 .ARM.attributes
                0x0000058d       0x2d c:/program files (x86)/atollic/truestudio for stm32 9.0.1/armtools/bin/../lib/gcc/arm-atollic-eabi/6.3.1/../../../../arm-atollic-eabi/lib/armv7-m\libstdc++_nano.a(pure.o)
 .ARM.attributes
                0x000005ba       0x2d c:/program files (x86)/atollic/truestudio for stm32 9.0.1/armtools/bin/../lib/gcc/arm-atollic-eabi/6.3.1/../../../../arm-atollic-eabi/lib/armv7-m\libstdc++_nano.a(eh_terminate.o)
 .ARM.attributes
                0x000005e7       0x2d c:/program files (x86)/atollic/truestudio for stm32 9.0.1/armtools/bin/../lib/gcc/arm-atollic-eabi/6.3.1/../../../../arm-atollic-eabi/lib/armv7-m\libstdc++_nano.a(eh_term_handler.o)
 .ARM.attributes
                0x00000614       0x2d c:/program files (x86)/atollic/truestudio for stm32 9.0.1/armtools/bin/../lib/gcc/arm-atollic-eabi/6.3.1/../../../../arm-atollic-eabi/lib/armv7-m\libc_nano.a(lib_a-abort.o)
 .ARM.attributes
                0x00000641       0x2d c:/program files (x86)/atollic/truestudio for stm32 9.0.1/armtools/bin/../lib/gcc/arm-atollic-eabi/6.3.1/../../../../arm-atollic-eabi/lib/armv7-m\libc_nano.a(lib_a-cxa_atexit.o)
 .ARM.attributes
                0x0000066e       0x2d c:/program files (x86)/atollic/truestudio for stm32 9.0.1/armtools/bin/../lib/gcc/arm-atollic-eabi/6.3.1/../../../../arm-atollic-eabi/lib/armv7-m\libc_nano.a(lib_a-impure.o)
 .ARM.attributes
                0x0000069b       0x2d c:/program files (x86)/atollic/truestudio for stm32 9.0.1/armtools/bin/../lib/gcc/arm-atollic-eabi/6.3.1/../../../../arm-atollic-eabi/lib/armv7-m\libc_nano.a(lib_a-init.o)
 .ARM.attributes
                0x000006c8       0x2d c:/program files (x86)/atollic/truestudio for stm32 9.0.1/armtools/bin/../lib/gcc/arm-atollic-eabi/6.3.1/../../../../arm-atollic-eabi/lib/armv7-m\libc_nano.a(lib_a-malloc.o)
 .ARM.attributes
                0x000006f5       0x2d c:/program files (x86)/atollic/truestudio for stm32 9.0.1/armtools/bin/../lib/gcc/arm-atollic-eabi/6.3.1/../../../../arm-atollic-eabi/lib/armv7-m\libc_nano.a(lib_a-nano-freer.o)
 .ARM.attributes
                0x00000722       0x2d c:/program files (x86)/atollic/truestudio for stm32 9.0.1/armtools/bin/../lib/gcc/arm-atollic-eabi/6.3.1/../../../../arm-atollic-eabi/lib/armv7-m\libc_nano.a(lib_a-nano-mallocr.o)
 .ARM.attributes
                0x0000074f       0x2d c:/program files (x86)/atollic/truestudio for stm32 9.0.1/armtools/bin/../lib/gcc/arm-atollic-eabi/6.3.1/../../../../arm-atollic-eabi/lib/armv7-m\libc_nano.a(lib_a-signal.o)
 .ARM.attributes
                0x0000077c       0x2d c:/program files (x86)/atollic/truestudio for stm32 9.0.1/armtools/bin/../lib/gcc/arm-atollic-eabi/6.3.1/../../../../arm-atollic-eabi/lib/armv7-m\libc_nano.a(lib_a-signalr.o)
 .ARM.attributes
                0x000007a9       0x17 c:/program files (x86)/atollic/truestudio for stm32 9.0.1/armtools/bin/../lib/gcc/arm-atollic-eabi/6.3.1/../../../../arm-atollic-eabi/lib/armv7-m\libc_nano.a(lib_a-strlen.o)
 .ARM.attributes
                0x000007c0       0x2d c:/program files (x86)/atollic/truestudio for stm32 9.0.1/armtools/bin/../lib/gcc/arm-atollic-eabi/6.3.1/../../../../arm-atollic-eabi/lib/armv7-m\libc_nano.a(lib_a-mlock.o)
 .ARM.attributes
                0x000007ed       0x2d c:/program files (x86)/atollic/truestudio for stm32 9.0.1/armtools/bin/../lib/gcc/arm-atollic-eabi/6.3.1/../../../../arm-atollic-eabi/lib/armv7-m\libc_nano.a(lib_a-reent.o)
 .ARM.attributes
                0x0000081a       0x1d c:/program files (x86)/atollic/truestudio for stm32 9.0.1/armtools/bin/../lib/gcc/arm-atollic-eabi/6.3.1/armv7-m\libgcc.a(_arm_addsubdf3.o)
 .ARM.attributes
                0x00000837       0x1d c:/program files (x86)/atollic/truestudio for stm32 9.0.1/armtools/bin/../lib/gcc/arm-atollic-eabi/6.3.1/armv7-m\libgcc.a(_arm_muldivdf3.o)
 .ARM.attributes
                0x00000854       0x1d c:/program files (x86)/atollic/truestudio for stm32 9.0.1/armtools/bin/../lib/gcc/arm-atollic-eabi/6.3.1/armv7-m\libgcc.a(_arm_cmpdf2.o)
 .ARM.attributes
                0x00000871       0x1d c:/program files (x86)/atollic/truestudio for stm32 9.0.1/armtools/bin/../lib/gcc/arm-atollic-eabi/6.3.1/armv7-m\libgcc.a(_arm_unorddf2.o)
 .ARM.attributes
                0x0000088e       0x1d c:/program files (x86)/atollic/truestudio for stm32 9.0.1/armtools/bin/../lib/gcc/arm-atollic-eabi/6.3.1/armv7-m\libgcc.a(_arm_fixunsdfsi.o)
 .ARM.attributes
                0x000008ab       0x1d c:/program files (x86)/atollic/truestudio for stm32 9.0.1/armtools/bin/../lib/gcc/arm-atollic-eabi/6.3.1/armv7-m\libgcc.a(_arm_addsubsf3.o)
 .ARM.attributes
                0x000008c8       0x2d c:/program files (x86)/atollic/truestudio for stm32 9.0.1/armtools/bin/../lib/gcc/arm-atollic-eabi/6.3.1/../../../../arm-atollic-eabi/lib/armv7-m\libnosys.a(getpid.o)
 .ARM.attributes
                0x000008f5       0x2d c:/program files (x86)/atollic/truestudio for stm32 9.0.1/armtools/bin/../lib/gcc/arm-atollic-eabi/6.3.1/../../../../arm-atollic-eabi/lib/armv7-m\libnosys.a(kill.o)
 .ARM.attributes
                0x00000922       0x2d c:/program files (x86)/atollic/truestudio for stm32 9.0.1/armtools/bin/../lib/gcc/arm-atollic-eabi/6.3.1/../../../../arm-atollic-eabi/lib/armv7-m\libnosys.a(_exit.o)
 .ARM.attributes
                0x0000094f       0x1d c:/program files (x86)/atollic/truestudio for stm32 9.0.1/armtools/bin/../lib/gcc/arm-atollic-eabi/6.3.1/armv7-m/crtn.o
OUTPUT(GPIO.elf elf32-littlearm)

.debug_info     0x00000000    0x2779d
 .debug_info    0x00000000      0x54d Libraries\STM32F10x_StdPeriph_Driver\src\misc.o
 .debug_info    0x0000054d      0x360 Libraries\STM32F10x_StdPeriph_Driver\src\stm32f10x_exti.o
 .debug_info    0x000008ad      0x701 Libraries\STM32F10x_StdPeriph_Driver\src\stm32f10x_gpio.o
 .debug_info    0x00000fae      0xb17 Libraries\STM32F10x_StdPeriph_Driver\src\stm32f10x_i2c.o
 .debug_info    0x00001ac5      0x8b2 Libraries\STM32F10x_StdPeriph_Driver\src\stm32f10x_rcc.o
 .debug_info    0x00002377      0x906 Libraries\STM32F10x_StdPeriph_Driver\src\stm32f10x_spi.o
 .debug_info    0x00002c7d      0x9fb Libraries\STM32F10x_StdPeriph_Driver\src\stm32f10x_usart.o
 .debug_info    0x00003678     0x139a src\GPIO\GPIO.o
 .debug_info    0x00004a12      0xe08 src\Interrupt\Interrupt.o
 .debug_info    0x0000581a     0x1a0c src\Liquid_LCD\LiquidCrystal_I2C.o
 .debug_info    0x00007226     0x189e src\Print.o
 .debug_info    0x00008ac4     0x4a64 src\SD\File.o
 .debug_info    0x0000d528     0x4908 src\SD\SD.o
 .debug_info    0x00011e30     0x2677 src\SD\utility\Sd2Card.o
 .debug_info    0x000144a7     0x4892 src\SD\utility\SdFile.o
 .debug_info    0x00018d39     0x2eb4 src\SD\utility\SdVolume.o
 .debug_info    0x0001bbed     0x1ada src\SPI\SPIClass.o
 .debug_info    0x0001d6c7     0x17a5 src\Serial\Serial.o
 .debug_info    0x0001ee6c     0x1cf9 src\Wire\Wire.o
 .debug_info    0x00020b65      0xe9b src\Wire\twi\twi.o
 .debug_info    0x00021a00      0xfd0 src\include.o
 .debug_info    0x000229d0     0x3efe src\main.o
 .debug_info    0x000268ce       0x76 src\startup_stm32f10x_md.o
 .debug_info    0x00026944      0x9b2 src\stm32f1xx_it.o
 .debug_info    0x000272f6      0x4a7 src\system_stm32f10x.o

.debug_abbrev   0x00000000     0x55a2
 .debug_abbrev  0x00000000      0x172 Libraries\STM32F10x_StdPeriph_Driver\src\misc.o
 .debug_abbrev  0x00000172      0x168 Libraries\STM32F10x_StdPeriph_Driver\src\stm32f10x_exti.o
 .debug_abbrev  0x000002da      0x1dd Libraries\STM32F10x_StdPeriph_Driver\src\stm32f10x_gpio.o
 .debug_abbrev  0x000004b7      0x191 Libraries\STM32F10x_StdPeriph_Driver\src\stm32f10x_i2c.o
 .debug_abbrev  0x00000648      0x1cf Libraries\STM32F10x_StdPeriph_Driver\src\stm32f10x_rcc.o
 .debug_abbrev  0x00000817      0x1ab Libraries\STM32F10x_StdPeriph_Driver\src\stm32f10x_spi.o
 .debug_abbrev  0x000009c2      0x18f Libraries\STM32F10x_StdPeriph_Driver\src\stm32f10x_usart.o
 .debug_abbrev  0x00000b51      0x2a4 src\GPIO\GPIO.o
 .debug_abbrev  0x00000df5      0x218 src\Interrupt\Interrupt.o
 .debug_abbrev  0x0000100d      0x433 src\Liquid_LCD\LiquidCrystal_I2C.o
 .debug_abbrev  0x00001440      0x37f src\Print.o
 .debug_abbrev  0x000017bf      0x6af src\SD\File.o
 .debug_abbrev  0x00001e6e      0x76a src\SD\SD.o
 .debug_abbrev  0x000025d8      0x4ce src\SD\utility\Sd2Card.o
 .debug_abbrev  0x00002aa6      0x779 src\SD\utility\SdFile.o
 .debug_abbrev  0x0000321f      0x540 src\SD\utility\SdVolume.o
 .debug_abbrev  0x0000375f      0x4ee src\SPI\SPIClass.o
 .debug_abbrev  0x00003c4d      0x4e8 src\Serial\Serial.o
 .debug_abbrev  0x00004135      0x555 src\Wire\Wire.o
 .debug_abbrev  0x0000468a      0x282 src\Wire\twi\twi.o
 .debug_abbrev  0x0000490c      0x319 src\include.o
 .debug_abbrev  0x00004c25      0x662 src\main.o
 .debug_abbrev  0x00005287       0x12 src\startup_stm32f10x_md.o
 .debug_abbrev  0x00005299      0x19b src\stm32f1xx_it.o
 .debug_abbrev  0x00005434      0x16e src\system_stm32f10x.o

.debug_aranges  0x00000000     0x1270
 .debug_aranges
                0x00000000       0x40 Libraries\STM32F10x_StdPeriph_Driver\src\misc.o
 .debug_aranges
                0x00000040       0x58 Libraries\STM32F10x_StdPeriph_Driver\src\stm32f10x_exti.o
 .debug_aranges
                0x00000098       0xa8 Libraries\STM32F10x_StdPeriph_Driver\src\stm32f10x_gpio.o
 .debug_aranges
                0x00000140      0x120 Libraries\STM32F10x_StdPeriph_Driver\src\stm32f10x_i2c.o
 .debug_aranges
                0x00000260      0x118 Libraries\STM32F10x_StdPeriph_Driver\src\stm32f10x_rcc.o
 .debug_aranges
                0x00000378       0xd0 Libraries\STM32F10x_StdPeriph_Driver\src\stm32f10x_spi.o
 .debug_aranges
                0x00000448      0x100 Libraries\STM32F10x_StdPeriph_Driver\src\stm32f10x_usart.o
 .debug_aranges
                0x00000548       0x80 src\GPIO\GPIO.o
 .debug_aranges
                0x000005c8       0x58 src\Interrupt\Interrupt.o
 .debug_aranges
                0x00000620      0x120 src\Liquid_LCD\LiquidCrystal_I2C.o
 .debug_aranges
                0x00000740       0xd0 src\Print.o
 .debug_aranges
                0x00000810      0x108 src\SD\File.o
 .debug_aranges
                0x00000918      0x140 src\SD\SD.o
 .debug_aranges
                0x00000a58       0xf8 src\SD\utility\Sd2Card.o
 .debug_aranges
                0x00000b50      0x240 src\SD\utility\SdFile.o
 .debug_aranges
                0x00000d90       0x78 src\SD\utility\SdVolume.o
 .debug_aranges
                0x00000e08       0xc0 src\SPI\SPIClass.o
 .debug_aranges
                0x00000ec8       0x90 src\Serial\Serial.o
 .debug_aranges
                0x00000f58       0xe0 src\Wire\Wire.o
 .debug_aranges
                0x00001038       0x78 src\Wire\twi\twi.o
 .debug_aranges
                0x000010b0       0x78 src\include.o
 .debug_aranges
                0x00001128       0x90 src\main.o
 .debug_aranges
                0x000011b8       0x28 src\startup_stm32f10x_md.o
 .debug_aranges
                0x000011e0       0x58 src\stm32f1xx_it.o
 .debug_aranges
                0x00001238       0x38 src\system_stm32f10x.o

.debug_ranges   0x00000000     0x1178
 .debug_ranges  0x00000000       0x30 Libraries\STM32F10x_StdPeriph_Driver\src\misc.o
 .debug_ranges  0x00000030       0x48 Libraries\STM32F10x_StdPeriph_Driver\src\stm32f10x_exti.o
 .debug_ranges  0x00000078       0x98 Libraries\STM32F10x_StdPeriph_Driver\src\stm32f10x_gpio.o
 .debug_ranges  0x00000110      0x110 Libraries\STM32F10x_StdPeriph_Driver\src\stm32f10x_i2c.o
 .debug_ranges  0x00000220      0x108 Libraries\STM32F10x_StdPeriph_Driver\src\stm32f10x_rcc.o
 .debug_ranges  0x00000328       0xc0 Libraries\STM32F10x_StdPeriph_Driver\src\stm32f10x_spi.o
 .debug_ranges  0x000003e8       0xf0 Libraries\STM32F10x_StdPeriph_Driver\src\stm32f10x_usart.o
 .debug_ranges  0x000004d8       0x70 src\GPIO\GPIO.o
 .debug_ranges  0x00000548       0x48 src\Interrupt\Interrupt.o
 .debug_ranges  0x00000590      0x110 src\Liquid_LCD\LiquidCrystal_I2C.o
 .debug_ranges  0x000006a0       0xc0 src\Print.o
 .debug_ranges  0x00000760       0xf8 src\SD\File.o
 .debug_ranges  0x00000858      0x148 src\SD\SD.o
 .debug_ranges  0x000009a0       0xe8 src\SD\utility\Sd2Card.o
 .debug_ranges  0x00000a88      0x290 src\SD\utility\SdFile.o
 .debug_ranges  0x00000d18       0x80 src\SD\utility\SdVolume.o
 .debug_ranges  0x00000d98       0xb0 src\SPI\SPIClass.o
 .debug_ranges  0x00000e48       0x80 src\Serial\Serial.o
 .debug_ranges  0x00000ec8       0xd0 src\Wire\Wire.o
 .debug_ranges  0x00000f98       0x68 src\Wire\twi\twi.o
 .debug_ranges  0x00001000       0x68 src\include.o
 .debug_ranges  0x00001068       0x80 src\main.o
 .debug_ranges  0x000010e8       0x20 src\startup_stm32f10x_md.o
 .debug_ranges  0x00001108       0x48 src\stm32f1xx_it.o
 .debug_ranges  0x00001150       0x28 src\system_stm32f10x.o

.debug_line     0x00000000     0x8bf4
 .debug_line    0x00000000      0x25c Libraries\STM32F10x_StdPeriph_Driver\src\misc.o
 .debug_line    0x0000025c      0x2bf Libraries\STM32F10x_StdPeriph_Driver\src\stm32f10x_exti.o
 .debug_line    0x0000051b      0x3e9 Libraries\STM32F10x_StdPeriph_Driver\src\stm32f10x_gpio.o
 .debug_line    0x00000904      0x4fe Libraries\STM32F10x_StdPeriph_Driver\src\stm32f10x_i2c.o
 .debug_line    0x00000e02      0x4e4 Libraries\STM32F10x_StdPeriph_Driver\src\stm32f10x_rcc.o
 .debug_line    0x000012e6      0x446 Libraries\STM32F10x_StdPeriph_Driver\src\stm32f10x_spi.o
 .debug_line    0x0000172c      0x4cb Libraries\STM32F10x_StdPeriph_Driver\src\stm32f10x_usart.o
 .debug_line    0x00001bf7      0x569 src\GPIO\GPIO.o
 .debug_line    0x00002160      0x425 src\Interrupt\Interrupt.o
 .debug_line    0x00002585      0x6ef src\Liquid_LCD\LiquidCrystal_I2C.o
 .debug_line    0x00002c74      0x5c9 src\Print.o
 .debug_line    0x0000323d      0x7a4 src\SD\File.o
 .debug_line    0x000039e1      0x8d4 src\SD\SD.o
 .debug_line    0x000042b5      0x8cb src\SD\utility\Sd2Card.o
 .debug_line    0x00004b80     0x1041 src\SD\utility\SdFile.o
 .debug_line    0x00005bc1      0x72a src\SD\utility\SdVolume.o
 .debug_line    0x000062eb      0x6d1 src\SPI\SPIClass.o
 .debug_line    0x000069bc      0x65a src\Serial\Serial.o
 .debug_line    0x00007016      0x764 src\Wire\Wire.o
 .debug_line    0x0000777a      0x426 src\Wire\twi\twi.o
 .debug_line    0x00007ba0      0x3ae src\include.o
 .debug_line    0x00007f4e      0x6b7 src\main.o
 .debug_line    0x00008605       0x7c src\startup_stm32f10x_md.o
 .debug_line    0x00008681      0x329 src\stm32f1xx_it.o
 .debug_line    0x000089aa      0x24a src\system_stm32f10x.o

.debug_str      0x00000000     0x79c5
 .debug_str     0x00000000      0x3b8 Libraries\STM32F10x_StdPeriph_Driver\src\misc.o
                                0x42d (size before relaxing)
 .debug_str     0x000003b8      0x1d7 Libraries\STM32F10x_StdPeriph_Driver\src\stm32f10x_exti.o
                                0x3b8 (size before relaxing)
 .debug_str     0x0000058f      0x348 Libraries\STM32F10x_StdPeriph_Driver\src\stm32f10x_gpio.o
                                0x588 (size before relaxing)
 .debug_str     0x000008d7      0x432 Libraries\STM32F10x_StdPeriph_Driver\src\stm32f10x_i2c.o
                                0x6d5 (size before relaxing)
 .debug_str     0x00000d09      0x3cb Libraries\STM32F10x_StdPeriph_Driver\src\stm32f10x_rcc.o
                                0x689 (size before relaxing)
 .debug_str     0x000010d4      0x34f Libraries\STM32F10x_StdPeriph_Driver\src\stm32f10x_spi.o
                                0x66c (size before relaxing)
 .debug_str     0x00001423      0x403 Libraries\STM32F10x_StdPeriph_Driver\src\stm32f10x_usart.o
                                0x6ff (size before relaxing)
 .debug_str     0x00001826      0x8cd src\GPIO\GPIO.o
                                0xccc (size before relaxing)
 .debug_str     0x000020f3      0x3b2 src\Interrupt\Interrupt.o
                                0xcd7 (size before relaxing)
 .debug_str     0x000024a5      0xa2b src\Liquid_LCD\LiquidCrystal_I2C.o
                               0x1041 (size before relaxing)
 .debug_str     0x00002ed0      0x2ed src\Print.o
                                0xaad (size before relaxing)
 .debug_str     0x000031bd     0x29f5 src\SD\File.o
                               0x33ff (size before relaxing)
 .debug_str     0x00005bb2      0x429 src\SD\SD.o
                               0x3124 (size before relaxing)
 .debug_str     0x00005fdb       0xba src\SD\utility\Sd2Card.o
                               0x14a3 (size before relaxing)
 .debug_str     0x00006095      0x997 src\SD\utility\SdFile.o
                               0x2c10 (size before relaxing)
 .debug_str     0x00006a2c       0xf1 src\SD\utility\SdVolume.o
                               0x20aa (size before relaxing)
 .debug_str     0x00006b1d      0x401 src\SPI\SPIClass.o
                               0x12a7 (size before relaxing)
 .debug_str     0x00006f1e      0x24a src\Serial\Serial.o
                               0x114b (size before relaxing)
 .debug_str     0x00007168      0x543 src\Wire\Wire.o
                               0x146d (size before relaxing)
 .debug_str     0x000076ab       0xd3 src\Wire\twi\twi.o
                                0x97a (size before relaxing)
 .debug_str     0x0000777e       0xe9 src\include.o
                                0xafa (size before relaxing)
 .debug_str     0x00007867       0x4d src\main.o
                               0x2d2f (size before relaxing)
 .debug_str     0x000078b4       0x96 src\stm32f1xx_it.o
                                0x6e3 (size before relaxing)
 .debug_str     0x0000794a       0x7b src\system_stm32f10x.o
                                0x32a (size before relaxing)

.comment        0x00000000       0x7c
 .comment       0x00000000       0x7c Libraries\STM32F10x_StdPeriph_Driver\src\misc.o
                                 0x7d (size before relaxing)
 .comment       0x0000007c       0x7d Libraries\STM32F10x_StdPeriph_Driver\src\stm32f10x_exti.o
 .comment       0x0000007c       0x7d Libraries\STM32F10x_StdPeriph_Driver\src\stm32f10x_gpio.o
 .comment       0x0000007c       0x7d Libraries\STM32F10x_StdPeriph_Driver\src\stm32f10x_i2c.o
 .comment       0x0000007c       0x7d Libraries\STM32F10x_StdPeriph_Driver\src\stm32f10x_rcc.o
 .comment       0x0000007c       0x7d Libraries\STM32F10x_StdPeriph_Driver\src\stm32f10x_spi.o
 .comment       0x0000007c       0x7d Libraries\STM32F10x_StdPeriph_Driver\src\stm32f10x_usart.o
 .comment       0x0000007c       0x7d src\GPIO\GPIO.o
 .comment       0x0000007c       0x7d src\Interrupt\Interrupt.o
 .comment       0x0000007c       0x7d src\Liquid_LCD\LiquidCrystal_I2C.o
 .comment       0x0000007c       0x7d src\Print.o
 .comment       0x0000007c       0x7d src\SD\File.o
 .comment       0x0000007c       0x7d src\SD\SD.o
 .comment       0x0000007c       0x7d src\SD\utility\Sd2Card.o
 .comment       0x0000007c       0x7d src\SD\utility\SdFile.o
 .comment       0x0000007c       0x7d src\SD\utility\SdVolume.o
 .comment       0x0000007c       0x7d src\SPI\SPIClass.o
 .comment       0x0000007c       0x7d src\Serial\Serial.o
 .comment       0x0000007c       0x7d src\Wire\Wire.o
 .comment       0x0000007c       0x7d src\Wire\twi\twi.o
 .comment       0x0000007c       0x7d src\include.o
 .comment       0x0000007c       0x7d src\main.o
 .comment       0x0000007c       0x7d src\stm32f1xx_it.o
 .comment       0x0000007c       0x7d src\system_stm32f10x.o

.debug_frame    0x00000000     0x5304
 .debug_frame   0x00000000       0xd8 Libraries\STM32F10x_StdPeriph_Driver\src\misc.o
 .debug_frame   0x000000d8      0x148 Libraries\STM32F10x_StdPeriph_Driver\src\stm32f10x_exti.o
 .debug_frame   0x00000220      0x2d0 Libraries\STM32F10x_StdPeriph_Driver\src\stm32f10x_gpio.o
 .debug_frame   0x000004f0      0x530 Libraries\STM32F10x_StdPeriph_Driver\src\stm32f10x_i2c.o
 .debug_frame   0x00000a20      0x4f4 Libraries\STM32F10x_StdPeriph_Driver\src\stm32f10x_rcc.o
 .debug_frame   0x00000f14      0x3a0 Libraries\STM32F10x_StdPeriph_Driver\src\stm32f10x_spi.o
 .debug_frame   0x000012b4      0x490 Libraries\STM32F10x_StdPeriph_Driver\src\stm32f10x_usart.o
 .debug_frame   0x00001744      0x1ec src\GPIO\GPIO.o
 .debug_frame   0x00001930       0xf8 src\Interrupt\Interrupt.o
 .debug_frame   0x00001a28      0x4c8 src\Liquid_LCD\LiquidCrystal_I2C.o
 .debug_frame   0x00001ef0      0x360 src\Print.o
 .debug_frame   0x00002250      0x478 src\SD\File.o
 .debug_frame   0x000026c8      0x574 src\SD\SD.o
 .debug_frame   0x00002c3c      0x414 src\SD\utility\Sd2Card.o
 .debug_frame   0x00003050      0xa4c src\SD\utility\SdFile.o
 .debug_frame   0x00003a9c      0x1b8 src\SD\utility\SdVolume.o
 .debug_frame   0x00003c54      0x308 src\SPI\SPIClass.o
 .debug_frame   0x00003f5c      0x220 src\Serial\Serial.o
 .debug_frame   0x0000417c      0x39c src\Wire\Wire.o
 .debug_frame   0x00004518      0x1e8 src\Wire\twi\twi.o
 .debug_frame   0x00004700      0x1b8 src\include.o
 .debug_frame   0x000048b8      0x240 src\main.o
 .debug_frame   0x00004af8       0xf0 src\stm32f1xx_it.o
 .debug_frame   0x00004be8       0x98 src\system_stm32f10x.o
 .debug_frame   0x00004c80       0x20 c:/program files (x86)/atollic/truestudio for stm32 9.0.1/armtools/bin/../lib/gcc/arm-atollic-eabi/6.3.1/../../../../arm-atollic-eabi/lib/armv7-m\libstdc++_nano.a(del_op.o)
 .debug_frame   0x00004ca0       0x20 c:/program files (x86)/atollic/truestudio for stm32 9.0.1/armtools/bin/../lib/gcc/arm-atollic-eabi/6.3.1/../../../../arm-atollic-eabi/lib/armv7-m\libstdc++_nano.a(atexit_arm.o)
 .debug_frame   0x00004cc0       0x40 c:/program files (x86)/atollic/truestudio for stm32 9.0.1/armtools/bin/../lib/gcc/arm-atollic-eabi/6.3.1/../../../../arm-atollic-eabi/lib/armv7-m\libstdc++_nano.a(pure.o)
 .debug_frame   0x00004d00       0xb0 c:/program files (x86)/atollic/truestudio for stm32 9.0.1/armtools/bin/../lib/gcc/arm-atollic-eabi/6.3.1/../../../../arm-atollic-eabi/lib/armv7-m\libstdc++_nano.a(eh_terminate.o)
 .debug_frame   0x00004db0       0x28 c:/program files (x86)/atollic/truestudio for stm32 9.0.1/armtools/bin/../lib/gcc/arm-atollic-eabi/6.3.1/../../../../arm-atollic-eabi/lib/armv7-m\libc_nano.a(lib_a-abort.o)
 .debug_frame   0x00004dd8       0x28 c:/program files (x86)/atollic/truestudio for stm32 9.0.1/armtools/bin/../lib/gcc/arm-atollic-eabi/6.3.1/../../../../arm-atollic-eabi/lib/armv7-m\libc_nano.a(lib_a-cxa_atexit.o)
 .debug_frame   0x00004e00       0x2c c:/program files (x86)/atollic/truestudio for stm32 9.0.1/armtools/bin/../lib/gcc/arm-atollic-eabi/6.3.1/../../../../arm-atollic-eabi/lib/armv7-m\libc_nano.a(lib_a-init.o)
 .debug_frame   0x00004e2c       0x30 c:/program files (x86)/atollic/truestudio for stm32 9.0.1/armtools/bin/../lib/gcc/arm-atollic-eabi/6.3.1/../../../../arm-atollic-eabi/lib/armv7-m\libc_nano.a(lib_a-malloc.o)
 .debug_frame   0x00004e5c       0x38 c:/program files (x86)/atollic/truestudio for stm32 9.0.1/armtools/bin/../lib/gcc/arm-atollic-eabi/6.3.1/../../../../arm-atollic-eabi/lib/armv7-m\libc_nano.a(lib_a-nano-freer.o)
 .debug_frame   0x00004e94       0x2c c:/program files (x86)/atollic/truestudio for stm32 9.0.1/armtools/bin/../lib/gcc/arm-atollic-eabi/6.3.1/../../../../arm-atollic-eabi/lib/armv7-m\libc_nano.a(lib_a-nano-mallocr.o)
 .debug_frame   0x00004ec0       0xcc c:/program files (x86)/atollic/truestudio for stm32 9.0.1/armtools/bin/../lib/gcc/arm-atollic-eabi/6.3.1/../../../../arm-atollic-eabi/lib/armv7-m\libc_nano.a(lib_a-signal.o)
 .debug_frame   0x00004f8c       0x3c c:/program files (x86)/atollic/truestudio for stm32 9.0.1/armtools/bin/../lib/gcc/arm-atollic-eabi/6.3.1/../../../../arm-atollic-eabi/lib/armv7-m\libc_nano.a(lib_a-signalr.o)
 .debug_frame   0x00004fc8       0x30 c:/program files (x86)/atollic/truestudio for stm32 9.0.1/armtools/bin/../lib/gcc/arm-atollic-eabi/6.3.1/../../../../arm-atollic-eabi/lib/armv7-m\libc_nano.a(lib_a-mlock.o)
 .debug_frame   0x00004ff8       0x5c c:/program files (x86)/atollic/truestudio for stm32 9.0.1/armtools/bin/../lib/gcc/arm-atollic-eabi/6.3.1/../../../../arm-atollic-eabi/lib/armv7-m\libc_nano.a(lib_a-reent.o)
 .debug_frame   0x00005054       0xac c:/program files (x86)/atollic/truestudio for stm32 9.0.1/armtools/bin/../lib/gcc/arm-atollic-eabi/6.3.1/armv7-m\libgcc.a(_arm_addsubdf3.o)
 .debug_frame   0x00005100       0x50 c:/program files (x86)/atollic/truestudio for stm32 9.0.1/armtools/bin/../lib/gcc/arm-atollic-eabi/6.3.1/armv7-m\libgcc.a(_arm_muldivdf3.o)
 .debug_frame   0x00005150       0xc4 c:/program files (x86)/atollic/truestudio for stm32 9.0.1/armtools/bin/../lib/gcc/arm-atollic-eabi/6.3.1/armv7-m\libgcc.a(_arm_cmpdf2.o)
 .debug_frame   0x00005214       0x20 c:/program files (x86)/atollic/truestudio for stm32 9.0.1/armtools/bin/../lib/gcc/arm-atollic-eabi/6.3.1/armv7-m\libgcc.a(_arm_unorddf2.o)
 .debug_frame   0x00005234       0x24 c:/program files (x86)/atollic/truestudio for stm32 9.0.1/armtools/bin/../lib/gcc/arm-atollic-eabi/6.3.1/armv7-m\libgcc.a(_arm_fixunsdfsi.o)
 .debug_frame   0x00005258       0x4c c:/program files (x86)/atollic/truestudio for stm32 9.0.1/armtools/bin/../lib/gcc/arm-atollic-eabi/6.3.1/armv7-m\libgcc.a(_arm_addsubsf3.o)
 .debug_frame   0x000052a4       0x20 c:/program files (x86)/atollic/truestudio for stm32 9.0.1/armtools/bin/../lib/gcc/arm-atollic-eabi/6.3.1/../../../../arm-atollic-eabi/lib/armv7-m\libnosys.a(getpid.o)
 .debug_frame   0x000052c4       0x20 c:/program files (x86)/atollic/truestudio for stm32 9.0.1/armtools/bin/../lib/gcc/arm-atollic-eabi/6.3.1/../../../../arm-atollic-eabi/lib/armv7-m\libnosys.a(kill.o)
 .debug_frame   0x000052e4       0x20 c:/program files (x86)/atollic/truestudio for stm32 9.0.1/armtools/bin/../lib/gcc/arm-atollic-eabi/6.3.1/../../../../arm-atollic-eabi/lib/armv7-m\libnosys.a(_exit.o)

.stab           0x00000000       0x3c
 .stab          0x00000000       0x24 c:/program files (x86)/atollic/truestudio for stm32 9.0.1/armtools/bin/../lib/gcc/arm-atollic-eabi/6.3.1/../../../../arm-atollic-eabi/lib/armv7-m\libnosys.a(getpid.o)
 .stab          0x00000024       0x18 c:/program files (x86)/atollic/truestudio for stm32 9.0.1/armtools/bin/../lib/gcc/arm-atollic-eabi/6.3.1/../../../../arm-atollic-eabi/lib/armv7-m\libnosys.a(kill.o)
                                 0x24 (size before relaxing)

.stabstr        0x00000000       0xac
 .stabstr       0x00000000       0xac c:/program files (x86)/atollic/truestudio for stm32 9.0.1/armtools/bin/../lib/gcc/arm-atollic-eabi/6.3.1/../../../../arm-atollic-eabi/lib/armv7-m\libnosys.a(getpid.o)

Cross Reference Table

Symbol                                            File
ADC1_2_IRQHandler                                 src\startup_stm32f10x_md.o
ADC_AnalogWatchdogCmd                             Libraries\STM32F10x_StdPeriph_Driver\src\stm32f10x_adc.o
ADC_AnalogWatchdogSingleChannelConfig             Libraries\STM32F10x_StdPeriph_Driver\src\stm32f10x_adc.o
ADC_AnalogWatchdogThresholdsConfig                Libraries\STM32F10x_StdPeriph_Driver\src\stm32f10x_adc.o
ADC_AutoInjectedConvCmd                           Libraries\STM32F10x_StdPeriph_Driver\src\stm32f10x_adc.o
ADC_ClearFlag                                     Libraries\STM32F10x_StdPeriph_Driver\src\stm32f10x_adc.o
ADC_ClearITPendingBit                             Libraries\STM32F10x_StdPeriph_Driver\src\stm32f10x_adc.o
ADC_Cmd                                           Libraries\STM32F10x_StdPeriph_Driver\src\stm32f10x_adc.o
                                                  src\GPIO\GPIO.o
ADC_DMACmd                                        Libraries\STM32F10x_StdPeriph_Driver\src\stm32f10x_adc.o
                                                  src\GPIO\GPIO.o
ADC_DMA_Init                                      src\GPIO\GPIO.o
ADC_DeInit                                        Libraries\STM32F10x_StdPeriph_Driver\src\stm32f10x_adc.o
                                                  src\GPIO\GPIO.o
ADC_DiscModeChannelCountConfig                    Libraries\STM32F10x_StdPeriph_Driver\src\stm32f10x_adc.o
ADC_DiscModeCmd                                   Libraries\STM32F10x_StdPeriph_Driver\src\stm32f10x_adc.o
ADC_ExternalTrigConvCmd                           Libraries\STM32F10x_StdPeriph_Driver\src\stm32f10x_adc.o
ADC_ExternalTrigInjectedConvCmd                   Libraries\STM32F10x_StdPeriph_Driver\src\stm32f10x_adc.o
ADC_ExternalTrigInjectedConvConfig                Libraries\STM32F10x_StdPeriph_Driver\src\stm32f10x_adc.o
ADC_GetCalibrationStatus                          Libraries\STM32F10x_StdPeriph_Driver\src\stm32f10x_adc.o
                                                  src\GPIO\GPIO.o
ADC_GetConversionValue                            Libraries\STM32F10x_StdPeriph_Driver\src\stm32f10x_adc.o
ADC_GetDualModeConversionValue                    Libraries\STM32F10x_StdPeriph_Driver\src\stm32f10x_adc.o
ADC_GetFlagStatus                                 Libraries\STM32F10x_StdPeriph_Driver\src\stm32f10x_adc.o
ADC_GetITStatus                                   Libraries\STM32F10x_StdPeriph_Driver\src\stm32f10x_adc.o
ADC_GetInjectedConversionValue                    Libraries\STM32F10x_StdPeriph_Driver\src\stm32f10x_adc.o
ADC_GetResetCalibrationStatus                     Libraries\STM32F10x_StdPeriph_Driver\src\stm32f10x_adc.o
                                                  src\GPIO\GPIO.o
ADC_GetSoftwareStartConvStatus                    Libraries\STM32F10x_StdPeriph_Driver\src\stm32f10x_adc.o
ADC_GetSoftwareStartInjectedConvCmdStatus         Libraries\STM32F10x_StdPeriph_Driver\src\stm32f10x_adc.o
ADC_ITConfig                                      Libraries\STM32F10x_StdPeriph_Driver\src\stm32f10x_adc.o
ADC_Init                                          Libraries\STM32F10x_StdPeriph_Driver\src\stm32f10x_adc.o
                                                  src\GPIO\GPIO.o
ADC_InjectedChannelConfig                         Libraries\STM32F10x_StdPeriph_Driver\src\stm32f10x_adc.o
ADC_InjectedDiscModeCmd                           Libraries\STM32F10x_StdPeriph_Driver\src\stm32f10x_adc.o
ADC_InjectedSequencerLengthConfig                 Libraries\STM32F10x_StdPeriph_Driver\src\stm32f10x_adc.o
ADC_RegularChannelConfig                          Libraries\STM32F10x_StdPeriph_Driver\src\stm32f10x_adc.o
                                                  src\GPIO\GPIO.o
ADC_ResetCalibration                              Libraries\STM32F10x_StdPeriph_Driver\src\stm32f10x_adc.o
                                                  src\GPIO\GPIO.o
ADC_SetInjectedOffset                             Libraries\STM32F10x_StdPeriph_Driver\src\stm32f10x_adc.o
ADC_SoftwareStartConvCmd                          Libraries\STM32F10x_StdPeriph_Driver\src\stm32f10x_adc.o
                                                  src\GPIO\GPIO.o
ADC_SoftwareStartInjectedConvCmd                  Libraries\STM32F10x_StdPeriph_Driver\src\stm32f10x_adc.o
ADC_StartCalibration                              Libraries\STM32F10x_StdPeriph_Driver\src\stm32f10x_adc.o
                                                  src\GPIO\GPIO.o
ADC_StructInit                                    Libraries\STM32F10x_StdPeriph_Driver\src\stm32f10x_adc.o
ADC_TempSensorVrefintCmd                          Libraries\STM32F10x_StdPeriph_Driver\src\stm32f10x_adc.o
                                                  src\GPIO\GPIO.o
AHBPrescTable                                     src\system_stm32f10x.o
AccelStepper::AccelStepper(unsigned char, unsigned char, unsigned char, unsigned char, unsigned char, bool) src\AccelStepper\AccelStepper.o