FatStructs.h:407:23:uint8_t DIR_IS_FILE(const dir_t*)	16	static
FatStructs.h:411:23:uint8_t DIR_IS_SUBDIR(const dir_t*)	16	static
FatStructs.h:415:23:uint8_t DIR_IS_FILE_OR_SUBDIR(const dir_t*)	16	static
Print.h:45:10:void Print::setWriteError(int)	16	static
Print.h:47:5:Print::Print()	16	static
Print.h:64:17:virtual int Print::availableForWrite()	16	static
Print.h:85:18:virtual void Print::flush()	16	static
SdFat.h:97:24:uint16_t FAT_DATE(uint16_t, uint8_t, uint8_t)	16	static
SdFat.h:101:24:uint16_t FAT_YEAR(uint16_t)	16	static
SdFat.h:105:23:uint8_t FAT_MONTH(uint16_t)	16	static
SdFat.h:109:23:uint8_t FAT_DAY(uint16_t)	16	static
SdFat.h:113:24:uint16_t FAT_TIME(uint8_t, uint8_t, uint8_t)	16	static
SdFat.h:117:23:uint8_t FAT_HOUR(uint16_t)	16	static
SdFat.h:121:23:uint8_t FAT_MINUTE(uint16_t)	16	static
SdFat.h:125:23:uint8_t FAT_SECOND(uint16_t)	16	static
SdFat.h:140:3:SdFile::SdFile()	16	static
SdFat.h:161:12:uint32_t SdFile::curPosition() const	16	static
SdFat.h:212:11:uint8_t SdFile::isDir() const	16	static
SdFat.h:214:11:uint8_t SdFile::isFile() const	16	static
SdFat.h:216:11:uint8_t SdFile::isOpen() const	16	static
SdFat.h:218:11:uint8_t SdFile::isSubDir() const	16	static
SdFat.h:220:11:uint8_t SdFile::isRoot() const	16	static
SdFat.h:239:11:int16_t SdFile::read()	24	static
SdFat.h:248:8:void SdFile::rewind()	16	static
SdFat.h:261:11:uint8_t SdFile::seekEnd()	16	static
SdFat.h:283:11:uint8_t SdFile::unbufferedRead() const	16	static
SdFat.h:473:11:uint8_t SdVolume::fatType() const	16	static
SdFat.h:475:12:uint32_t SdVolume::rootDirEntryCount() const	16	static
SdFat.h:478:12:uint32_t SdVolume::rootDirStart() const	16	static
SdFat.h:521:11:uint8_t SdVolume::blockOfCluster(uint32_t) const	16	static
SdFat.h:523:12:uint32_t SdVolume::clusterStartBlock(uint32_t) const	16	static
SdFat.h:529:15:static void SdVolume::cacheSetDirty()	4	static
SdFat.h:534:11:uint8_t SdVolume::fatPutEOC(uint32_t)	16	static
SdFat.h:538:11:uint8_t SdVolume::isEOC(uint32_t) const	16	static
SdFat.h:543:11:uint8_t SdVolume::readData(uint32_t, uint16_t, uint16_t, uint8_t*)	32	static
SdFat.h:547:11:uint8_t SdVolume::writeBlock(uint32_t, const uint8_t*)	24	static
SdFile.cpp:36:9:uint8_t SdFile::addCluster()	16	static
SdFile.cpp:49:9:uint8_t SdFile::addDirCluster()	24	static
SdFile.cpp:64:8:dir_t* SdFile::cacheDirEntry(uint8_t)	16	static
SdFile.cpp:77:9:uint8_t SdFile::close()	16	static
SdFile.cpp:94:9:uint8_t SdFile::contiguousRange(uint32_t*, uint32_t*)	32	static
SdFile.cpp:132:9:uint8_t SdFile::createContiguous(SdFile*, const char*, uint32_t)	32	static
SdFile.cpp:161:9:uint8_t SdFile::dirEntry(dir_t*)	24	static
SdFile.cpp:181:6:static void SdFile::dirName(const dir_t&, char*)	24	static
SdFile.cpp:204:6:void SdFile::ls(uint8_t, uint8_t)	72	static
SdFile.cpp:248:9:static uint8_t SdFile::make83Name(const char*, uint8_t*)	48	static
SdFile.cpp:293:9:uint8_t SdFile::makeDir(SdFile*, const char*)	80	static
SdFile.cpp:393:9:uint8_t SdFile::open(SdFile*, const char*, uint8_t)	48	static
SdFile.cpp:485:9:uint8_t SdFile::open(SdFile*, uint16_t, uint8_t)	32	static
SdFile.cpp:511:9:uint8_t SdFile::openCachedEntry(uint8_t, uint8_t)	24	static
SdFile.cpp:559:9:uint8_t SdFile::openRoot(SdVolume*)	16	static
SdFile.cpp:594:6:static void SdFile::printDirName(const dir_t&, uint8_t)	24	static
SdFile.cpp:621:6:static void SdFile::printFatDate(uint16_t)	16	static
SdFile.cpp:635:6:static void SdFile::printFatTime(uint16_t)	16	static
SdFile.cpp:647:6:static void SdFile::printTwoDigits(uint8_t)	24	static
SdFile.cpp:669:9:int16_t SdFile::read(void*, uint16_t)	64	static
SdFile.cpp:733:8:int8_t SdFile::readDir(dir_t*)	24	static
SdFile.cpp:752:8:dir_t* SdFile::readDirCache()	24	static
SdFile.cpp:783:9:uint8_t SdFile::remove()	24	static
SdFile.cpp:819:9:static uint8_t SdFile::remove(SdFile*, const char*)	56	static
SdFile.cpp:840:9:uint8_t SdFile::rmDir()	24	static
SdFile.cpp:878:9:uint8_t SdFile::rmRfStar()	64	static
SdFile.cpp:925:9:uint8_t SdFile::seekSet(uint32_t)	24	static
SdFile.cpp:966:9:uint8_t SdFile::sync()	24	static
SdFile.cpp:1026:9:uint8_t SdFile::timestamp(uint8_t, uint16_t, uint8_t, uint8_t, uint8_t, uint8_t, uint8_t)	24	static
SdFile.cpp:1074:9:uint8_t SdFile::truncate(uint32_t)	24	static
SdFile.cpp:1133:8:size_t SdFile::write(const void*, uint16_t)	56	static
SdFile.cpp:1232:8:virtual size_t SdFile::write(uint8_t)	16	static
SdFile.cpp:1241:8:size_t SdFile::write(const char*)	16	static
